###############################################################################
#
# IAR ELF Linker V7.10.1.6676/W32 for ARM                 13/Apr/2020  10:57:10
# Copyright 2007-2014 IAR Systems AB.
#
#    Output file  =  
#        D:\MKS-Robin-Nano-Firmware-v2.x.x\MKS-Robin-Nano-Firmware\EWARM\mksRobinNano\Exe\mksRobinNano.out
#    Map file     =  
#        D:\MKS-Robin-Nano-Firmware-v2.x.x\MKS-Robin-Nano-Firmware\EWARM\mksRobinNano/List\mksRobinNano.map
#    Command line =  
#        D:\MKS-Robin-Nano-Firmware-v2.x.x\MKS-Robin-Nano-Firmware\EWARM\mksRobinNano\Obj\adc.o
#        D:\MKS-Robin-Nano-Firmware-v2.x.x\MKS-Robin-Nano-Firmware\EWARM\mksRobinNano\Obj\at24cxx.o
#        D:\MKS-Robin-Nano-Firmware-v2.x.x\MKS-Robin-Nano-Firmware\EWARM\mksRobinNano\Obj\bitstream.o
#        D:\MKS-Robin-Nano-Firmware-v2.x.x\MKS-Robin-Nano-Firmware\EWARM\mksRobinNano\Obj\blinkm.o
#        D:\MKS-Robin-Nano-Firmware-v2.x.x\MKS-Robin-Nano-Firmware\EWARM\mksRobinNano\Obj\bsp_driver_sd.o
#        D:\MKS-Robin-Nano-Firmware-v2.x.x\MKS-Robin-Nano-Firmware\EWARM\mksRobinNano\Obj\cardreader.o
#        D:\MKS-Robin-Nano-Firmware-v2.x.x\MKS-Robin-Nano-Firmware\EWARM\mksRobinNano\Obj\configuration_store.o
#        D:\MKS-Robin-Nano-Firmware-v2.x.x\MKS-Robin-Nano-Firmware\EWARM\mksRobinNano\Obj\dac_mcp4728.o
#        D:\MKS-Robin-Nano-Firmware-v2.x.x\MKS-Robin-Nano-Firmware\EWARM\mksRobinNano\Obj\digipot_mcp4451.o
#        D:\MKS-Robin-Nano-Firmware-v2.x.x\MKS-Robin-Nano-Firmware\EWARM\mksRobinNano\Obj\diskio.o
#        D:\MKS-Robin-Nano-Firmware-v2.x.x\MKS-Robin-Nano-Firmware\EWARM\mksRobinNano\Obj\dma.o
#        D:\MKS-Robin-Nano-Firmware-v2.x.x\MKS-Robin-Nano-Firmware\EWARM\mksRobinNano\Obj\draw_about.o
#        D:\MKS-Robin-Nano-Firmware-v2.x.x\MKS-Robin-Nano-Firmware\EWARM\mksRobinNano\Obj\draw_acceleration.o
#        D:\MKS-Robin-Nano-Firmware-v2.x.x\MKS-Robin-Nano-Firmware\EWARM\mksRobinNano\Obj\draw_advanced.o
#        D:\MKS-Robin-Nano-Firmware-v2.x.x\MKS-Robin-Nano-Firmware\EWARM\mksRobinNano\Obj\draw_babyStep.o
#        D:\MKS-Robin-Nano-Firmware-v2.x.x\MKS-Robin-Nano-Firmware\EWARM\mksRobinNano\Obj\draw_bind.o
#        D:\MKS-Robin-Nano-Firmware-v2.x.x\MKS-Robin-Nano-Firmware\EWARM\mksRobinNano\Obj\draw_change_speed.o
#        D:\MKS-Robin-Nano-Firmware-v2.x.x\MKS-Robin-Nano-Firmware\EWARM\mksRobinNano\Obj\draw_deltaLevelPare.o
#        D:\MKS-Robin-Nano-Firmware-v2.x.x\MKS-Robin-Nano-Firmware\EWARM\mksRobinNano\Obj\draw_dialog.o
#        D:\MKS-Robin-Nano-Firmware-v2.x.x\MKS-Robin-Nano-Firmware\EWARM\mksRobinNano\Obj\draw_doubleZ.o
#        D:\MKS-Robin-Nano-Firmware-v2.x.x\MKS-Robin-Nano-Firmware\EWARM\mksRobinNano\Obj\draw_EnablePin_Invert.o
#        D:\MKS-Robin-Nano-Firmware-v2.x.x\MKS-Robin-Nano-Firmware\EWARM\mksRobinNano\Obj\draw_endstop_type.o
#        D:\MKS-Robin-Nano-Firmware-v2.x.x\MKS-Robin-Nano-Firmware\EWARM\mksRobinNano\Obj\draw_extrusion.o
#        D:\MKS-Robin-Nano-Firmware-v2.x.x\MKS-Robin-Nano-Firmware\EWARM\mksRobinNano\Obj\draw_fan.o
#        D:\MKS-Robin-Nano-Firmware-v2.x.x\MKS-Robin-Nano-Firmware\EWARM\mksRobinNano\Obj\draw_filament_settings.o
#        D:\MKS-Robin-Nano-Firmware-v2.x.x\MKS-Robin-Nano-Firmware\EWARM\mksRobinNano\Obj\draw_filamentchange.o
#        D:\MKS-Robin-Nano-Firmware-v2.x.x\MKS-Robin-Nano-Firmware\EWARM\mksRobinNano\Obj\draw_FileTransfer_ui.o
#        D:\MKS-Robin-Nano-Firmware-v2.x.x\MKS-Robin-Nano-Firmware\EWARM\mksRobinNano\Obj\draw_home_dir.o
#        D:\MKS-Robin-Nano-Firmware-v2.x.x\MKS-Robin-Nano-Firmware\EWARM\mksRobinNano\Obj\draw_home_speed.o
#        D:\MKS-Robin-Nano-Firmware-v2.x.x\MKS-Robin-Nano-Firmware\EWARM\mksRobinNano\Obj\draw_hotbed_config.o
#        D:\MKS-Robin-Nano-Firmware-v2.x.x\MKS-Robin-Nano-Firmware\EWARM\mksRobinNano\Obj\draw_jerk.o
#        D:\MKS-Robin-Nano-Firmware-v2.x.x\MKS-Robin-Nano-Firmware\EWARM\mksRobinNano\Obj\draw_keyboard.o
#        D:\MKS-Robin-Nano-Firmware-v2.x.x\MKS-Robin-Nano-Firmware\EWARM\mksRobinNano\Obj\draw_language.o
#        D:\MKS-Robin-Nano-Firmware-v2.x.x\MKS-Robin-Nano-Firmware\EWARM\mksRobinNano\Obj\draw_leveling_settings.o
#        D:\MKS-Robin-Nano-Firmware-v2.x.x\MKS-Robin-Nano-Firmware\EWARM\mksRobinNano\Obj\draw_levelingPara_config.o
#        D:\MKS-Robin-Nano-Firmware-v2.x.x\MKS-Robin-Nano-Firmware\EWARM\mksRobinNano\Obj\draw_machine_para.o
#        D:\MKS-Robin-Nano-Firmware-v2.x.x\MKS-Robin-Nano-Firmware\EWARM\mksRobinNano\Obj\draw_machine_settings.o
#        D:\MKS-Robin-Nano-Firmware-v2.x.x\MKS-Robin-Nano-Firmware\EWARM\mksRobinNano\Obj\draw_machine_type.o
#        D:\MKS-Robin-Nano-Firmware-v2.x.x\MKS-Robin-Nano-Firmware\EWARM\mksRobinNano\Obj\draw_manual_leveling.o
#        D:\MKS-Robin-Nano-Firmware-v2.x.x\MKS-Robin-Nano-Firmware\EWARM\mksRobinNano\Obj\draw_MaxFeedRate.o
#        D:\MKS-Robin-Nano-Firmware-v2.x.x\MKS-Robin-Nano-Firmware\EWARM\mksRobinNano\Obj\draw_mesh_leveling.o
#        D:\MKS-Robin-Nano-Firmware-v2.x.x\MKS-Robin-Nano-Firmware\EWARM\mksRobinNano\Obj\draw_more.o
#        D:\MKS-Robin-Nano-Firmware-v2.x.x\MKS-Robin-Nano-Firmware\EWARM\mksRobinNano\Obj\draw_motor_dir.o
#        D:\MKS-Robin-Nano-Firmware-v2.x.x\MKS-Robin-Nano-Firmware\EWARM\mksRobinNano\Obj\draw_motor_settings.o
#        D:\MKS-Robin-Nano-Firmware-v2.x.x\MKS-Robin-Nano-Firmware\EWARM\mksRobinNano\Obj\draw_move_motor.o
#        D:\MKS-Robin-Nano-Firmware-v2.x.x\MKS-Robin-Nano-Firmware\EWARM\mksRobinNano\Obj\draw_nozzle_config.o
#        D:\MKS-Robin-Nano-Firmware-v2.x.x\MKS-Robin-Nano-Firmware\EWARM\mksRobinNano\Obj\draw_number_key.o
#        D:\MKS-Robin-Nano-Firmware-v2.x.x\MKS-Robin-Nano-Firmware\EWARM\mksRobinNano\Obj\draw_operate.o
#        D:\MKS-Robin-Nano-Firmware-v2.x.x\MKS-Robin-Nano-Firmware\EWARM\mksRobinNano\Obj\draw_pause_ui.o
#        D:\MKS-Robin-Nano-Firmware-v2.x.x\MKS-Robin-Nano-Firmware\EWARM\mksRobinNano\Obj\draw_pre_heat.o
#        D:\MKS-Robin-Nano-Firmware-v2.x.x\MKS-Robin-Nano-Firmware\EWARM\mksRobinNano\Obj\draw_print_file.o
#        D:\MKS-Robin-Nano-Firmware-v2.x.x\MKS-Robin-Nano-Firmware\EWARM\mksRobinNano\Obj\draw_printing.o
#        D:\MKS-Robin-Nano-Firmware-v2.x.x\MKS-Robin-Nano-Firmware\EWARM\mksRobinNano\Obj\draw_printing_moremenu.o
#        D:\MKS-Robin-Nano-Firmware-v2.x.x\MKS-Robin-Nano-Firmware\EWARM\mksRobinNano\Obj\draw_ready_print.o
#        D:\MKS-Robin-Nano-Firmware-v2.x.x\MKS-Robin-Nano-Firmware\EWARM\mksRobinNano\Obj\draw_set.o
#        D:\MKS-Robin-Nano-Firmware-v2.x.x\MKS-Robin-Nano-Firmware\EWARM\mksRobinNano\Obj\draw_steps.o
#        D:\MKS-Robin-Nano-Firmware-v2.x.x\MKS-Robin-Nano-Firmware\EWARM\mksRobinNano\Obj\draw_stroke.o
#        D:\MKS-Robin-Nano-Firmware-v2.x.x\MKS-Robin-Nano-Firmware\EWARM\mksRobinNano\Obj\draw_temperature_settings.o
#        D:\MKS-Robin-Nano-Firmware-v2.x.x\MKS-Robin-Nano-Firmware\EWARM\mksRobinNano\Obj\draw_Tips.o
#        D:\MKS-Robin-Nano-Firmware-v2.x.x\MKS-Robin-Nano-Firmware\EWARM\mksRobinNano\Obj\draw_tool.o
#        D:\MKS-Robin-Nano-Firmware-v2.x.x\MKS-Robin-Nano-Firmware\EWARM\mksRobinNano\Obj\draw_ui.o
#        D:\MKS-Robin-Nano-Firmware-v2.x.x\MKS-Robin-Nano-Firmware\EWARM\mksRobinNano\Obj\draw_wifi.o
#        D:\MKS-Robin-Nano-Firmware-v2.x.x\MKS-Robin-Nano-Firmware\EWARM\mksRobinNano\Obj\draw_wifi_list.o
#        D:\MKS-Robin-Nano-Firmware-v2.x.x\MKS-Robin-Nano-Firmware\EWARM\mksRobinNano\Obj\draw_XYZLevelPara.o
#        D:\MKS-Robin-Nano-Firmware-v2.x.x\MKS-Robin-Nano-Firmware\EWARM\mksRobinNano\Obj\draw_zero.o
#        D:\MKS-Robin-Nano-Firmware-v2.x.x\MKS-Robin-Nano-Firmware\EWARM\mksRobinNano\Obj\endstops.o
#        D:\MKS-Robin-Nano-Firmware-v2.x.x\MKS-Robin-Nano-Firmware\EWARM\mksRobinNano\Obj\fatfs.o
#        D:\MKS-Robin-Nano-Firmware-v2.x.x\MKS-Robin-Nano-Firmware\EWARM\mksRobinNano\Obj\ff.o
#        D:\MKS-Robin-Nano-Firmware-v2.x.x\MKS-Robin-Nano-Firmware\EWARM\mksRobinNano\Obj\fontHz14.o
#        D:\MKS-Robin-Nano-Firmware-v2.x.x\MKS-Robin-Nano-Firmware\EWARM\mksRobinNano\Obj\fsmc.o
#        D:\MKS-Robin-Nano-Firmware-v2.x.x\MKS-Robin-Nano-Firmware\EWARM\mksRobinNano\Obj\G26_Mesh_Validation_Tool.o
#        D:\MKS-Robin-Nano-Firmware-v2.x.x\MKS-Robin-Nano-Firmware\EWARM\mksRobinNano\Obj\gcode.o
#        D:\MKS-Robin-Nano-Firmware-v2.x.x\MKS-Robin-Nano-Firmware\EWARM\mksRobinNano\Obj\gpio.o
#        D:\MKS-Robin-Nano-Firmware-v2.x.x\MKS-Robin-Nano-Firmware\EWARM\mksRobinNano\Obj\Helvetica26.o
#        D:\MKS-Robin-Nano-Firmware-v2.x.x\MKS-Robin-Nano-Firmware\EWARM\mksRobinNano\Obj\Helvetica36.o
#        D:\MKS-Robin-Nano-Firmware-v2.x.x\MKS-Robin-Nano-Firmware\EWARM\mksRobinNano\Obj\hex_print_routines.o
#        D:\MKS-Robin-Nano-Firmware-v2.x.x\MKS-Robin-Nano-Firmware\EWARM\mksRobinNano\Obj\i2c.o
#        D:\MKS-Robin-Nano-Firmware-v2.x.x\MKS-Robin-Nano-Firmware\EWARM\mksRobinNano\Obj\id_manage.o
#        D:\MKS-Robin-Nano-Firmware-v2.x.x\MKS-Robin-Nano-Firmware\EWARM\mksRobinNano\Obj\ili9320.o
#        D:\MKS-Robin-Nano-Firmware-v2.x.x\MKS-Robin-Nano-Firmware\EWARM\mksRobinNano\Obj\least_squares_fit.o
#        D:\MKS-Robin-Nano-Firmware-v2.x.x\MKS-Robin-Nano-Firmware\EWARM\mksRobinNano\Obj\M100_Free_Mem_Chk.o
#        D:\MKS-Robin-Nano-Firmware-v2.x.x\MKS-Robin-Nano-Firmware\EWARM\mksRobinNano\Obj\main.o
#        D:\MKS-Robin-Nano-Firmware-v2.x.x\MKS-Robin-Nano-Firmware\EWARM\mksRobinNano\Obj\Marlin_main.o
#        D:\MKS-Robin-Nano-Firmware-v2.x.x\MKS-Robin-Nano-Firmware\EWARM\mksRobinNano\Obj\MarlinSerial.o
#        D:\MKS-Robin-Nano-Firmware-v2.x.x\MKS-Robin-Nano-Firmware\EWARM\mksRobinNano\Obj\mask.o
#        D:\MKS-Robin-Nano-Firmware-v2.x.x\MKS-Robin-Nano-Firmware\EWARM\mksRobinNano\Obj\mesh_bed_leveling.o
#        D:\MKS-Robin-Nano-Firmware-v2.x.x\MKS-Robin-Nano-Firmware\EWARM\mksRobinNano\Obj\misc.o
#        D:\MKS-Robin-Nano-Firmware-v2.x.x\MKS-Robin-Nano-Firmware\EWARM\mksRobinNano\Obj\mks_cfg.o
#        D:\MKS-Robin-Nano-Firmware-v2.x.x\MKS-Robin-Nano-Firmware\EWARM\mksRobinNano\Obj\mks_fontHz14.o
#        D:\MKS-Robin-Nano-Firmware-v2.x.x\MKS-Robin-Nano-Firmware\EWARM\mksRobinNano\Obj\mks_test.o
#        D:\MKS-Robin-Nano-Firmware-v2.x.x\MKS-Robin-Nano-Firmware\EWARM\mksRobinNano\Obj\mks_touch_screen.o
#        D:\MKS-Robin-Nano-Firmware-v2.x.x\MKS-Robin-Nano-Firmware\EWARM\mksRobinNano\Obj\mks_variant.o
#        D:\MKS-Robin-Nano-Firmware-v2.x.x\MKS-Robin-Nano-Firmware\EWARM\mksRobinNano\Obj\mmask.o
#        D:\MKS-Robin-Nano-Firmware-v2.x.x\MKS-Robin-Nano-Firmware\EWARM\mksRobinNano\Obj\mqrspec.o
#        D:\MKS-Robin-Nano-Firmware-v2.x.x\MKS-Robin-Nano-Firmware\EWARM\mksRobinNano\Obj\multi_language.o
#        D:\MKS-Robin-Nano-Firmware-v2.x.x\MKS-Robin-Nano-Firmware\EWARM\mksRobinNano\Obj\mycc936.o
#        D:\MKS-Robin-Nano-Firmware-v2.x.x\MKS-Robin-Nano-Firmware\EWARM\mksRobinNano\Obj\pic.o
#        D:\MKS-Robin-Nano-Firmware-v2.x.x\MKS-Robin-Nano-Firmware\EWARM\mksRobinNano\Obj\pic_manager.o
#        D:\MKS-Robin-Nano-Firmware-v2.x.x\MKS-Robin-Nano-Firmware\EWARM\mksRobinNano\Obj\planner.o
#        D:\MKS-Robin-Nano-Firmware-v2.x.x\MKS-Robin-Nano-Firmware\EWARM\mksRobinNano\Obj\planner_bezier.o
#        D:\MKS-Robin-Nano-Firmware-v2.x.x\MKS-Robin-Nano-Firmware\EWARM\mksRobinNano\Obj\Print.o
#        D:\MKS-Robin-Nano-Firmware-v2.x.x\MKS-Robin-Nano-Firmware\EWARM\mksRobinNano\Obj\printcounter.o
#        D:\MKS-Robin-Nano-Firmware-v2.x.x\MKS-Robin-Nano-Firmware\EWARM\mksRobinNano\Obj\QR_Encode.o
#        D:\MKS-Robin-Nano-Firmware-v2.x.x\MKS-Robin-Nano-Firmware\EWARM\mksRobinNano\Obj\qrencode.o
#        D:\MKS-Robin-Nano-Firmware-v2.x.x\MKS-Robin-Nano-Firmware\EWARM\mksRobinNano\Obj\qrinput.o
#        D:\MKS-Robin-Nano-Firmware-v2.x.x\MKS-Robin-Nano-Firmware\EWARM\mksRobinNano\Obj\qrspec.o
#        D:\MKS-Robin-Nano-Firmware-v2.x.x\MKS-Robin-Nano-Firmware\EWARM\mksRobinNano\Obj\RingBuffer.o
#        D:\MKS-Robin-Nano-Firmware-v2.x.x\MKS-Robin-Nano-Firmware\EWARM\mksRobinNano\Obj\rscode.o
#        D:\MKS-Robin-Nano-Firmware-v2.x.x\MKS-Robin-Nano-Firmware\EWARM\mksRobinNano\Obj\rtc.o
#        D:\MKS-Robin-Nano-Firmware-v2.x.x\MKS-Robin-Nano-Firmware\EWARM\mksRobinNano\Obj\sdio_sdcard.o
#        D:\MKS-Robin-Nano-Firmware-v2.x.x\MKS-Robin-Nano-Firmware\EWARM\mksRobinNano\Obj\serial.o
#        D:\MKS-Robin-Nano-Firmware-v2.x.x\MKS-Robin-Nano-Firmware\EWARM\mksRobinNano\Obj\servo.o
#        D:\MKS-Robin-Nano-Firmware-v2.x.x\MKS-Robin-Nano-Firmware\EWARM\mksRobinNano\Obj\spi.o
#        D:\MKS-Robin-Nano-Firmware-v2.x.x\MKS-Robin-Nano-Firmware\EWARM\mksRobinNano\Obj\spi_flash.o
#        D:\MKS-Robin-Nano-Firmware-v2.x.x\MKS-Robin-Nano-Firmware\EWARM\mksRobinNano\Obj\split.o
#        D:\MKS-Robin-Nano-Firmware-v2.x.x\MKS-Robin-Nano-Firmware\EWARM\mksRobinNano\Obj\startup_stm32f103xe.o
#        D:\MKS-Robin-Nano-Firmware-v2.x.x\MKS-Robin-Nano-Firmware\EWARM\mksRobinNano\Obj\stepper.o
#        D:\MKS-Robin-Nano-Firmware-v2.x.x\MKS-Robin-Nano-Firmware\EWARM\mksRobinNano\Obj\stepper_dac.o
#        D:\MKS-Robin-Nano-Firmware-v2.x.x\MKS-Robin-Nano-Firmware\EWARM\mksRobinNano\Obj\stepper_indirection.o
#        D:\MKS-Robin-Nano-Firmware-v2.x.x\MKS-Robin-Nano-Firmware\EWARM\mksRobinNano\Obj\stm32f10x_fsmc.o
#        D:\MKS-Robin-Nano-Firmware-v2.x.x\MKS-Robin-Nano-Firmware\EWARM\mksRobinNano\Obj\stm32f10x_gpio.o
#        D:\MKS-Robin-Nano-Firmware-v2.x.x\MKS-Robin-Nano-Firmware\EWARM\mksRobinNano\Obj\stm32f10x_spi.o
#        D:\MKS-Robin-Nano-Firmware-v2.x.x\MKS-Robin-Nano-Firmware\EWARM\mksRobinNano\Obj\stm32f10x_usart.o
#        D:\MKS-Robin-Nano-Firmware-v2.x.x\MKS-Robin-Nano-Firmware\EWARM\mksRobinNano\Obj\stm32f1xx_hal.o
#        D:\MKS-Robin-Nano-Firmware-v2.x.x\MKS-Robin-Nano-Firmware\EWARM\mksRobinNano\Obj\stm32f1xx_hal_adc.o
#        D:\MKS-Robin-Nano-Firmware-v2.x.x\MKS-Robin-Nano-Firmware\EWARM\mksRobinNano\Obj\stm32f1xx_hal_adc_ex.o
#        D:\MKS-Robin-Nano-Firmware-v2.x.x\MKS-Robin-Nano-Firmware\EWARM\mksRobinNano\Obj\stm32f1xx_hal_cortex.o
#        D:\MKS-Robin-Nano-Firmware-v2.x.x\MKS-Robin-Nano-Firmware\EWARM\mksRobinNano\Obj\stm32f1xx_hal_dma.o
#        D:\MKS-Robin-Nano-Firmware-v2.x.x\MKS-Robin-Nano-Firmware\EWARM\mksRobinNano\Obj\stm32f1xx_hal_flash.o
#        D:\MKS-Robin-Nano-Firmware-v2.x.x\MKS-Robin-Nano-Firmware\EWARM\mksRobinNano\Obj\stm32f1xx_hal_flash_ex.o
#        D:\MKS-Robin-Nano-Firmware-v2.x.x\MKS-Robin-Nano-Firmware\EWARM\mksRobinNano\Obj\stm32f1xx_hal_gpio.o
#        D:\MKS-Robin-Nano-Firmware-v2.x.x\MKS-Robin-Nano-Firmware\EWARM\mksRobinNano\Obj\stm32f1xx_hal_i2c.o
#        D:\MKS-Robin-Nano-Firmware-v2.x.x\MKS-Robin-Nano-Firmware\EWARM\mksRobinNano\Obj\stm32f1xx_hal_msp.o
#        D:\MKS-Robin-Nano-Firmware-v2.x.x\MKS-Robin-Nano-Firmware\EWARM\mksRobinNano\Obj\stm32f1xx_hal_pwr.o
#        D:\MKS-Robin-Nano-Firmware-v2.x.x\MKS-Robin-Nano-Firmware\EWARM\mksRobinNano\Obj\stm32f1xx_hal_rcc.o
#        D:\MKS-Robin-Nano-Firmware-v2.x.x\MKS-Robin-Nano-Firmware\EWARM\mksRobinNano\Obj\stm32f1xx_hal_rcc_ex.o
#        D:\MKS-Robin-Nano-Firmware-v2.x.x\MKS-Robin-Nano-Firmware\EWARM\mksRobinNano\Obj\stm32f1xx_hal_rtc.o
#        D:\MKS-Robin-Nano-Firmware-v2.x.x\MKS-Robin-Nano-Firmware\EWARM\mksRobinNano\Obj\stm32f1xx_hal_rtc_ex.o
#        D:\MKS-Robin-Nano-Firmware-v2.x.x\MKS-Robin-Nano-Firmware\EWARM\mksRobinNano\Obj\stm32f1xx_hal_sd.o
#        D:\MKS-Robin-Nano-Firmware-v2.x.x\MKS-Robin-Nano-Firmware\EWARM\mksRobinNano\Obj\stm32f1xx_hal_spi.o
#        D:\MKS-Robin-Nano-Firmware-v2.x.x\MKS-Robin-Nano-Firmware\EWARM\mksRobinNano\Obj\stm32f1xx_hal_spi_ex.o
#        D:\MKS-Robin-Nano-Firmware-v2.x.x\MKS-Robin-Nano-Firmware\EWARM\mksRobinNano\Obj\stm32f1xx_hal_sram.o
#        D:\MKS-Robin-Nano-Firmware-v2.x.x\MKS-Robin-Nano-Firmware\EWARM\mksRobinNano\Obj\stm32f1xx_hal_tim.o
#        D:\MKS-Robin-Nano-Firmware-v2.x.x\MKS-Robin-Nano-Firmware\EWARM\mksRobinNano\Obj\stm32f1xx_hal_tim_ex.o
#        D:\MKS-Robin-Nano-Firmware-v2.x.x\MKS-Robin-Nano-Firmware\EWARM\mksRobinNano\Obj\stm32f1xx_hal_uart.o
#        D:\MKS-Robin-Nano-Firmware-v2.x.x\MKS-Robin-Nano-Firmware\EWARM\mksRobinNano\Obj\stm32f1xx_it.o
#        D:\MKS-Robin-Nano-Firmware-v2.x.x\MKS-Robin-Nano-Firmware\EWARM\mksRobinNano\Obj\stm32f1xx_ll_fsmc.o
#        D:\MKS-Robin-Nano-Firmware-v2.x.x\MKS-Robin-Nano-Firmware\EWARM\mksRobinNano\Obj\stm32f1xx_ll_sdmmc.o
#        D:\MKS-Robin-Nano-Firmware-v2.x.x\MKS-Robin-Nano-Firmware\EWARM\mksRobinNano\Obj\stopwatch.o
#        D:\MKS-Robin-Nano-Firmware-v2.x.x\MKS-Robin-Nano-Firmware\EWARM\mksRobinNano\Obj\Stream.o
#        D:\MKS-Robin-Nano-Firmware-v2.x.x\MKS-Robin-Nano-Firmware\EWARM\mksRobinNano\Obj\string_deal.o
#        D:\MKS-Robin-Nano-Firmware-v2.x.x\MKS-Robin-Nano-Firmware\EWARM\mksRobinNano\Obj\syscall.o
#        D:\MKS-Robin-Nano-Firmware-v2.x.x\MKS-Robin-Nano-Firmware\EWARM\mksRobinNano\Obj\system_stm32f1xx.o
#        D:\MKS-Robin-Nano-Firmware-v2.x.x\MKS-Robin-Nano-Firmware\EWARM\mksRobinNano\Obj\temperature.o
#        D:\MKS-Robin-Nano-Firmware-v2.x.x\MKS-Robin-Nano-Firmware\EWARM\mksRobinNano\Obj\tim.o
#        D:\MKS-Robin-Nano-Firmware-v2.x.x\MKS-Robin-Nano-Firmware\EWARM\mksRobinNano\Obj\twibus.o
#        D:\MKS-Robin-Nano-Firmware-v2.x.x\MKS-Robin-Nano-Firmware\EWARM\mksRobinNano\Obj\ubl.o
#        D:\MKS-Robin-Nano-Firmware-v2.x.x\MKS-Robin-Nano-Firmware\EWARM\mksRobinNano\Obj\ubl_G29.o
#        D:\MKS-Robin-Nano-Firmware-v2.x.x\MKS-Robin-Nano-Firmware\EWARM\mksRobinNano\Obj\ubl_motion.o
#        D:\MKS-Robin-Nano-Firmware-v2.x.x\MKS-Robin-Nano-Firmware\EWARM\mksRobinNano\Obj\usart.o
#        D:\MKS-Robin-Nano-Firmware-v2.x.x\MKS-Robin-Nano-Firmware\EWARM\mksRobinNano\Obj\USARTClass.o
#        D:\MKS-Robin-Nano-Firmware-v2.x.x\MKS-Robin-Nano-Firmware\EWARM\mksRobinNano\Obj\utility.o
#        D:\MKS-Robin-Nano-Firmware-v2.x.x\MKS-Robin-Nano-Firmware\EWARM\mksRobinNano\Obj\vector_3.o
#        D:\MKS-Robin-Nano-Firmware-v2.x.x\MKS-Robin-Nano-Firmware\EWARM\mksRobinNano\Obj\watchdog.o
#        D:\MKS-Robin-Nano-Firmware-v2.x.x\MKS-Robin-Nano-Firmware\EWARM\mksRobinNano\Obj\wifi_module.o
#        D:\MKS-Robin-Nano-Firmware-v2.x.x\MKS-Robin-Nano-Firmware\EWARM\mksRobinNano\Obj\wifi_upload.o
#        D:\MKS-Robin-Nano-Firmware-v2.x.x\MKS-Robin-Nano-Firmware\EWARM\mksRobinNano\Obj\WMath.o
#        D:\MKS-Robin-Nano-Firmware-v2.x.x\MKS-Robin-Nano-Firmware\EWARM\mksRobinNano\Obj\WString.o
#        --redirect _Printf=_PrintfFull --redirect _Scanf=_ScanfFull -o
#        D:\MKS-Robin-Nano-Firmware-v2.x.x\MKS-Robin-Nano-Firmware\EWARM\mksRobinNano\Exe\mksRobinNano.out
#        --map
#        D:\MKS-Robin-Nano-Firmware-v2.x.x\MKS-Robin-Nano-Firmware\EWARM\mksRobinNano/List\mksRobinNano.map
#        --log
#        libraries,initialization,modules,redirects,sections,veneers,unused_fragments
#        --log_file
#        D:\MKS-Robin-Nano-Firmware-v2.x.x\MKS-Robin-Nano-Firmware\EWARM\mksRobinNano/List\mksRobinNano.log
#        --config
#        D:\MKS-Robin-Nano-Firmware-v2.x.x\MKS-Robin-Nano-Firmware\EWARM\stm32f103xe_flash.icf
#        --semihosting
#        D:\MKS-Robin-Nano-Firmware-v2.x.x\MKS-Robin-Nano-Firmware\EWARM\..\Middlewares\GUI\GUI.a
#        --entry __iar_program_start --vfe
#
###############################################################################

*******************************************************************************
*** RUNTIME MODEL ATTRIBUTES
***

CppFlavor                     = *
__CPP_Language                = EC++
__Heap_Handler                = DLMalloc
__SystemLibrary               = DLib
__dlib_dynamic_initialization = normal


*******************************************************************************
*** PLACEMENT SUMMARY
***

"A1":  place at 0x08007000 { ro section .intvec };
"P1":  place in [from 0x08007000 to 0x0807ffff] { ro };
"P2":  place in [from 0x20000000 to 0x2000ffff] { rw, block CSTACK, block HEAP };

  Section             Kind        Address     Size  Object
  -------             ----        -------     ----  ------
"A1":                                        0x130
  .intvec             ro code  0x08007000    0x130  startup_stm32f103xe.o [1]
                             - 0x08007130    0x130

"P1":                                      0x76cc1
  .rodata             const    0x08007130   0x8844  fontHz14.o [1]
  .text               ro code  0x0800f974   0x8398  Marlin_main.o [1]
  .text               ro code  0x08017d0c    0x804  cardreader.o [1]
  .text               ro code  0x08018510    0xcd0  ubl.o [1]
  .text               ro code  0x080191e0     0xba  stopwatch.o [1]
  .text               ro code  0x0801929a     0x22  zero_init3.o [6]
  .text               ro code  0x080192bc     0xfc  FltDiv.o [5]
  .text               ro code  0x080193b8     0xd8  FltMul.o [5]
  .text               ro code  0x08019490     0xe6  FltSub.o [5]
  .text               ro code  0x08019576      0xa  xsprout.o [4]
  .text               ro code  0x08019580     0x84  FltAdd.o [5]
  .text               ro code  0x08019604   0x1bd0  planner.o [1]
  .text               ro code  0x0801b1d4     0x6c  strncpy_unaligned.o [6]
  .text               ro code  0x0801b240     0x44  strcpy_unaligned.o [6]
  .text               ro code  0x0801b284     0x28  Marlin_main.o [1]
  .text               ro code  0x0801b2ac     0x1c  serial.o [1]
  .text               ro code  0x0801b2c8    0x148  serial.o [1]
  .text               ro code  0x0801b410    0x2b0  USARTClass.o [1]
  .text               ro code  0x0801b6c0    0x254  Print.o [1]
  .text               ro code  0x0801b914    0x230  Marlin_main.o [1]
  .text               ro code  0x0801bb44    0x15c  Marlin_main.o [1]
  .text               ro code  0x0801bca0    0x250  Marlin_main.o [1]
  .text               ro code  0x0801bef0     0x44  Marlin_main.o [1]
  .text               ro code  0x0801bf34     0x48  Marlin_main.o [1]
  .text               ro code  0x0801bf7c     0x24  FltCmpLe.o [5]
  .text               ro code  0x0801bfa0     0x74  stm32f1xx_hal.o [1]
  .text               ro code  0x0801c014     0x1c  FltCmpEq.o [5]
  .text               ro code  0x0801c030     0x32  I32ToFlt.o [5]
  .rodata             const    0x0801c062      0x2  Marlin_main.o [1]
  .text               ro code  0x0801c064     0x4e  FltToDbl.o [5]
  .text               ro code  0x0801c0b4    0x1a2  DblMul.o [5]
  .text               ro code  0x0801c258     0x90  DblToFlt.o [5]
  .text               ro code  0x0801c2e8     0xc8  Marlin_main.o [1]
  .text               ro code  0x0801c3b0    0x114  Marlin_main.o [1]
  .text               ro code  0x0801c4c4     0x28  Marlin_main.o [1]
  .text               ro code  0x0801c4ec   0x1034  stepper.o [1]
  .text               ro code  0x0801d520     0x58  utility.o [1]
  .text               ro code  0x0801d578    0x2ec  stm32f1xx_hal_gpio.o [1]
  .text               ro code  0x0801d864     0x30  Marlin_main.o [1]
  .text               ro code  0x0801d894     0xac  Marlin_main.o [1]
  .text               ro code  0x0801d940     0xac  Marlin_main.o [1]
  .text               ro code  0x0801d9ec     0x2a  xfdtest.o [5]
  .text               ro code  0x0801da18     0x24  FltCmpGe.o [5]
  .text               ro code  0x0801da3c     0x62  memcmp_unaligned.o [6]
  .text               ro code  0x0801daa0    0x468  mesh_bed_leveling.o [1]
  .text               ro code  0x0801df08    0x498  vector_3.o [1]
  .text               ro code  0x0801e3a0     0x30  I32ToDbl.o [5]
  .text               ro code  0x0801e3d0    0x246  DblDiv.o [5]
  .text               ro code  0x0801e618     0x48  Marlin_main.o [1]
  .text               ro code  0x0801e660    0x180  DblSub.o [5]
  .text               ro code  0x0801e7e0     0x4c  ubl_G29.o [1]
  .text               ro code  0x0801e82c     0x18  Marlin_main.o [1]
  .text               ro code  0x0801e844     0xe8  DblAdd.o [5]
  .text               ro code  0x0801e92c     0xf0  sqrt.o [5]
  .text               ro code  0x0801ea1c    0x270  Marlin_main.o [1]
  .text               ro code  0x0801ec8c     0x76  ABImemcpy_unaligned.o [6]
  .text               ro code  0x0801ed04    0x264  Marlin_main.o [1]
  .text               ro code  0x0801ef68    0x198  xstoul.o [4]
  .text               ro code  0x0801f100     0x24  FltToU32.o [5]
  .text               ro code  0x0801f124   0x1420  G26_Mesh_Validation_Tool.o [1]
  .text               ro code  0x08020544    0x308  Marlin_main.o [1]
  .text               ro code  0x0802084c    0xf3c  Marlin_main.o [1]
  .text               ro code  0x08021788   0x39a8  ubl_G29.o [1]
  .text               ro code  0x08025130     0xe4  Marlin_main.o [1]
  .text               ro code  0x08025214    0x1ac  Marlin_main.o [1]
  .text               ro code  0x080253c0     0x2c  Marlin_main.o [1]
  .text               ro code  0x080253ec    0xe48  draw_ui.o [1]
  .text               ro code  0x08026234    0xf80  draw_printing.o [1]
  .text               ro code  0x080271b4   0x35ec  mks_cfg.o [1]
  .text               ro code  0x0802a7a0   0x1e4c  temperature.o [1]
  .text               ro code  0x0802c5ec     0x88  xstol.o [4]
  .text               ro code  0x0802c674   0x262a  ff.o [1]
  .text               ro code  0x0802eca0     0xb4  printcounter.o [1]
  .text               ro code  0x0802ed54     0x84  Marlin_main.o [1]
  .text               ro code  0x0802edd8     0x34  Marlin_main.o [1]
  .text               ro code  0x0802ee0c    0x1fc  Marlin_main.o [1]
  .text               ro code  0x0802f008    0x1c4  Marlin_main.o [1]
  .text               ro code  0x0802f1cc    0x188  Marlin_main.o [1]
  .text               ro code  0x0802f354     0xc4  Marlin_main.o [1]
  .text               ro code  0x0802f418    0xb20  endstops.o [1]
  .text               ro code  0x0802ff38    0x10c  Marlin_main.o [1]
  .text               ro code  0x08030044     0x44  FltToS32.o [5]
  .text               ro code  0x08030088    0x310  Marlin_main.o [1]
  .text               ro code  0x08030398    0x164  Marlin_main.o [1]
  .text               ro code  0x080304fc    0x11c  Marlin_main.o [1]
  .text               ro code  0x08030618    0x160  Marlin_main.o [1]
  .text               ro code  0x08030778     0xf0  Marlin_main.o [1]
  .text               ro code  0x08030868   0x2fd0  configuration_store.o [1]
  .text               ro code  0x08033838    0x224  gcode.o [1]
  .text               ro code  0x08033a5c     0x72  sqrtf.o [5]
  .text               ro code  0x08033ad0     0x34  floorf.o [5]
  .text               ro code  0x08033b04    0x42a  xsin.o [5]
  .text               ro code  0x08033f30    0x118  planner.o [1]
  .text               ro code  0x08034048    0x114  planner.o [1]
  .text               ro code  0x0803415c     0x24  Marlin_main.o [1]
  .text               ro code  0x08034180   0x168a  ubl_motion.o [1]
  .text               ro code  0x0803580c    0x494  Marlin_main.o [1]
  .text               ro code  0x08035ca0     0xca  atan2f.o [5]
  .text               ro code  0x08035d6c    0x23c  xfsin.o [5]
  .text               ro code  0x08035fa8     0xd4  GUICore.o [3]
  .text               ro code  0x0803607c     0x10  GUI_SetFont.o [3]
  .text               ro code  0x0803608c     0x2c  BUTTON_Default.o [3]
  .text               ro code  0x080360b8     0xfc  TEXT.o [3]
  .text               ro code  0x080361b4     0x30  GUI_UC_EncodeNone.o [3]
  .text               ro code  0x080361e4     0xf0  GUI_UC_EncodeUTF8.o [3]
  .text               ro code  0x080362d4   0x230c  wifi_module.o [1]
  .text               ro code  0x080385e0     0xdc  GUI_TOUCH_DriverAnalog.o [3]
  .text               ro code  0x080386bc     0x30  GUI_Exec.o [3]
  .text               ro code  0x080386ec      0x8  GUI_SetColor.o [3]
  .text               ro code  0x080386f4     0x34  sprintf.o [4]
  .text               ro code  0x08038728     0x10  GUI_DispStringAt.o [3]
  .text               ro code  0x08038738     0x66  ABImemset.o [6]
  .text               ro code  0x080387a0    0x878  main.o [1]
  .text               ro code  0x08039018     0x2c  strstr.o [4]
  .text               ro code  0x08039044     0x58  DblToI32.o [5]
  .text               ro code  0x0803909c     0x3a  ABImemset48.o [6]
  .text               ro code  0x080390d8      0x6  ABImemclr.o [6]
  .text               ro code  0x080390de     0x1c  strcat.o [4]
  .text               ro code  0x080390fc     0x16  strchr.o [6]
  .text               ro code  0x08039114    0x14c  xstod.o [5]
  .text               ro code  0x08039260   0x12c0  draw_dialog.o [1]
  .text               ro code  0x0803a520    0x320  tim.o [1]
  .text               ro code  0x0803a840    0x2fc  at24cxx.o [1]
  .text               ro code  0x0803ab3c    0xd1c  draw_ready_print.o [1]
  .text               ro code  0x0803b858     0x42  strcmp_unaligned.o [6]
  .text               ro code  0x0803b89c      0x6  ABImemclr4.o [6]
  .text               ro code  0x0803b8a4     0x36  strlen.o [6]
  .text               ro code  0x0803b8dc    0x118  ubl_motion.o [1]
  .text               ro code  0x0803b9f4    0x114  ubl_motion.o [1]
  .text               ro code  0x0803bb08     0x32  ceilf.o [5]
  .text               ro code  0x0803bb3c    0x160  ubl_G29.o [1]
  .text               ro code  0x0803bc9c    0x110  planner.o [1]
  .text               ro code  0x0803bdac     0x54  lround.o [5]
  .text               ro code  0x0803be00     0x40  lroundf.o [5]
  .text               ro code  0x0803be40    0x682  stm32f1xx_hal_tim.o [1]
  .text               ro code  0x0803c4c2     0x36  RingBuffer.o [1]
  .text               ro code  0x0803c4f8     0xd0  stm32f10x_usart.o [1]
  .text               ro code  0x0803c5c8     0x32  xdtest.o [5]
  .text               ro code  0x0803c5fc     0x2e  DblCmpGe.o [5]
  .text               ro code  0x0803c62a     0x24  Print.o [1]
  .text               ro code  0x0803c650     0x2e  DblCmpLe.o [5]
  .text               ro code  0x0803c67e     0x18  strrchr.o [4]
  .text               ro code  0x0803c698   0x1934  sdio_sdcard.o [1]
  .text               ro code  0x0803dfcc    0x126  stm32f1xx_hal_cortex.o [1]
  .text               ro code  0x0803e0f4     0x88  stm32f1xx_hal_msp.o [1]
  .text               ro code  0x0803e17c    0x52a  stm32f1xx_hal_rcc.o [1]
  .text               ro code  0x0803e6a8     0x4c  stepper.o [1]
  .text               ro code  0x0803e6f4      0xc  iarEdom.o [6]
  .text               ro code  0x0803e700     0xd8  Marlin_main.o [1]
  .text               ro code  0x0803e7d8     0x28  isxxx.o [4]
  .text               ro code  0x0803e800     0x14  tolower.o [4]
  .text               ro code  0x0803e814     0x58  memchr.o [6]
  .text               ro code  0x0803e86c      0xc  errno.o [4]
  .text               ro code  0x0803e878     0xe0  rand.o [4]
  .text               ro code  0x0803e958    0x114  ubl_motion.o [1]
  .text               ro code  0x0803ea6c    0x110  ubl_motion.o [1]
  .text               ro code  0x0803eb7c     0x64  G26_Mesh_Validation_Tool.o [1]
  .text               ro code  0x0803ebe0     0x20  srand.o [4]
  .text               ro code  0x0803ec00     0x18  G26_Mesh_Validation_Tool.o [1]
  .text               ro code  0x0803ec18     0x34  Marlin_main.o [1]
  .text               ro code  0x0803ec4c    0x890  G26_Mesh_Validation_Tool.o [1]
  .text               ro code  0x0803f4dc   0x14c0  dlmalloc.o [4]
  .text               ro code  0x0804099c     0x5e  floor.o [5]
  .text               ro code  0x080409fa    0x12e  ubl_G29.o [1]
  .text               ro code  0x08040b28    0x220  least_squares_fit.o [1]
  .text               ro code  0x08040d48     0x1c  ubl_G29.o [1]
  .text               ro code  0x08040d64     0x1c  truncf.o [5]
  .text               ro code  0x08040d80    0x2be  powf.o [5]
  .text               ro code  0x08041040     0x88  hex_print_routines.o [1]
  .text               ro code  0x080410c8     0xc8  string_deal.o [1]
  .text               ro code  0x08041190    0x9c4  draw_print_file.o [1]
  .text               ro code  0x08041b54    0x708  draw_move_motor.o [1]
  .text               ro code  0x0804225c    0xb0c  draw_operate.o [1]
  .text               ro code  0x08042d68    0x990  draw_pause_ui.o [1]
  .text               ro code  0x080436f8    0x878  draw_extrusion.o [1]
  .text               ro code  0x08043f70    0x91c  draw_pre_heat.o [1]
  .text               ro code  0x0804488c    0x748  draw_change_speed.o [1]
  .text               ro code  0x08044fd4    0x53c  draw_fan.o [1]
  .text               ro code  0x08045510    0x9a8  draw_set.o [1]
  .text               ro code  0x08045eb8    0x3ec  draw_zero.o [1]
  .text               ro code  0x080462a4    0x90c  draw_language.o [1]
  .text               ro code  0x08046bb0    0x338  draw_about.o [1]
  .text               ro code  0x08046ee8    0x508  draw_wifi.o [1]
  .text               ro code  0x080473f0    0x6b4  draw_more.o [1]
  .text               ro code  0x08047aa4    0x514  draw_printing_moremenu.o [1]
  .text               ro code  0x08047fb8    0x43c  draw_manual_leveling.o [1]
  .text               ro code  0x080483f4    0x410  draw_bind.o [1]
  .text               ro code  0x08048804    0x728  draw_tool.o [1]
  .text               ro code  0x08048f2c    0x664  draw_mesh_leveling.o [1]
  .text               ro code  0x08049590    0x6b4  mks_test.o [1]
  .text               ro code  0x08049c44    0x4d0  draw_wifi_list.o [1]
  .text               ro code  0x0804a114    0xe64  draw_keyboard.o [1]
  .text               ro code  0x0804af78    0x160  draw_Tips.o [1]
  .text               ro code  0x0804b0d8    0x40c  draw_machine_para.o [1]
  .text               ro code  0x0804b4e4    0x908  draw_machine_settings.o [1]
  .text               ro code  0x0804bdec    0x3a0  draw_temperature_settings.o [1]
  .text               ro code  0x0804c18c    0x8e0  draw_motor_settings.o [1]
  .text               ro code  0x0804ca6c    0x4b4  draw_machine_type.o [1]
  .text               ro code  0x0804cf20   0x1158  draw_stroke.o [1]
  .text               ro code  0x0804e078    0x5a4  draw_home_dir.o [1]
  .text               ro code  0x0804e61c    0xd78  draw_endstop_type.o [1]
  .text               ro code  0x0804f394   0x10d8  draw_filament_settings.o [1]
  .text               ro code  0x0805046c    0x3a0  draw_leveling_settings.o [1]
  .text               ro code  0x0805080c   0x130c  draw_levelingPara_config.o [1]
  .text               ro code  0x08051b18    0xc44  draw_deltaLevelPare.o [1]
  .text               ro code  0x0805275c    0xe4c  draw_XYZLevelPara.o [1]
  .text               ro code  0x080535a8    0x9d4  draw_MaxFeedRate.o [1]
  .text               ro code  0x08053f7c    0x9b4  draw_steps.o [1]
  .text               ro code  0x08054930    0xda0  draw_acceleration.o [1]
  .text               ro code  0x080556d0    0x6d4  draw_jerk.o [1]
  .text               ro code  0x08055da4    0x9e4  draw_motor_dir.o [1]
  .text               ro code  0x08056788    0x464  draw_home_speed.o [1]
  .text               ro code  0x08056bec   0x11c4  draw_nozzle_config.o [1]
  .text               ro code  0x08057db0   0x1134  draw_hotbed_config.o [1]
  .text               ro code  0x08058ee4    0x9ec  draw_advanced.o [1]
  .text               ro code  0x080598d0    0x634  draw_doubleZ.o [1]
  .text               ro code  0x08059f04    0x6e4  draw_EnablePin_Invert.o [1]
  .text               ro code  0x0805a5e8   0x1d8c  draw_number_key.o [1]
  .text               ro code  0x0805c374    0x6a4  draw_babyStep.o [1]
  .text               ro code  0x0805ca18    0x62c  draw_filamentchange.o [1]
  .text               ro code  0x0805d044    0x224  WIDGET.o [3]
  .text               ro code  0x0805d268    0x160  pic_manager.o [1]
  .text               ro code  0x0805d3c8   0x16b4  ili9320.o [1]
  .text               ro code  0x0805ea7c    0x518  spi_flash.o [1]
  .text               ro code  0x0805ef94      0x4  WM_IsWindow.o [3]
  .text               ro code  0x0805ef98    0xe5c  WM.o [3]
  .text               ro code  0x0805fdf4    0x3d0  BUTTON.o [3]
  .text               ro code  0x080601c4     0x20  BUTTON_Bitmap.o [3]
  .text               ro code  0x080601e4    0x45a  PROGBAR.o [3]
  .text               ro code  0x0806063e     0x2c  TEXT_SetBkColor.o [3]
  .text               ro code  0x0806066a     0x1a  TEXT_SetTextColor.o [3]
  .text               ro code  0x08060684     0x1c  BUTTON_SetTextAlign.o [3]
  .text               ro code  0x080606a0     0x22  TEXT_SetText.o [3]
  .text               ro code  0x080606c4    0x132  I64DivMod.o [6]
  .text               ro code  0x080607f8    0x162  spi.o [1]
  .text               ro code  0x0806095c     0x70  diskio.o [1]
  .text               ro code  0x080609cc    0x46c  mycc936.o [1]
  .text               ro code  0x08060e38      0x4  fatfs.o [1]
  .text               ro code  0x08060e3c     0xa0  Marlin_main.o [1]
  .text               ro code  0x08060edc    0x180  Marlin_main.o [1]
  .text               ro code  0x0806105c    0x17c  Marlin_main.o [1]
  .text               ro code  0x080611d8     0x2a  strncmp.o [4]
  .text               ro code  0x08061204    0x160  xquad.o [5]
  .text               ro code  0x08061364    0x1b4  ubl_motion.o [1]
  .text               ro code  0x08061518    0x18c  ubl_motion.o [1]
  .text               ro code  0x080616a4    0x244  ubl_motion.o [1]
  .text               ro code  0x080618e8     0xf4  xfatan.o [5]
  .text               ro code  0x080619dc     0xec  xfquad.o [5]
  .text               ro code  0x08061ac8    0x340  LCD.o [3]
  .text               ro code  0x08061e08     0x10  GUI_Goto.o [3]
  .text               ro code  0x08061e18     0x20  LCD_L0_Generic.o [3]
  .text               ro code  0x08061e38      0xc  WM_GetDesktopWindow.o [3]
  .text               ro code  0x08061e44    0x24a  GUIAlloc.o [3]
  .text               ro code  0x08062090     0x6c  WM_SetTrans.o [3]
  .text               ro code  0x080620fc     0x10  GUI_SetTextMode.o [3]
  .text               ro code  0x0806210c     0x36  WM_GetClientRect.o [3]
  .text               ro code  0x08062144    0x1d4  GUI_DispStringInRect.o [3]
  .text               ro code  0x08062318     0x1c  GUI_ALLOC_AllocZero.o [3]
  .text               ro code  0x08062334      0x8  stm32f10x_gpio.o [1]
  .text               ro code  0x0806233c    0xc18  stm32f1xx_hal_dma.o [1]
  .text               ro code  0x08062f54    0x47c  stm32f1xx_hal_uart.o [1]
  .text               ro code  0x080633d0    0x1e0  usart.o [1]
  .text               ro code  0x080635b0    0x228  draw_FileTransfer_ui.o [1]
  .text               ro code  0x080637d8    0x864  wifi_upload.o [1]
  .text               ro code  0x0806403c     0x2c  GUI_TOUCH_StoreUnstable.o [3]
  .text               ro code  0x08064068     0x2c  GUI_X_Touch.o [3]
  .text               ro code  0x08064094   0x1106  xprintffull.o [4]
  .text               ro code  0x0806519c     0xf8  GUI_DispString.o [3]
  .text               ro code  0x08065294     0x84  misc.o [1]
  .text               ro code  0x08065318    0x1d4  gpio.o [1]
  .text               ro code  0x080654ec     0x50  dma.o [1]
  .text               ro code  0x0806553c    0x110  adc.o [1]
  .text               ro code  0x0806564c     0x46  stm32f10x_spi.o [1]
  .text               ro code  0x08065694    0x5b6  stm32f1xx_hal_adc.o [1]
  .text               ro code  0x08065c4c     0x7c  id_manage.o [1]
  .text               ro code  0x08065cc8   0x43cc  multi_language.o [1]
  .text               ro code  0x0806a094     0xd0  stm32f1xx_hal_rcc_ex.o [1]
  .text               ro code  0x0806a164    0x134  xstopfx.o [4]
  .text               ro code  0x0806a298    0x1b8  xstoflt.o [4]
  .text               ro code  0x0806a450    0x200  xdtento.o [5]
  .text               ro code  0x0806a650    0x218  xstoxflt.o [4]
  .text               ro code  0x0806a868    0x10c  xdscale.o [5]
  .text               ro code  0x0806a974     0x1a  TEXT_SetTextAlign.o [3]
  .text               ro code  0x0806a98e     0x1a  TEXT_SetFont.o [3]
  .text               ro code  0x0806a9a8     0xa0  stm32f1xx_hal_tim_ex.o [1]
  .text               ro code  0x0806aa48     0x44  round.o [5]
  .text               ro code  0x0806aa8c     0x28  roundf.o [5]
  .text               ro code  0x0806aab4      0xc  memcpy.o [4]
  .text               ro code  0x0806aac0     0x24  setlocale.o [4]
  .text               ro code  0x0806aae4     0x16  xlocale_c.o [4]
  .text               ro code  0x0806aafa     0x14  xlocale_c.o [4]
  .text               ro code  0x0806ab0e      0xc  xlocale_c.o [4]
  .text               ro code  0x0806ab1a      0x2  xtls.o [4]
  .text               ro code  0x0806ab1c      0x6  abort.o [4]
  .text               ro code  0x0806ab24     0x2c  xgetmemchunk.o [4]
  .text               ro code  0x0806ab50     0x26  xfdnorm.o [5]
  .text               ro code  0x0806ab76     0x50  xfdint.o [5]
  .text               ro code  0x0806abc8     0x30  xflog.o [5]
  .text               ro code  0x0806abf8    0x218  xfexp.o [5]
  .text               ro code  0x0806ae10     0x14  hex_print_routines.o [1]
  .text               ro code  0x0806ae24     0x18  strrchr.o [4]
  .text               ro code  0x0806ae3c    0x29c  pic.o [1]
  .text               ro code  0x0806b0d8   0x274c  QR_Encode.o [1]
  .text               ro code  0x0806d824     0x48  GUI_FillRect.o [3]
  .text               ro code  0x0806d86c     0x66  WM_EnableWindow.o [3]
  .text               ro code  0x0806d8d2     0xe4  WM__UpdateChildPositions.o [3]
  .text               ro code  0x0806d9b8     0x94  WM_SetFocus.o [3]
  .text               ro code  0x0806da4c     0x54  WM_BringToTop.o [3]
  .text               ro code  0x0806daa0     0x14  WM_NotifyParent.o [3]
  .text               ro code  0x0806dab4     0x1a  GUI__ReduceRect.o [3]
  .text               ro code  0x0806dad0     0xe8  stm32f10x_fsmc.o [1]
  .text               ro code  0x0806dbb8     0x62  GUI__IntersectRects.o [3]
  .text               ro code  0x0806dc1a     0x58  GUI_MergeRect.o [3]
  .text               ro code  0x0806dc74     0x1c  LCD_SetClipRectEx.o [3]
  .text               ro code  0x0806dc90     0x1c  GUI_MoveRect.o [3]
  .text               ro code  0x0806dcac     0x40  GUI__IntersectRect.o [3]
  .text               ro code  0x0806dcec     0x38  GUI_RectsIntersect.o [3]
  .text               ro code  0x0806dd24     0x3e  WM_BringToBottom.o [3]
  .text               ro code  0x0806dd64     0x40  GUI_SetDefault.o [3]
  .text               ro code  0x0806dda4     0x1a  GUI_SaveContext.o [3]
  .text               ro code  0x0806ddc0     0x38  GUI_OnKey.o [3]
  .text               ro code  0x0806ddf8     0x1c  WM_SendToParent.o [3]
  .text               ro code  0x0806de14     0x30  WM_CriticalHandle.o [3]
  .text               ro code  0x0806de44     0x14  WM__IsEnabled.o [3]
  .text               ro code  0x0806de58      0xa  GUI_GetClientRect.o [3]
  .text               ro code  0x0806de64     0x84  GUI2DLib.o [3]
  .text               ro code  0x0806dee8     0x14  WM_SetUserClipRect.o [3]
  .text               ro code  0x0806defc     0x1e  GUI_DRAW.o [3]
  .text               ro code  0x0806df1a     0x3a  GUI__SetText.o [3]
  .text               ro code  0x0806df54     0x50  GUI_DRAW_BITMAP.o [3]
  .text               ro code  0x0806dfa4     0x2e  BUTTON__SetBitmapObj.o [3]
  .text               ro code  0x0806dfd2     0x1c  GUI_AddDecMin.o [3]
  .text               ro code  0x0806dfee     0x14  GUI_GetStringDistX.o [3]
  .text               ro code  0x0806e002      0x4  GUI_GetFontSizeY.o [3]
  .text               ro code  0x0806e006     0x1c  WIDGET_SetEffect.o [3]
  .text               ro code  0x0806e024      0x2  I64DivZer.o [6]
  .text               ro code  0x0806e028     0x88  stm32f1xx_hal_spi_ex.o [1]
  .text               ro code  0x0806e0b0     0x7e  xdint.o [5]
  .text               ro code  0x0806e130     0x20  DblCmpEq.o [5]
  .text               ro code  0x0806e150    0x1a8  fmod.o [5]
  .text               ro code  0x0806e2f8     0xce  fmodf.o [5]
  .text               ro code  0x0806e3c8    0x61a  LCDDummy.o [3]
  .text               ro code  0x0806e9e4     0x3a  LCDColor.o [3]
  .text               ro code  0x0806ea1e     0x1c  LCDPM565.o [3]
  .text               ro code  0x0806ea3a     0x34  LCDPM565_Index2Color.o [3]
  .text               ro code  0x0806ea70     0x78  ABImemmove_unaligned.o [6]
  .text               ro code  0x0806eae8    0x148  GUICharLine.o [3]
  .text               ro code  0x0806ec30     0x48  GUI_UC.o [3]
  .text               ro code  0x0806ec78     0x16  GUI__HandleEOLine.o [3]
  .text               ro code  0x0806ec90     0x88  GUIChar.o [3]
  .text               ro code  0x0806ed18     0x54  GUI__memset.o [3]
  .text               ro code  0x0806ed6c     0x14  memset.o [4]
  .text               ro code  0x0806ed80     0x24  GUI_TOUCH_StoreState.o [3]
  .text               ro code  0x0806eda4    0x19c  mks_touch_screen.o [1]
  .text               ro code  0x0806ef40     0x20  xmbtowc.o [4]
  .text               ro code  0x0806ef60      0xa  xmbcurmax.o [4]
  .text               ro code  0x0806ef6a     0x1a  xwctomb.o [4]
  .text               ro code  0x0806ef84     0x42  xdnorm.o [5]
  .text               ro code  0x0806efc8     0x6c  localeconv.o [4]
  .text               ro code  0x0806f034      0xe  div.o [4]
  .text               ro code  0x0806f044      0x2  stm32f1xx_hal_adc_ex.o [1]
  .text               ro code  0x0806f046     0x56  xdunscal.o [5]
  .text               ro code  0x0806f09c     0x14  exit.o [7]
  .text               ro code  0x0806f0b0     0xc0  xfdscale.o [5]
  .text               ro code  0x0806f170     0x2c  strstr.o [4]
  .text               ro code  0x0806f19c     0xa2  WM_Move.o [3]
  .text               ro code  0x0806f23e     0xd4  WM_ResizeWindow.o [3]
  .text               ro code  0x0806f312     0x10  WM_GetParent.o [3]
  .text               ro code  0x0806f322      0x4  WM_ForEachDesc.o [3]
  .text               ro code  0x0806f326     0x24  WM__GetPrevSibling.o [3]
  .text               ro code  0x0806f34c     0x10  GUI_Pen.o [3]
  .text               ro code  0x0806f35c     0x10  GUI_SetTextAlign.o [3]
  .text               ro code  0x0806f36c      0x4  GUI_SetDrawMode.o [3]
  .text               ro code  0x0806f370     0x10  GUI_SetLineStyle.o [3]
  .text               ro code  0x0806f380     0x30  WM_OnKey.o [3]
  .text               ro code  0x0806f3b0     0x3c  LCD_DrawVLine.o [3]
  .text               ro code  0x0806f3ec     0x40  GUI__strcmp.o [3]
  .text               ro code  0x0806f42c     0x14  GUI__strlen.o [3]
  .text               ro code  0x0806f440     0xe0  GUI_DrawBitmap.o [3]
  .text               ro code  0x0806f520     0xbc  GUI_AddDecShift.o [3]
  .text               ro code  0x0806f5dc     0x14  GUI__GetFontSizeY.o [3]
  .text               ro code  0x0806f5f0     0x28  GUI_TOUCH.o [3]
  .text               ro code  0x0806f618      0x8  abs.o [4]
  .text               ro code  0x0806f620     0x60  xencoding_sb.o [4]
  .text               ro code  0x0806f680     0x30  iarttio.o [7]
  .text               ro code  0x0806f6b0     0x32  WM__ForEachDesc.o [3]
  .text               ro code  0x0806f6e2     0x12  WM__GetFirstSibling.o [3]
  .text               ro code  0x0806f6f4     0x22  WM__SendMessage.o [3]
  .text               ro code  0x0806f718     0x44  GUI_PID.o [3]
  .text               ro code  0x0806f75c      0x8  XShttio.o [4]
  .rodata             const    0x0806f764   0x41e8  multi_language.o [1]
  .rodata             const    0x0807394c   0x264c  Helvetica36.o [1]
  .rodata             const    0x08075f98   0x14e0  Helvetica26.o [1]
  .rodata             const    0x08077478   0x1290  mks_fontHz14.o [1]
  .rodata             const    0x08078708    0x980  F13_1.o [3]
  .rodata             const    0x08079088    0x918  F13_ASCII.o [3]
  .rodata             const    0x080799a0    0x804  mks_cfg.o [1]
  .rodata             const    0x0807a1a4    0x714  F6x8.o [3]
  .rodata             const    0x0807a8b8    0x62c  mks_hzk16.o [3]
  .rodata             const    0x0807aee4    0x508  Marlin_main.o [1]
  .rodata             const    0x0807b3ec    0x4d0  QR_Encode.o [1]
  .text               ro code  0x0807b8bc    0x2a0  GUICurs.o [3]
  .text               ro code  0x0807bb5c     0x9e  GUI_GetBitmapPixelIndex.o [3]
  .text               ro code  0x0807bbfc    0x1d2  GUICharP.o [3]
  .text               ro code  0x0807bdce     0x16  GUI_GetColor.o [3]
  .text               ro code  0x0807bde4     0x10  LCD_GetColorIndex.o [3]
  .text               ro code  0x0807bdf4    0x1c8  WMTouch.o [3]
  .text               ro code  0x0807bfbc     0x1a  WM__SendMessageIfEnabled.o [3]
  .text               ro code  0x0807bfd8     0x7c  WM_Screen2Win.o [3]
  .text               ro code  0x0807c054     0x26  WM__IsAncestor.o [3]
  .text               ro code  0x0807c07c     0x24  WM_SetCapture.o [3]
  .text               ro code  0x0807c0a0    0x1c6  lz77_init.o [6]
  .text               ro code  0x0807c268    0x19e  LCD_DrawBitmap_M565.o [3]
  .text               ro code  0x0807c406     0x16  LCD_GetEx.o [3]
  .text               ro code  0x0807c41c     0x10  GUI_SetColorIndex.o [3]
  .text               ro code  0x0807c42c    0x174  GUICharM.o [3]
  .text               ro code  0x0807c5a0    0x164  WIDGET_Effect_3D.o [3]
  .text               ro code  0x0807c704     0x44  GUI_DrawHLine.o [3]
  .text               ro code  0x0807c748     0x44  GUI_DrawVLine.o [3]
  .text               ro code  0x0807c78c     0xd8  stm32f1xx_it.o [1]
  .text               ro code  0x0807c864     0xb2  stm32f1xx_hal_spi.o [1]
  .rodata             const    0x0807c918     0xc8  Marlin_main.o [1]
  .rodata             const    0x0807c9e0     0xc4  Marlin_main.o [1]
  .rodata             const    0x0807caa4     0xc4  ubl_G29.o [1]
  .text               ro code  0x0807cb68     0x8c  WIDGET_Effect_Simple.o [3]
  .text               ro code  0x0807cbf4     0x7c  GUIEncJS.o [3]
  .rodata             const    0x0807cc70     0x78  Marlin_main.o [1]
  .rodata             const    0x0807cce8     0x78  Marlin_main.o [1]
  .rodata             const    0x0807cd60     0x74  configuration_store.o [1]
  .text               ro code  0x0807cdd4     0x5c  system_stm32f1xx.o [1]
  .rodata             const    0x0807ce30     0x3c  planner.o [1]
  .rodata             const    0x0807ce6c     0x38  Marlin_main.o [1]
  .rodata             const    0x0807cea4     0x34  Marlin_main.o [1]
  .rodata             const    0x0807ced8     0x30  Marlin_main.o [1]
  .rodata             const    0x0807cf08     0x30  Marlin_main.o [1]
  .rodata             const    0x0807cf38     0x30  LCD_API.o [3]
  .rodata             const    0x0807cf68     0x2c  Marlin_main.o [1]
  .rodata             const    0x0807cf94     0x2c  Marlin_main.o [1]
  .rodata             const    0x0807cfc0     0x2c  Marlin_main.o [1]
  .rodata             const    0x0807cfec     0x28  G26_Mesh_Validation_Tool.o [1]
  .rodata             const    0x0807d014     0x28  Marlin_main.o [1]
  .rodata             const    0x0807d03c     0x28  Marlin_main.o [1]
  .text               ro code  0x0807d064     0x28  data_init.o [6]
  .rodata             const    0x0807d08c     0x24  G26_Mesh_Validation_Tool.o [1]
  .rodata             const    0x0807d0b0     0x24  Marlin_main.o [1]
  .rodata             const    0x0807d0d4     0x24  USARTClass.o [1]
  .text               ro code  0x0807d0f8     0x24  WIDGET_Effect_None.o [3]
  .iar.init_table     const    0x0807d11c     0x30  - Linker created -
  .rodata             const    0x0807d14c     0x20  draw_dialog.o [1]
  .rodata             const    0x0807d16c     0x20  Marlin_main.o [1]
  .rodata             const    0x0807d18c     0x20  Marlin_main.o [1]
  .rodata             const    0x0807d1ac     0x20  Marlin_main.o [1]
  .rodata             const    0x0807d1cc     0x20  Marlin_main.o [1]
  .rodata             const    0x0807d1ec     0x20  Marlin_main.o [1]
  .rodata             const    0x0807d20c     0x20  Marlin_main.o [1]
  .rodata             const    0x0807d22c     0x20  Marlin_main.o [1]
  .rodata             const    0x0807d24c     0x20  Marlin_main.o [1]
  .rodata             const    0x0807d26c     0x20  Marlin_main.o [1]
  .rodata             const    0x0807d28c     0x20  Marlin_main.o [1]
  .rodata             const    0x0807d2ac     0x20  Marlin_main.o [1]
  .rodata             const    0x0807d2cc     0x20  Marlin_main.o [1]
  .rodata             const    0x0807d2ec     0x20  Marlin_main.o [1]
  .rodata             const    0x0807d30c     0x20  Marlin_main.o [1]
  .rodata             const    0x0807d32c     0x20  Marlin_main.o [1]
  .rodata             const    0x0807d34c     0x20  Marlin_main.o [1]
  .rodata             const    0x0807d36c     0x20  Marlin_main.o [1]
  .rodata             const    0x0807d38c     0x20  Marlin_main.o [1]
  .text               ro code  0x0807d3ac     0x20  cmain_call_ctors.o [6]
  .text               ro code  0x0807d3cc     0x18  cppinit.o [4]
  .rodata             const    0x0807d3e4     0x1c  Marlin_main.o [1]
  .rodata             const    0x0807d400     0x1c  Marlin_main.o [1]
  .text               ro code  0x0807d41c     0x1a  cmain.o [6]
  .text               ro code  0x0807d436      0x4  low_level_init.o [4]
  .text               ro code  0x0807d43a      0x4  exit.o [4]
  .text               ro code  0x0807d440      0xa  cexit.o [6]
  .rodata             const    0x0807d44c     0x18  Marlin_main.o [1]
  .rodata             const    0x0807d464     0x18  Marlin_main.o [1]
  .rodata             const    0x0807d47c     0x18  Marlin_main.o [1]
  .rodata             const    0x0807d494     0x18  Marlin_main.o [1]
  .rodata             const    0x0807d4ac     0x18  Marlin_main.o [1]
  .rodata             const    0x0807d4c4     0x18  Marlin_main.o [1]
  .rodata             const    0x0807d4dc     0x18  Marlin_main.o [1]
  .rodata             const    0x0807d4f4     0x18  Marlin_main.o [1]
  .rodata             const    0x0807d50c     0x18  Marlin_main.o [1]
  .rodata             const    0x0807d524     0x18  Marlin_main.o [1]
  SHT$$PREINIT_ARRAY           0x0807d53c      0x0  <Block>
  SHT$$INIT_ARRAY              0x0807d53c     0x18  <Block>
    .init_array       const    0x0807d53c      0x4  endstops.o [1]
    .init_array       const    0x0807d540      0x4  Marlin_main.o [1]
    .init_array       const    0x0807d544      0x4  mesh_bed_leveling.o [1]
    .init_array       const    0x0807d548      0x4  planner.o [1]
    .init_array       const    0x0807d54c      0x4  serial.o [1]
    .init_array       const    0x0807d550      0x4  temperature.o [1]
  .rodata             const    0x0807d554     0x14  Marlin_main.o [1]
  .rodata             const    0x0807d568     0x14  Marlin_main.o [1]
  .rodata             const    0x0807d57c     0x14  Marlin_main.o [1]
  .rodata             const    0x0807d590     0x14  Marlin_main.o [1]
  .rodata             const    0x0807d5a4     0x14  Marlin_main.o [1]
  .rodata             const    0x0807d5b8     0x14  Marlin_main.o [1]
  .rodata             const    0x0807d5cc     0x14  Marlin_main.o [1]
  .rodata             const    0x0807d5e0     0x14  Marlin_main.o [1]
  .rodata             const    0x0807d5f4     0x14  Marlin_main.o [1]
  .rodata             const    0x0807d608     0x14  Marlin_main.o [1]
  .rodata             const    0x0807d61c     0x14  Marlin_main.o [1]
  .rodata             const    0x0807d630     0x14  Marlin_main.o [1]
  .rodata             const    0x0807d644     0x14  Marlin_main.o [1]
  .rodata             const    0x0807d658     0x14  Marlin_main.o [1]
  .rodata             const    0x0807d66c     0x14  Marlin_main.o [1]
  .rodata             const    0x0807d680     0x14  Marlin_main.o [1]
  .rodata             const    0x0807d694     0x14  printcounter.o [1]
  .rodata             const    0x0807d6a8     0x10  Marlin_main.o [1]
  .rodata             const    0x0807d6b8     0x10  Marlin_main.o [1]
  .rodata             const    0x0807d6c8     0x10  Marlin_main.o [1]
  .rodata             const    0x0807d6d8     0x10  Marlin_main.o [1]
  .rodata             const    0x0807d6e8     0x10  Marlin_main.o [1]
  .rodata             const    0x0807d6f8     0x10  Marlin_main.o [1]
  .rodata             const    0x0807d708     0x10  Marlin_main.o [1]
  .rodata             const    0x0807d718     0x10  Marlin_main.o [1]
  .rodata             const    0x0807d728     0x10  Marlin_main.o [1]
  .rodata             const    0x0807d738     0x10  Marlin_main.o [1]
  .rodata             const    0x0807d748     0x10  Marlin_main.o [1]
  .rodata             const    0x0807d758     0x10  Marlin_main.o [1]
  .rodata             const    0x0807d768     0x10  Marlin_main.o [1]
  .rodata             const    0x0807d778     0x10  Marlin_main.o [1]
  .rodata             const    0x0807d788     0x10  Marlin_main.o [1]
  .rodata             const    0x0807d798     0x10  Marlin_main.o [1]
  .rodata             const    0x0807d7a8     0x10  Marlin_main.o [1]
  .rodata             const    0x0807d7b8     0x10  Marlin_main.o [1]
  .rodata             const    0x0807d7c8     0x10  Marlin_main.o [1]
  .rodata             const    0x0807d7d8     0x10  Marlin_main.o [1]
  .rodata             const    0x0807d7e8     0x10  Marlin_main.o [1]
  .rodata             const    0x0807d7f8     0x10  Marlin_main.o [1]
  .rodata             const    0x0807d808     0x10  Marlin_main.o [1]
  .rodata             const    0x0807d818     0x10  Marlin_main.o [1]
  .rodata             const    0x0807d828     0x10  Marlin_main.o [1]
  .rodata             const    0x0807d838     0x10  printcounter.o [1]
  .rodata             const    0x0807d848     0x10  serial.o [1]
  .text               ro code  0x0807d858     0x10  startup_stm32f103xe.o [1]
  .rodata             const    0x0807d868      0xc  G26_Mesh_Validation_Tool.o [1]
  .rodata             const    0x0807d874      0xc  Marlin_main.o [1]
  .rodata             const    0x0807d880      0xc  Marlin_main.o [1]
  .rodata             const    0x0807d88c      0xc  Marlin_main.o [1]
  .rodata             const    0x0807d898      0xc  Marlin_main.o [1]
  .rodata             const    0x0807d8a4      0xc  Marlin_main.o [1]
  .rodata             const    0x0807d8b0      0xc  Marlin_main.o [1]
  .rodata             const    0x0807d8bc      0xc  Marlin_main.o [1]
  .rodata             const    0x0807d8c8      0xc  Marlin_main.o [1]
  .rodata             const    0x0807d8d4      0xc  Marlin_main.o [1]
  .rodata             const    0x0807d8e0      0xc  Marlin_main.o [1]
  .rodata             const    0x0807d8ec      0xc  Marlin_main.o [1]
  .rodata             const    0x0807d8f8      0xc  printcounter.o [1]
  .rodata             const    0x0807d904      0xc  GUIEncJS.o [3]
  .text               ro code  0x0807d910      0xc  cstartup_M.o [6]
  .rodata             const    0x0807d91c      0x8  G26_Mesh_Validation_Tool.o [1]
  .rodata             const    0x0807d924      0x8  G26_Mesh_Validation_Tool.o [1]
  .rodata             const    0x0807d92c      0x8  Marlin_main.o [1]
  .rodata             const    0x0807d934      0x8  Marlin_main.o [1]
  .rodata             const    0x0807d93c      0x8  Marlin_main.o [1]
  .rodata             const    0x0807d944      0x8  Marlin_main.o [1]
  .rodata             const    0x0807d94c      0x8  Marlin_main.o [1]
  .rodata             const    0x0807d954      0x8  Marlin_main.o [1]
  .rodata             const    0x0807d95c      0x8  Marlin_main.o [1]
  .rodata             const    0x0807d964      0x8  Marlin_main.o [1]
  .rodata             const    0x0807d96c      0x8  Marlin_main.o [1]
  .rodata             const    0x0807d974      0x8  Marlin_main.o [1]
  .rodata             const    0x0807d97c      0x8  Marlin_main.o [1]
  .rodata             const    0x0807d984      0x8  Marlin_main.o [1]
  .rodata             const    0x0807d98c      0x8  Marlin_main.o [1]
  .rodata             const    0x0807d994      0x8  Marlin_main.o [1]
  .rodata             const    0x0807d99c      0x8  Marlin_main.o [1]
  .rodata             const    0x0807d9a4      0x8  Marlin_main.o [1]
  .rodata             const    0x0807d9ac      0x8  Marlin_main.o [1]
  .rodata             const    0x0807d9b4      0x8  Marlin_main.o [1]
  .rodata             const    0x0807d9bc      0x8  Marlin_main.o [1]
  .rodata             const    0x0807d9c4      0x8  Marlin_main.o [1]
  .rodata             const    0x0807d9cc      0x8  Marlin_main.o [1]
  .rodata             const    0x0807d9d4      0x8  Marlin_main.o [1]
  .rodata             const    0x0807d9dc      0x8  Marlin_main.o [1]
  .rodata             const    0x0807d9e4      0x8  Marlin_main.o [1]
  .rodata             const    0x0807d9ec      0x8  Marlin_main.o [1]
  .rodata             const    0x0807d9f4      0x8  Marlin_main.o [1]
  .rodata             const    0x0807d9fc      0x8  Marlin_main.o [1]
  .rodata             const    0x0807da04      0x8  Marlin_main.o [1]
  .rodata             const    0x0807da0c      0x8  Marlin_main.o [1]
  .rodata             const    0x0807da14      0x8  Marlin_main.o [1]
  .rodata             const    0x0807da1c      0x8  Marlin_main.o [1]
  .rodata             const    0x0807da24      0x8  Marlin_main.o [1]
  .rodata             const    0x0807da2c      0x8  Marlin_main.o [1]
  .rodata             const    0x0807da34      0x8  Marlin_main.o [1]
  .rodata             const    0x0807da3c      0x8  printcounter.o [1]
  .rodata             const    0x0807da44      0x8  system_stm32f1xx.o [1]
  .rodata             const    0x0807da4c      0x8  LCD_DrawBitmap_M565.o [3]
  .rodata             const    0x0807da54      0x4  Marlin_main.o [1]
  .rodata             const    0x0807da58      0x4  Marlin_main.o [1]
  .rodata             const    0x0807da5c      0x4  Marlin_main.o [1]
  .rodata             const    0x0807da60      0x4  Marlin_main.o [1]
  .rodata             const    0x0807da64      0x4  Marlin_main.o [1]
  .rodata             const    0x0807da68      0x4  Marlin_main.o [1]
  .rodata             const    0x0807da6c      0x4  Marlin_main.o [1]
  .rodata             const    0x0807da70      0x4  Marlin_main.o [1]
  .rodata             const    0x0807da74      0x4  Marlin_main.o [1]
  .rodata             const    0x0807da78      0x4  Marlin_main.o [1]
  .rodata             const    0x0807da7c      0x4  Marlin_main.o [1]
  .rodata             const    0x0807da80      0x4  Marlin_main.o [1]
  .rodata             const    0x0807da84      0x4  Marlin_main.o [1]
  .rodata             const    0x0807da88      0x4  Marlin_main.o [1]
  .rodata             const    0x0807da8c      0x4  Marlin_main.o [1]
  .rodata             const    0x0807da90      0x4  Marlin_main.o [1]
  .rodata             const    0x0807da94      0x4  Marlin_main.o [1]
  .rodata             const    0x0807da98      0x4  Marlin_main.o [1]
  .rodata             const    0x0807da9c      0x4  Marlin_main.o [1]
  .rodata             const    0x0807daa0      0x4  Marlin_main.o [1]
  .rodata             const    0x0807daa4      0x4  Marlin_main.o [1]
  .rodata             const    0x0807daa8      0x4  Marlin_main.o [1]
  .rodata             const    0x0807daac      0x4  Marlin_main.o [1]
  .rodata             const    0x0807dab0      0x4  Marlin_main.o [1]
  .rodata             const    0x0807dab4      0x4  Marlin_main.o [1]
  .rodata             const    0x0807dab8      0x4  printcounter.o [1]
  .text               ro code  0x0807dabc      0x4  startup_stm32f103xe.o [1]
  .text               ro code  0x0807dac0      0x4  startup_stm32f103xe.o [1]
  .text               ro code  0x0807dac4      0x4  startup_stm32f103xe.o [1]
  .text               ro code  0x0807dac8      0x4  startup_stm32f103xe.o [1]
  .text               ro code  0x0807dacc      0x4  startup_stm32f103xe.o [1]
  .text               ro code  0x0807dad0      0x4  startup_stm32f103xe.o [1]
  .text               ro code  0x0807dad4      0x4  startup_stm32f103xe.o [1]
  .text               ro code  0x0807dad8      0x4  startup_stm32f103xe.o [1]
  .text               ro code  0x0807dadc      0x4  startup_stm32f103xe.o [1]
  .text               ro code  0x0807dae0      0x4  startup_stm32f103xe.o [1]
  .text               ro code  0x0807dae4      0x4  startup_stm32f103xe.o [1]
  .text               ro code  0x0807dae8      0x4  startup_stm32f103xe.o [1]
  .text               ro code  0x0807daec      0x4  startup_stm32f103xe.o [1]
  .text               ro code  0x0807daf0      0x4  startup_stm32f103xe.o [1]
  .text               ro code  0x0807daf4      0x4  startup_stm32f103xe.o [1]
  .text               ro code  0x0807daf8      0x4  startup_stm32f103xe.o [1]
  .text               ro code  0x0807dafc      0x4  startup_stm32f103xe.o [1]
  .text               ro code  0x0807db00      0x4  startup_stm32f103xe.o [1]
  .text               ro code  0x0807db04      0x4  startup_stm32f103xe.o [1]
  .text               ro code  0x0807db08      0x4  startup_stm32f103xe.o [1]
  .text               ro code  0x0807db0c      0x4  startup_stm32f103xe.o [1]
  .text               ro code  0x0807db10      0x4  startup_stm32f103xe.o [1]
  .text               ro code  0x0807db14      0x4  startup_stm32f103xe.o [1]
  .text               ro code  0x0807db18      0x4  startup_stm32f103xe.o [1]
  .text               ro code  0x0807db1c      0x4  startup_stm32f103xe.o [1]
  .text               ro code  0x0807db20      0x4  startup_stm32f103xe.o [1]
  .text               ro code  0x0807db24      0x4  startup_stm32f103xe.o [1]
  .text               ro code  0x0807db28      0x4  startup_stm32f103xe.o [1]
  .text               ro code  0x0807db2c      0x4  startup_stm32f103xe.o [1]
  .text               ro code  0x0807db30      0x4  startup_stm32f103xe.o [1]
  .text               ro code  0x0807db34      0x4  startup_stm32f103xe.o [1]
  .text               ro code  0x0807db38      0x4  startup_stm32f103xe.o [1]
  .text               ro code  0x0807db3c      0x4  startup_stm32f103xe.o [1]
  .text               ro code  0x0807db40      0x4  startup_stm32f103xe.o [1]
  .text               ro code  0x0807db44      0x4  startup_stm32f103xe.o [1]
  .text               ro code  0x0807db48      0x4  startup_stm32f103xe.o [1]
  .text               ro code  0x0807db4c      0x4  startup_stm32f103xe.o [1]
  .text               ro code  0x0807db50      0x4  startup_stm32f103xe.o [1]
  .text               ro code  0x0807db54      0x4  startup_stm32f103xe.o [1]
  .text               ro code  0x0807db58      0x4  startup_stm32f103xe.o [1]
  .text               ro code  0x0807db5c      0x4  startup_stm32f103xe.o [1]
  .text               ro code  0x0807db60      0x4  startup_stm32f103xe.o [1]
  .text               ro code  0x0807db64      0x4  startup_stm32f103xe.o [1]
  .text               ro code  0x0807db68      0x4  startup_stm32f103xe.o [1]
  .text               ro code  0x0807db6c      0x4  startup_stm32f103xe.o [1]
  .text               ro code  0x0807db70      0x4  startup_stm32f103xe.o [1]
  .text               ro code  0x0807db74      0x4  startup_stm32f103xe.o [1]
  .rodata             const    0x0807db78      0x0  zero_init3.o [6]
  .rodata             const    0x0807db78      0x0  lz77_init.o [6]
  Initializer bytes   ro data  0x0807db78    0x279  <for P2 s0>
                             - 0x0807ddf1  0x76cc1

"P2", part 1 of 3:                          0x174c
  P2 s0                        0x20000000   0x174c  <Init block>
    .data             inited   0x20000000    0x4f0  mks_cfg.o [1]
    .data             inited   0x200004f0    0x440  draw_ui.o [1]
    .data             inited   0x20000930    0x35c  draw_print_file.o [1]
    .data             inited   0x20000c8c    0x114  QR_Encode.o [1]
    .data             inited   0x20000da0     0x94  Marlin_main.o [1]
    .data             inited   0x20000e34     0x94  temperature.o [1]
    .data             inited   0x20000ec8     0x90  draw_keyboard.o [1]
    __DLIB_PERTHREAD  inited   0x20000f58     0x8c  rand.o [4]
    __DLIB_PERTHREAD  inited   0x20000fe4     0x88  localeconv.o [4]
    .data             inited   0x2000106c     0x84  Marlin_main.o [1]
    .data             inited   0x200010f0     0x80  planner.o [1]
    .data             inited   0x20001170     0x74  Marlin_main.o [1]
    .data             inited   0x200011e4     0x74  mks_variant.o [1]
    __DLIB_PERTHREAD  inited   0x20001258     0x74  setlocale.o [4]
    .data             inited   0x200012cc     0x68  G26_Mesh_Validation_Tool.o [1]
    .data             inited   0x20001334     0x58  draw_mesh_leveling.o [1]
    .data             inited   0x2000138c     0x50  draw_babyStep.o [1]
    .data             inited   0x200013dc     0x50  draw_more.o [1]
    .data             inited   0x2000142c     0x50  stepper.o [1]
    .data             inited   0x2000147c     0x48  Marlin_main.o [1]
    .data             inited   0x200014c4     0x3c  mks_variant.o [1]
    .data             inited   0x20001500     0x30  GUI_TOUCH_DriverAnalog.o [3]
    .data             inited   0x20001530     0x2c  draw_number_key.o [1]
    .data             inited   0x2000155c     0x2c  sdio_sdcard.o [1]
    .data             inited   0x20001588     0x20  QR_Encode.o [1]
    .data             inited   0x200015a8     0x20  BUTTON.o [3]
    .data             inited   0x200015c8     0x15  ubl_G29.o [1]
    .data             inited   0x200015dd      0x1  diskio.o [1]
    .data             inited   0x200015de      0x1  Marlin_main.o [1]
    .data             inited   0x200015df      0x1  stepper.o [1]
    .data             inited   0x200015e0     0x14  pic.o [1]
    .data             inited   0x200015f4     0x14  pic.o [1]
    .data             inited   0x20001608     0x14  pic.o [1]
    .data             inited   0x2000161c     0x14  pic.o [1]
    .data             inited   0x20001630     0x14  pic.o [1]
    .data             inited   0x20001644     0x14  pic.o [1]
    .data             inited   0x20001658     0x14  pic.o [1]
    .data             inited   0x2000166c     0x14  pic.o [1]
    .data             inited   0x20001680     0x14  pic.o [1]
    .data             inited   0x20001694     0x14  pic.o [1]
    .data             inited   0x200016a8     0x14  pic.o [1]
    .data             inited   0x200016bc     0x14  planner.o [1]
    .data             inited   0x200016d0     0x10  draw_ui.o [1]
    .data             inited   0x200016e0      0xc  temperature.o [1]
    .data             inited   0x200016ec      0x9  spi_flash.o [1]
    .data             inited   0x200016f8      0x8  fatfs.o [1]
    .data             inited   0x20001700      0x8  hex_print_routines.o [1]
    .data             inited   0x20001708      0x8  QR_Encode.o [1]
    .data             inited   0x20001710      0x8  temperature.o [1]
    .data             inited   0x20001718      0x8  TEXT.o [3]
    .data             inited   0x20001720      0x8  XShttio.o [4]
    .data             inited   0x20001728      0x4  G26_Mesh_Validation_Tool.o [1]
    .data             inited   0x2000172c      0x4  Marlin_main.o [1]
    .data             inited   0x20001730      0x4  Marlin_main.o [1]
    .data             inited   0x20001734      0x4  Marlin_main.o [1]
    .data             inited   0x20001738      0x4  system_stm32f1xx.o [1]
    .data             inited   0x2000173c      0x4  ubl_motion.o [1]
    .data             inited   0x20001740      0x4  WIDGET.o [3]
    .data             inited   0x20001744      0x4  LCD_API.o [3]
    __DLIB_PERTHREAD  inited   0x20001748      0x4  errno.o [4]
                             - 0x2000174c   0x174c

"P2", part 2 of 3:                          0xcd44
  .bss                zero     0x2000174c   0x222c  pic.o [1]
  .bss                zero     0x20003978   0x1c8c  GUIAlloc.o [3]
  .bss                zero     0x20005604    0xae0  Marlin_main.o [1]
  .bss                zero     0x200060e4    0x540  planner.o [1]
  .bss                zero     0x20006624    0x464  wifi_module.o [1]
  .bss                zero     0x20006a88    0x408  wifi_module.o [1]
  .bss                zero     0x20006e90    0x402  wifi_module.o [1]
  .bss                zero     0x20007292      0x6  endstops.o [1]
  .bss                zero     0x20007298    0x400  multi_language.o [1]
  .bss                zero     0x20007698    0x3d0  mks_cfg.o [1]
  .bss                zero     0x20007a68    0x324  QR_Encode.o [1]
  .bss                zero     0x20007d8c    0x320  id_manage.o [1]
  .bss                zero     0x200080ac    0x2d0  draw_wifi_list.o [1]
  .bss                zero     0x2000837c    0x2a8  mesh_bed_leveling.o [1]
  .bss                zero     0x20008624    0x290  multi_language.o [1]
  .bss                zero     0x200088b4    0x270  draw_keyboard.o [1]
  .bss                zero     0x20008b24    0x254  wifi_upload.o [1]
  .bss                zero     0x20008d78    0x240  Marlin_main.o [1]
  .bss                zero     0x20008fb8    0x240  mks_cfg.o [1]
  .bss                zero     0x200091f8    0x240  ubl.o [1]
  .bss                zero     0x20009438    0x200  sdio_sdcard.o [1]
  .bss                zero     0x20009638    0x200  LCDColor.o [3]
  .bss                zero     0x20009838    0x1d8  dlmalloc.o [4]
  .bss                zero     0x20009a10    0x1bc  QR_Encode.o [1]
  .bss                zero     0x20009bcc    0x190  QR_Encode.o [1]
  .bss                zero     0x20009d5c    0x190  QR_Encode.o [1]
  .bss                zero     0x20009eec    0x180  Marlin_main.o [1]
  .bss                zero     0x2000a06c    0x140  wifi_module.o [1]
  .bss                zero     0x2000a1ac    0x130  serial.o [1]
  .bss                zero     0x2000a2dc    0x12c  wifi_module.o [1]
  .bss                zero     0x2000a408    0x120  draw_acceleration.o [1]
  .bss                zero     0x2000a528    0x104  wifi_module.o [1]
  .bss                zero     0x2000a62c    0x100  cardreader.o [1]
  .bss                zero     0x2000a72c    0x100  cardreader.o [1]
  .bss                zero     0x2000a82c    0x100  wifi_module.o [1]
  .bss                zero     0x2000a92c     0xec  draw_ui.o [1]
  .bss                zero     0x2000aa18     0xd8  draw_nozzle_config.o [1]
  .bss                zero     0x2000aaf0     0xc0  draw_endstop_type.o [1]
  .bss                zero     0x2000abb0     0xc0  draw_levelingPara_config.o [1]
  .bss                zero     0x2000ac70     0xa8  draw_deltaLevelPare.o [1]
  .bss                zero     0x2000ad18     0xa8  draw_hotbed_config.o [1]
  .bss                zero     0x2000adc0     0x9c  QR_Encode.o [1]
  .bss                zero     0x2000ae5c     0x90  draw_filament_settings.o [1]
  .bss                zero     0x2000aeec     0x90  draw_MaxFeedRate.o [1]
  .bss                zero     0x2000af7c     0x90  draw_print_file.o [1]
  .bss                zero     0x2000b00c     0x90  draw_printing.o [1]
  .bss                zero     0x2000b09c     0x84  ubl.o [1]
  .bss                zero     0x2000b120     0x80  G26_Mesh_Validation_Tool.o [1]
  .bss                zero     0x2000b1a0     0x78  draw_motor_dir.o [1]
  .bss                zero     0x2000b218     0x78  draw_steps.o [1]
  .bss                zero     0x2000b290     0x78  draw_XYZLevelPara.o [1]
  .bss                zero     0x2000b308     0x6c  wifi_module.o [1]
  .bss                zero     0x2000b374     0x64  draw_more.o [1]
  .bss                zero     0x2000b3d8     0x60  draw_EnablePin_Invert.o [1]
  .bss                zero     0x2000b438     0x60  draw_jerk.o [1]
  .bss                zero     0x2000b498     0x60  draw_ready_print.o [1]
  .bss                zero     0x2000b4f8     0x60  draw_wifi_list.o [1]
  .bss                zero     0x2000b558     0x60  Marlin_main.o [1]
  .bss                zero     0x2000b5b8     0x60  Marlin_main.o [1]
  .bss                zero     0x2000b618     0x5c  draw_dialog.o [1]
  .bss                zero     0x2000b674     0x5c  wifi_module.o [1]
  .bss                zero     0x2000b6d0     0x54  draw_extrusion.o [1]
  .bss                zero     0x2000b728     0x58  sdio_sdcard.o [1]
  .bss                zero     0x2000b780     0x58  spi.o [1]
  .bss                zero     0x2000b7d8     0x48  draw_advanced.o [1]
  .bss                zero     0x2000b820     0x48  draw_doubleZ.o [1]
  .bss                zero     0x2000b868     0x48  draw_home_dir.o [1]
  .bss                zero     0x2000b8b0     0x48  draw_home_speed.o [1]
  .bss                zero     0x2000b8f8     0x48  draw_machine_type.o [1]
  .bss                zero     0x2000b940     0x48  draw_printing.o [1]
  .bss                zero     0x2000b988     0x48  GUICore.o [3]
  .bss                zero     0x2000b9d0     0x44  multi_language.o [1]
  .bss                zero     0x2000ba14     0x44  planner.o [1]
  .bss                zero     0x2000ba58     0x41  usart.o [1]
  .bss                zero     0x2000ba99      0x2  endstops.o [1]
  .bss                zero     0x2000ba9b      0x1  draw_filamentchange.o [1]
  .bss                zero     0x2000ba9c     0x40  draw_stroke.o [1]
  .bss                zero     0x2000badc     0x40  usart.o [1]
  .bss                zero     0x2000bb1c     0x40  WM.o [3]
  .bss                zero     0x2000bb5c     0x3c  draw_ready_print.o [1]
  .bss                zero     0x2000bb98     0x3c  draw_wifi_list.o [1]
  .bss                zero     0x2000bbd4     0x3c  main.o [1]
  .bss                zero     0x2000bc10     0x3c  mks_test.o [1]
  .bss                zero     0x2000bc4c     0x3c  tim.o [1]
  .bss                zero     0x2000bc88     0x3c  tim.o [1]
  .bss                zero     0x2000bcc4     0x3c  tim.o [1]
  .bss                zero     0x2000bd00     0x3c  tim.o [1]
  .bss                zero     0x2000bd3c     0x38  adc.o [1]
  .bss                zero     0x2000bd74     0x38  draw_bind.o [1]
  .bss                zero     0x2000bdac     0x38  draw_change_speed.o [1]
  .bss                zero     0x2000bde4     0x38  draw_fan.o [1]
  .bss                zero     0x2000be1c     0x38  draw_filamentchange.o [1]
  .bss                zero     0x2000be54     0x38  draw_pause_ui.o [1]
  .bss                zero     0x2000be8c     0x38  draw_pre_heat.o [1]
  .bss                zero     0x2000bec4     0x38  Marlin_main.o [1]
  .bss                zero     0x2000befc     0x38  spi.o [1]
  .bss                zero     0x2000bf34     0x38  usart.o [1]
  .bss                zero     0x2000bf6c     0x34  draw_acceleration.o [1]
  .bss                zero     0x2000bfa0     0x34  draw_advanced.o [1]
  .bss                zero     0x2000bfd4     0x34  draw_deltaLevelPare.o [1]
  .bss                zero     0x2000c008     0x34  draw_doubleZ.o [1]
  .bss                zero     0x2000c03c     0x34  draw_EnablePin_Invert.o [1]
  .bss                zero     0x2000c070     0x34  draw_endstop_type.o [1]
  .bss                zero     0x2000c0a4     0x34  draw_filament_settings.o [1]
  .bss                zero     0x2000c0d8     0x34  draw_home_dir.o [1]
  .bss                zero     0x2000c10c     0x34  draw_home_speed.o [1]
  .bss                zero     0x2000c140     0x34  draw_hotbed_config.o [1]
  .bss                zero     0x2000c174     0x34  draw_jerk.o [1]
  .bss                zero     0x2000c1a8     0x34  draw_language.o [1]
  .bss                zero     0x2000c1dc     0x34  draw_leveling_settings.o [1]
  .bss                zero     0x2000c210     0x34  draw_levelingPara_config.o [1]
  .bss                zero     0x2000c244     0x34  draw_machine_para.o [1]
  .bss                zero     0x2000c278     0x34  draw_machine_settings.o [1]
  .bss                zero     0x2000c2ac     0x34  draw_machine_type.o [1]
  .bss                zero     0x2000c2e0     0x34  draw_manual_leveling.o [1]
  .bss                zero     0x2000c314     0x34  draw_MaxFeedRate.o [1]
  .bss                zero     0x2000c348     0x34  draw_motor_dir.o [1]
  .bss                zero     0x2000c37c     0x34  draw_motor_settings.o [1]
[...]
serial_echopair_P(char const *, float)
                        0x0801b367    0x2e  Code  Gb  serial.o [1]
serial_echopair_P(char const *, int)
                        0x0801b317    0x16  Code  Gb  serial.o [1]
serial_echopair_P(char const *, long)
                        0x0801b343    0x24  Code  Gb  serial.o [1]
serial_echopair_P(char const *, unsigned int)
                        0x0801b32d    0x16  Code  Gb  serial.o [1]
serial_echopair_P(char const *, unsigned long)
                        0x0801b3bf    0x24  Code  Gb  serial.o [1]
serial_spaces(unsigned char)
                        0x0801b3e3    0x1c  Code  Gb  serial.o [1]
serial_wait_tick        0x2000e318     0x1  Data  Gb  Marlin_main.o [1]
serialprintPGM(char const *)
                        0x0801b2ad    0x1c  Code  Gb  serial.o [1]
setProBarRate           0x08026f91    0xca  Code  Gb  draw_printing.o [1]
setProBarRateOpera      0x08042a37    0x72  Code  Gb  draw_operate.o [1]
setProBarRatePause      0x0804343d    0x76  Code  Gb  draw_pause_ui.o [1]
setTouchBound           0x080386a7    0x10  Code  Gb  GUI_TOUCH_DriverAnalog.o [3]
set_axis_is_at_home(AxisEnum)
                        0x0800fddf    0xbc  Code  Lc  Marlin_main.o [1]
set_bed_leveling_enabled(bool)
                        0x080105e1   0x108  Code  Gb  Marlin_main.o [1]
set_bltouch_deployed(bool)
                        0x080101c9    0xc2  Code  Gb  Marlin_main.o [1]
set_current_from_steppers_for_axis(AxisEnum)
                        0x08014183    0x3a  Code  Gb  Marlin_main.o [1]
set_menu                0x2000b9d0    0x30  Data  Gb  multi_language.o [1]
set_probe_deployed(bool)
                        0x0801028b    0x78  Code  Gb  Marlin_main.o [1]
set_value_confirm()     0x0805a811   0xa46  Code  Gb  draw_number_key.o [1]
set_z_fade_height(float, bool)
                        0x08010701    0xfc  Code  Gb  Marlin_main.o [1]
setup                   0x08015275    0xf4  Code  Gb  Marlin_main.o [1]
setup_for_endstop_or_probe_move()
                        0x080100ef    0x16  Code  Lc  Marlin_main.o [1]
size                    0x20000500     0x4  Data  Gb  draw_ui.o [1]
soft_endstop_max        0x20000df4     0xc  Data  Gb  Marlin_main.o [1]
soft_endstop_min        0x20000de8     0xc  Data  Gb  Marlin_main.o [1]
soft_endstop_min_init()
                        0x0800fa2d    0x9a  Code  Gb  Marlin_main.o [1]
soft_endstop_radius     0x200011cc     0x4  Data  Gb  Marlin_main.o [1]
soft_endstop_radius_2   0x200011d0     0x4  Data  Gb  Marlin_main.o [1]
soft_endstops_enabled   0x20000da9     0x1  Data  Gb  Marlin_main.o [1]
speedType               0x2000bdac     0x1  Data  Lc  draw_change_speed.o [1]
speed_menu              0x200074c0    0x2c  Data  Gb  multi_language.o [1]
sprintf                 0x080386f5    0x34  Code  Gb  sprintf.o [4]
sqrt                    0x0801e92d          Code  Gb  sqrt.o [5]
sqrtf                   0x08033a5d          Code  Gb  sqrtf.o [5]
sqrtl                   0x0801e92d          Code  Gb  sqrt.o [5]
srand                   0x0803ebe1    0x20  Code  Gb  srand.o [4]
srcfp                   0x2000e400     0x4  Data  Gb  draw_ui.o [1]
st_clust                0x0802ced3    0x12  Code  Lc  ff.o [1]
start_print_time        0x08026c9d     0xa  Code  Gb  draw_printing.o [1]
stepper_inactive_time   0x2000172c     0x4  Data  Lc  Marlin_main.o [1]
stop()                  0x08015231    0x2c  Code  Gb  Marlin_main.o [1]
stopEspTransfer()       0x08037d75    0xd2  Code  Gb  wifi_module.o [1]
stop_print_time         0x08026ca7     0xa  Code  Gb  draw_printing.o [1]
strcat                  0x080390df    0x1c  Code  Gb  strcat.o [4]
strchr                  0x080390fd          Code  Gb  strchr.o [6]
strlen                  0x0803b8a5          Code  Gb  strlen.o [6]
strncmp                 0x080611d9    0x2a  Code  Gb  strncmp.o [4]
strrchr                 0x0806ae25    0x18  Code  Gb  strrchr.o [4]
strstr                  0x0806f171    0x2c  Code  Gb  strstr.o [4]
sum_sfn                 0x0802cf91    0x1c  Code  Lc  ff.o [1]
symbol_key_value        0x0804af5c    0x1c  Data  Lc  draw_keyboard.o [1]
sync_fs                 0x0802c863    0xd6  Code  Lc  ff.o [1]
sync_plan_position()    0x0800fb15    0x46  Code  Gb  Marlin_main.o [1]
sync_window             0x0802c7cd    0x5e  Code  Lc  ff.o [1]
sys_alloc               0x0803f899   0x384  Code  Lc  dlmalloc.o [4]
target_extruder         0x20000dad     0x1  Data  Gb  Marlin_main.o [1]
temper_error_flg        0x2000e0b9     0x1  Data  Gb  Marlin_main.o [1]
temper_error_kill()     0x0801515d    0x2c  Code  Gb  Marlin_main.o [1]
temper_error_type       0x2000e0ba     0x1  Data  Gb  Marlin_main.o [1]
temperature_change_frequency
                        0x200004f0     0x1  Data  Gb  draw_ui.o [1]
temperature_change_frequency_cnt
                        0x2000bee0     0x4  Data  Lc  Marlin_main.o [1]
temptable_1             0x0802b8b4   0x100  Data  Lc  temperature.o [1]
testCnt                 0x2000bc14     0x4  Data  Gb  mks_test.o [1]
test_gpio_readlevel_H()
                        0x08049643    0xc0  Code  Gb  mks_test.o [1]
test_gpio_readlevel_L()
                        0x08049591    0xb2  Code  Gb  mks_test.o [1]
textDesireTemp          0x2000be8e     0x2  Data  Lc  draw_pre_heat.o [1]
textDesireValue         0x2000be90     0x2  Data  Lc  draw_pre_heat.o [1]
textExtruAmount         0x2000b6d4     0x2  Data  Lc  draw_extrusion.o [1]
textExtruTemp           0x2000be20     0x2  Data  Lc  draw_filamentchange.o [1]
textKeyNumb             0x20001542     0x2  Data  Lc  draw_number_key.o [1]
textPrintSpeed          0x2000bdb0     0x2  Data  Lc  draw_change_speed.o [1]
textPrintTemp           0x2000b6d2     0x2  Data  Lc  draw_extrusion.o [1]
textPrintTemp1          0x2000be56     0x2  Data  Lc  draw_pause_ui.o [1]
textPrintTemp2          0x2000be58     0x2  Data  Lc  draw_pause_ui.o [1]
textReadyBedTemp        0x2000bb62     0x2  Data  Lc  draw_ready_print.o [1]
textReadyFanSpeed       0x2000bb64     0x2  Data  Lc  draw_ready_print.o [1]
textReadyTemp1          0x2000bb5e     0x2  Data  Lc  draw_ready_print.o [1]
textReadyTemp2          0x2000bb60     0x2  Data  Lc  draw_ready_print.o [1]
textSpeedVal            0x2000bdb2     0x2  Data  Lc  draw_change_speed.o [1]
thermalManager          0x2000e44c     0x4  Data  Gb  temperature.o [1]
tick_net_time1          0x2000b694     0x4  Data  Gb  wifi_module.o [1]
tick_net_time2          0x2000b698     0x4  Data  Gb  wifi_module.o [1]
tips_disp               0x2000e09c     0x4  Data  Gb  draw_Tips.o [1]
tips_menu               0x2000e0a8    0x10  Data  Gb  draw_Tips.o [1]
tips_type               0x2000e0b8     0x1  Data  Gb  draw_Tips.o [1]
titleText               0x2000a9b4    0x64  Data  Lc  draw_ui.o [1]
tmalloc_large           0x0803fc29   0x38a  Code  Lc  dlmalloc.o [4]
tmalloc_small           0x0803ffb3   0x204  Code  Lc  dlmalloc.o [4]
tolower                 0x0803e801    0x14  Code  Gb  tolower.o [4]
tool_change(unsigned char, float, bool)
                        0x080113c5   0x214  Code  Gb  Marlin_main.o [1]
tool_menu               0x2000753c    0x28  Data  Gb  multi_language.o [1]
total_write             0x2000a404     0x4  Data  Gb  wifi_module.o [1]
touch_time              0x2000e3dc     0x4  Data  Lc  mks_touch_screen.o [1]
truncf                  0x08040d65          Code  Gb  truncf.o [5]
tx_buf                  0x200016f4     0x1  Data  Lc  spi_flash.o [1]
uCRCErrorWorkaroundCheck
                        0x2000e488     0x1  Data  Gb  stm32f1xx_hal_spi_ex.o [1]
ubl                     0x200011e0     0x4  Data  Gb  Marlin_main.o [1]
ubl_buffer_segment_raw(float const (&)[4], float const &)
                        0x080616a5   0x244  Code  Gb  ubl_motion.o [1]
ubl_cnt                 0x2000b09c     0x1  Data  Gb  ubl.o [1]
ubl_invalid_slot(int)   0x08032775    0x24  Code  Gb  configuration_store.o [1]
ubl_state_at_invocation
                        0x2000dfcb     0x1  Data  Lc  ubl_G29.o [1]
ugbksize                0x2000e428     0x4  Data  Gb  mks_cfg.o [1]
uhADCxConvertedValue    0x2000e3b8     0x8  Data  Gb  adc.o [1]
unbinding_flag          0x2000bd74     0x1  Data  Lc  draw_bind.o [1]
unified_bed_leveling::_mesh_index_to_xpos
                        0x2000b0a0    0x40  Data  Gb  ubl.o [1]
unified_bed_leveling::_mesh_index_to_ypos
                        0x2000b0e0    0x40  Data  Gb  ubl.o [1]
unified_bed_leveling::display_map(int)
                        0x080186c5   0x7c8  Code  Gb  ubl.o [1]
unified_bed_leveling::echo_name()
                        0x08018511    0x1e  Code  Gb  ubl.o [1]
unified_bed_leveling::find_closest_mesh_point_of_type(MeshPointType, float const &, float const &, bool, unsigned int *)
                        0x08024135   0x38e  Code  Gb  ubl_G29.o [1]
unified_bed_leveling::find_furthest_invalid_mesh_point()
                        0x08023e21   0x30e  Code  Gb  ubl_G29.o [1]
unified_bed_leveling::find_mean_mesh_height()
                        0x08022435   0x1cc  Code  Gb  ubl_G29.o [1]
unified_bed_leveling::g29_c_flag
                        0x2000dfc8     0x1  Data  Gb  ubl_G29.o [1]
unified_bed_leveling::g29_compare_current_mesh_to_stored_mesh()
                        0x08023ccd    0xb8  Code  Gb  ubl_G29.o [1]
unified_bed_leveling::g29_constant
                        0x2000dfe8     0x4  Data  Gb  ubl_G29.o [1]
unified_bed_leveling::g29_eeprom_dump()
                        0x08023c15    0x84  Code  Gb  ubl_G29.o [1]
unified_bed_leveling::g29_grid_size
                        0x2000dfec     0x4  Data  Gb  ubl_G29.o [1]
unified_bed_leveling::g29_map_type
                        0x2000dfdc     0x4  Data  Gb  ubl_G29.o [1]
unified_bed_leveling::g29_parameter_parsing()
                        0x08022bb5   0x380  Code  Gb  ubl_G29.o [1]
unified_bed_leveling::g29_phase_value
                        0x2000dfd0     0x4  Data  Gb  ubl_G29.o [1]
unified_bed_leveling::g29_repetition_cnt
                        0x2000dfd4     0x4  Data  Gb  ubl_G29.o [1]
unified_bed_leveling::g29_storage_slot
                        0x2000dfd8     0x4  Data  Gb  ubl_G29.o [1]
unified_bed_leveling::g29_verbose_level
                        0x2000dfcc     0x4  Data  Gb  ubl_G29.o [1]
unified_bed_leveling::g29_what_command()
                        0x0802309d   0x522  Code  Gb  ubl_G29.o [1]
unified_bed_leveling::g29_x_flag
                        0x2000dfc9     0x1  Data  Gb  ubl_G29.o [1]
unified_bed_leveling::g29_x_pos
                        0x2000dfe0     0x4  Data  Gb  ubl_G29.o [1]
unified_bed_leveling::g29_y_flag
                        0x2000dfca     0x1  Data  Gb  ubl_G29.o [1]
unified_bed_leveling::g29_y_pos
                        0x2000dfe4     0x4  Data  Gb  ubl_G29.o [1]
unified_bed_leveling::gcode_G29_UBL()
                        0x08021789   0xb74  Code  Gb  ubl_G29.o [1]
unified_bed_leveling::get_cell_index_x(float const &)
                        0x0803b8dd   0x118  Code  Gb  ubl_motion.o [1]
unified_bed_leveling::get_cell_index_y(float const &)
                        0x0803b9f5   0x114  Code  Gb  ubl_motion.o [1]
unified_bed_leveling::get_z_correction(float const &, float const &)
                        0x0803bb3d   0x160  Code  Gb  ubl_G29.o [1]
unified_bed_leveling::invalidate()
                        0x08018681    0x10  Code  Gb  ubl.o [1]
unified_bed_leveling::line_to_destination_cartesian(float const &, unsigned char)
                        0x08034181   0x9da  Code  Gb  ubl_motion.o [1]
unified_bed_leveling::mesh_index_to_xpos(unsigned char)
                        0x0803e959   0x114  Code  Gb  ubl_motion.o [1]
unified_bed_leveling::mesh_index_to_xypos_init()
                        0x08018eb9   0x252  Code  Gb  ubl.o [1]
unified_bed_leveling::mesh_index_to_ypos(unsigned char)
                        0x0803ea6d   0x110  Code  Gb  ubl_motion.o [1]
unified_bed_leveling::prepare_segmented_line_to(float const (&)[4], float const &)
                        0x08034bd5   0xbde  Code  Gb  ubl_motion.o [1]
unified_bed_leveling::probe_entire_mesh(float const &, float const &, bool, bool, bool)
                        0x080226c5   0x28a  Code  Gb  ubl_G29.o [1]
unified_bed_leveling::report_state()
                        0x0801852f    0x6e  Code  Gb  ubl.o [1]
unified_bed_leveling::reset()
                        0x08018631    0x50  Code  Gb  ubl.o [1]
unified_bed_leveling::sanity_check()
                        0x08018e8d    0x28  Code  Gb  ubl.o [1]
unified_bed_leveling::set_all_mesh_points_to_value(float)
                        0x08018691    0x2e  Code  Gb  ubl.o [1]
unified_bed_leveling::shift_mesh_height()
                        0x0802265d    0x52  Code  Gb  ubl_G29.o [1]
unified_bed_leveling::smart_fill_mesh()
                        0x080244c3   0x248  Code  Gb  ubl_G29.o [1]
unified_bed_leveling::smart_fill_wlsf(float const &)
                        0x08024bef   0x484  Code  Gb  ubl_G29.o [1]
unified_bed_leveling::storage_slot
                        0x2000b09d     0x1  Data  Gb  ubl.o [1]
unified_bed_leveling::tilt_mesh_based_on_3pts(float const &, float const &, float const &)
                        0x0802295d   0x210  Code  Gb  ubl_G29.o [1]
unified_bed_leveling::tilt_mesh_based_on_probed_grid(bool)
                        0x0802475d   0x48c  Code  Gb  ubl_G29.o [1]
unified_bed_leveling::unified_bed_leveling()
                        0x080185dd    0x54  Code  Gb  ubl.o [1]
unified_bed_leveling::z_correction_for_x_on_horizontal_mesh_line(float const &, int, int)
                        0x08061365   0x1b4  Code  Gb  ubl_motion.o [1]
unified_bed_leveling::z_correction_for_y_on_vertical_mesh_line(float const &, int, int)
                        0x08061519   0x18c  Code  Gb  ubl_motion.o [1]
unified_bed_leveling::z_values
                        0x200091f8   0x240  Data  Gb  ubl.o [1]
update_join_state_disp  0x0804ae1f    0x2e  Code  Gb  draw_keyboard.o [1]
update_keyboard_disp    0x0804acf7    0xf8  Code  Gb  draw_keyboard.o [1]
update_password_disp    0x0804adf5    0x2a  Code  Gb  draw_keyboard.o [1]
update_software_endstops(AxisEnum)
                        0x0800fcef    0xf0  Code  Gb  Marlin_main.o [1]
uploadPort_available()  0x0806381f     0x8  Code  Gb  wifi_upload.o [1]
uploadPort_begin()      0x08063827     0x6  Code  Gb  wifi_upload.o [1]
uploadPort_read()       0x08063803    0x1c  Code  Gb  wifi_upload.o [1]
uploadPort_write(unsigned char const *, unsigned int)
                        0x080637d9    0x2a  Code  Gb  wifi_upload.o [1]
upload_result           0x2000b684     0x4  Data  Gb  wifi_module.o [1]
upload_size             0x2000b68c     0x4  Data  Gb  wifi_module.o [1]
upload_spin()           0x08063d3d   0x17a  Code  Gb  wifi_upload.o [1]
upload_time             0x2000b688     0x4  Data  Gb  wifi_module.o [1]
usartFifoAvailable(SZ_USART_FIFO *)
                        0x080383f9    0x10  Code  Gb  wifi_module.o [1]
utf8_2_gbk(unsigned char *, unsigned char)
                        0x08037755    0xae  Code  Gb  wifi_module.o [1]
uwTick                  0x2000e448     0x4  Data  Lc  stm32f1xx_hal.o [1]
validate                0x0802ddf5    0x34  Code  Lc  ff.o [1]
value                   0x2000e477     0x1  Data  Gb  draw_ui.o [1]
vector_3::apply_rotation(matrix_3x3)
                        0x0801e09d    0x9c  Code  Gb  vector_3.o [1]
vector_3::cross(vector_3, vector_3)
                        0x0801df13    0x72  Code  Gb  vector_3.o [1]
vector_3::get_length()  0x0801dfdf    0x8a  Code  Gb  vector_3.o [1]
vector_3::get_normal()  0x0801dfbd    0x22  Code  Gb  vector_3.o [1]
vector_3::normalize()   0x0801e069    0x34  Code  Gb  vector_3.o [1]
vector_3::operator -(vector_3)
                        0x0801df85    0x26  Code  Gb  vector_3.o [1]
vector_3::vector_3(float, float, float)
                        0x0801df09     0x2  Code  Gb  vector_3.o [1]
version                 0x080326b4     0x4  Data  Lc  configuration_store.o [1]
vertical_mesh_line_flags
                        0x2000b160    0x40  Data  Lc  G26_Mesh_Validation_Tool.o [1]
wait_for_heatup         0x20000dac     0x1  Data  Gb  Marlin_main.o [1]
waiting_wifi_time       0x2000bed1     0x1  Data  Gb  Marlin_main.o [1]
wifiDmaRcvFifo          0x2000df14    0x30  Data  Gb  wifi_module.o [1]
wifiPara                0x2000b308    0x6c  Data  Gb  wifi_module.o [1]
wifiTransError          0x2000b678     0xc  Data  Gb  wifi_module.o [1]
wifi_check_time         0x2000e48a     0x1  Data  Gb  wifi_module.o [1]
wifi_delay(int)         0x080362ef    0x24  Code  Gb  wifi_module.o [1]
wifi_firm_ver           0x2000a0f4    0x14  Data  Gb  wifi_module.o [1]
wifi_gcode_exec(unsigned char *)
                        0x08036905   0x982  Code  Lc  wifi_module.o [1]
wifi_init()             0x080381b9   0x236  Code  Gb  wifi_module.o [1]
wifi_init_flg           0x2000bece     0x1  Data  Gb  Marlin_main.o [1]
wifi_link_state         0x2000b674     0x1  Data  Gb  wifi_module.o [1]
wifi_list               0x200080ac   0x2d0  Data  Gb  draw_wifi_list.o [1]
wifi_list_msg_handle(unsigned char *, unsigned short)
                        0x08037615   0x126  Code  Lc  wifi_module.o [1]
wifi_looping()          0x08038083    0x20  Code  Gb  wifi_module.o [1]
wifi_menu               0x20007490    0x30  Data  Gb  multi_language.o [1]
wifi_rcv_handle()       0x08037e59   0x22a  Code  Gb  wifi_module.o [1]
wifi_read_count         0x2000e324     0x4  Data  Lc  Marlin_main.o [1]
wifi_refresh_flg        0x2000becf     0x1  Data  Gb  Marlin_main.o [1]
wifi_reset()            0x08036313    0x3a  Code  Gb  wifi_module.o [1]
wifi_scan_handle        0x0803a37d    0x5e  Code  Gb  draw_dialog.o [1]
wifi_upload             0x08063f7b    0x70  Code  Gb  wifi_upload.o [1]
workspace_offset        0x20000ddc     0xc  Data  Gb  Marlin_main.o [1]
writePacket(unsigned char const *, unsigned int, unsigned char const *, unsigned int)
                        0x08063a81    0x28  Code  Gb  wifi_upload.o [1]
writePacketRaw(unsigned char const *, unsigned int, unsigned char const *, unsigned int)
                        0x08063aa9    0x28  Code  Gb  wifi_upload.o [1]
writeUsartFifo(SZ_USART_FIFO *, signed char *, int)
                        0x0803843d    0x44  Code  Gb  wifi_module.o [1]
write_to_file(char *, int)
                        0x0803674b    0x6e  Code  Gb  wifi_module.o [1]
x                       0x2000e0bb     0x1  Data  Gb  draw_more.o [1]
xMax                    0x2000151c     0x4  Data  Lc  GUI_TOUCH_DriverAnalog.o [3]
xMin                    0x20001518     0x4  Data  Lc  GUI_TOUCH_DriverAnalog.o [3]
xPhys                   0x20001510     0x4  Data  Lc  GUI_TOUCH_DriverAnalog.o [3]
x_touch                 0x2000e3d8     0x2  Data  Lc  mks_touch_screen.o [1]
xyMinMax                0x20001500    0x10  Data  Lc  GUI_TOUCH_DriverAnalog.o [3]
xy_probe_feedrate_mm_s  0x200011d4     0x4  Data  Gb  Marlin_main.o [1]
yMax                    0x20001524     0x4  Data  Lc  GUI_TOUCH_DriverAnalog.o [3]
yMin                    0x20001520     0x4  Data  Lc  GUI_TOUCH_DriverAnalog.o [3]
yPhys                   0x20001514     0x4  Data  Lc  GUI_TOUCH_DriverAnalog.o [3]
y_touch                 0x2000e3da     0x2  Data  Lc  mks_touch_screen.o [1]
z_endstop_adj           0x200010d0     0x4  Data  Gb  Marlin_main.o [1]
z_high_count            0x2000bedc     0x2  Data  Gb  Marlin_main.o [1]
z_values                0x20008d78   0x240  Data  Gb  Marlin_main.o [1]
zoffset_menu            0x2000765c    0x1c  Data  Gb  multi_language.o [1]
zprobe_zoffset          0x20000e1c     0x4  Data  Gb  Marlin_main.o [1]
zstep                   0x20001384     0x4  Data  Lc  draw_mesh_leveling.o [1]


[1] = D:\MKS-Robin-Nano-Firmware-v2.x.x\MKS-Robin-Nano-Firmware\EWARM\mksRobinNano\Obj
[2] = command line
[3] = GUI.a
[4] = dl7M_tlf.a
[5] = m7M_tl.a
[6] = rt7M_tl.a
[7] = shb_l.a

  397 926 bytes of readonly  code memory
   88 971 bytes of readonly  data memory
   64 653 bytes of readwrite data memory

Errors: none
Warnings: none
