###############################################################################
#
# IAR ELF Linker V7.10.1.6676/W32 for ARM                 13/Apr/2020  09:57:57
# Copyright 2007-2014 IAR Systems AB.
#
#    Output file  =  
#        D:\MKS-Robin-Nano-Firmware-v2.x.x\MKS-Robin-Nano-Firmware\EWARM\mksRobinNano\Exe\mksRobinNano.out
#    Map file     =  
#        D:\MKS-Robin-Nano-Firmware-v2.x.x\MKS-Robin-Nano-Firmware\EWARM\mksRobinNano/List\mksRobinNano.map
#    Command line =  
#        D:\MKS-Robin-Nano-Firmware-v2.x.x\MKS-Robin-Nano-Firmware\EWARM\mksRobinNano\Obj\adc.o
#        D:\MKS-Robin-Nano-Firmware-v2.x.x\MKS-Robin-Nano-Firmware\EWARM\mksRobinNano\Obj\at24cxx.o
#        D:\MKS-Robin-Nano-Firmware-v2.x.x\MKS-Robin-Nano-Firmware\EWARM\mksRobinNano\Obj\bitstream.o
#        D:\MKS-Robin-Nano-Firmware-v2.x.x\MKS-Robin-Nano-Firmware\EWARM\mksRobinNano\Obj\blinkm.o
#        D:\MKS-Robin-Nano-Firmware-v2.x.x\MKS-Robin-Nano-Firmware\EWARM\mksRobinNano\Obj\bsp_driver_sd.o
#        D:\MKS-Robin-Nano-Firmware-v2.x.x\MKS-Robin-Nano-Firmware\EWARM\mksRobinNano\Obj\cardreader.o
#        D:\MKS-Robin-Nano-Firmware-v2.x.x\MKS-Robin-Nano-Firmware\EWARM\mksRobinNano\Obj\configuration_store.o
#        D:\MKS-Robin-Nano-Firmware-v2.x.x\MKS-Robin-Nano-Firmware\EWARM\mksRobinNano\Obj\dac_mcp4728.o
#        D:\MKS-Robin-Nano-Firmware-v2.x.x\MKS-Robin-Nano-Firmware\EWARM\mksRobinNano\Obj\digipot_mcp4451.o
#        D:\MKS-Robin-Nano-Firmware-v2.x.x\MKS-Robin-Nano-Firmware\EWARM\mksRobinNano\Obj\diskio.o
#        D:\MKS-Robin-Nano-Firmware-v2.x.x\MKS-Robin-Nano-Firmware\EWARM\mksRobinNano\Obj\dma.o
#        D:\MKS-Robin-Nano-Firmware-v2.x.x\MKS-Robin-Nano-Firmware\EWARM\mksRobinNano\Obj\draw_about.o
#        D:\MKS-Robin-Nano-Firmware-v2.x.x\MKS-Robin-Nano-Firmware\EWARM\mksRobinNano\Obj\draw_acceleration.o
#        D:\MKS-Robin-Nano-Firmware-v2.x.x\MKS-Robin-Nano-Firmware\EWARM\mksRobinNano\Obj\draw_advanced.o
#        D:\MKS-Robin-Nano-Firmware-v2.x.x\MKS-Robin-Nano-Firmware\EWARM\mksRobinNano\Obj\draw_babyStep.o
#        D:\MKS-Robin-Nano-Firmware-v2.x.x\MKS-Robin-Nano-Firmware\EWARM\mksRobinNano\Obj\draw_bind.o
#        D:\MKS-Robin-Nano-Firmware-v2.x.x\MKS-Robin-Nano-Firmware\EWARM\mksRobinNano\Obj\draw_change_speed.o
#        D:\MKS-Robin-Nano-Firmware-v2.x.x\MKS-Robin-Nano-Firmware\EWARM\mksRobinNano\Obj\draw_deltaLevelPare.o
#        D:\MKS-Robin-Nano-Firmware-v2.x.x\MKS-Robin-Nano-Firmware\EWARM\mksRobinNano\Obj\draw_dialog.o
#        D:\MKS-Robin-Nano-Firmware-v2.x.x\MKS-Robin-Nano-Firmware\EWARM\mksRobinNano\Obj\draw_doubleZ.o
#        D:\MKS-Robin-Nano-Firmware-v2.x.x\MKS-Robin-Nano-Firmware\EWARM\mksRobinNano\Obj\draw_EnablePin_Invert.o
#        D:\MKS-Robin-Nano-Firmware-v2.x.x\MKS-Robin-Nano-Firmware\EWARM\mksRobinNano\Obj\draw_endstop_type.o
#        D:\MKS-Robin-Nano-Firmware-v2.x.x\MKS-Robin-Nano-Firmware\EWARM\mksRobinNano\Obj\draw_extrusion.o
#        D:\MKS-Robin-Nano-Firmware-v2.x.x\MKS-Robin-Nano-Firmware\EWARM\mksRobinNano\Obj\draw_fan.o
#        D:\MKS-Robin-Nano-Firmware-v2.x.x\MKS-Robin-Nano-Firmware\EWARM\mksRobinNano\Obj\draw_filament_settings.o
#        D:\MKS-Robin-Nano-Firmware-v2.x.x\MKS-Robin-Nano-Firmware\EWARM\mksRobinNano\Obj\draw_filamentchange.o
#        D:\MKS-Robin-Nano-Firmware-v2.x.x\MKS-Robin-Nano-Firmware\EWARM\mksRobinNano\Obj\draw_FileTransfer_ui.o
#        D:\MKS-Robin-Nano-Firmware-v2.x.x\MKS-Robin-Nano-Firmware\EWARM\mksRobinNano\Obj\draw_home_dir.o
#        D:\MKS-Robin-Nano-Firmware-v2.x.x\MKS-Robin-Nano-Firmware\EWARM\mksRobinNano\Obj\draw_home_speed.o
#        D:\MKS-Robin-Nano-Firmware-v2.x.x\MKS-Robin-Nano-Firmware\EWARM\mksRobinNano\Obj\draw_hotbed_config.o
#        D:\MKS-Robin-Nano-Firmware-v2.x.x\MKS-Robin-Nano-Firmware\EWARM\mksRobinNano\Obj\draw_jerk.o
#        D:\MKS-Robin-Nano-Firmware-v2.x.x\MKS-Robin-Nano-Firmware\EWARM\mksRobinNano\Obj\draw_keyboard.o
#        D:\MKS-Robin-Nano-Firmware-v2.x.x\MKS-Robin-Nano-Firmware\EWARM\mksRobinNano\Obj\draw_language.o
#        D:\MKS-Robin-Nano-Firmware-v2.x.x\MKS-Robin-Nano-Firmware\EWARM\mksRobinNano\Obj\draw_leveling_settings.o
#        D:\MKS-Robin-Nano-Firmware-v2.x.x\MKS-Robin-Nano-Firmware\EWARM\mksRobinNano\Obj\draw_levelingPara_config.o
#        D:\MKS-Robin-Nano-Firmware-v2.x.x\MKS-Robin-Nano-Firmware\EWARM\mksRobinNano\Obj\draw_machine_para.o
#        D:\MKS-Robin-Nano-Firmware-v2.x.x\MKS-Robin-Nano-Firmware\EWARM\mksRobinNano\Obj\draw_machine_settings.o
#        D:\MKS-Robin-Nano-Firmware-v2.x.x\MKS-Robin-Nano-Firmware\EWARM\mksRobinNano\Obj\draw_machine_type.o
#        D:\MKS-Robin-Nano-Firmware-v2.x.x\MKS-Robin-Nano-Firmware\EWARM\mksRobinNano\Obj\draw_manual_leveling.o
#        D:\MKS-Robin-Nano-Firmware-v2.x.x\MKS-Robin-Nano-Firmware\EWARM\mksRobinNano\Obj\draw_MaxFeedRate.o
#        D:\MKS-Robin-Nano-Firmware-v2.x.x\MKS-Robin-Nano-Firmware\EWARM\mksRobinNano\Obj\draw_mesh_leveling.o
#        D:\MKS-Robin-Nano-Firmware-v2.x.x\MKS-Robin-Nano-Firmware\EWARM\mksRobinNano\Obj\draw_more.o
#        D:\MKS-Robin-Nano-Firmware-v2.x.x\MKS-Robin-Nano-Firmware\EWARM\mksRobinNano\Obj\draw_motor_dir.o
#        D:\MKS-Robin-Nano-Firmware-v2.x.x\MKS-Robin-Nano-Firmware\EWARM\mksRobinNano\Obj\draw_motor_settings.o
#        D:\MKS-Robin-Nano-Firmware-v2.x.x\MKS-Robin-Nano-Firmware\EWARM\mksRobinNano\Obj\draw_move_motor.o
#        D:\MKS-Robin-Nano-Firmware-v2.x.x\MKS-Robin-Nano-Firmware\EWARM\mksRobinNano\Obj\draw_nozzle_config.o
#        D:\MKS-Robin-Nano-Firmware-v2.x.x\MKS-Robin-Nano-Firmware\EWARM\mksRobinNano\Obj\draw_number_key.o
#        D:\MKS-Robin-Nano-Firmware-v2.x.x\MKS-Robin-Nano-Firmware\EWARM\mksRobinNano\Obj\draw_operate.o
#        D:\MKS-Robin-Nano-Firmware-v2.x.x\MKS-Robin-Nano-Firmware\EWARM\mksRobinNano\Obj\draw_pause_ui.o
#        D:\MKS-Robin-Nano-Firmware-v2.x.x\MKS-Robin-Nano-Firmware\EWARM\mksRobinNano\Obj\draw_pre_heat.o
#        D:\MKS-Robin-Nano-Firmware-v2.x.x\MKS-Robin-Nano-Firmware\EWARM\mksRobinNano\Obj\draw_print_file.o
#        D:\MKS-Robin-Nano-Firmware-v2.x.x\MKS-Robin-Nano-Firmware\EWARM\mksRobinNano\Obj\draw_printing.o
#        D:\MKS-Robin-Nano-Firmware-v2.x.x\MKS-Robin-Nano-Firmware\EWARM\mksRobinNano\Obj\draw_printing_moremenu.o
#        D:\MKS-Robin-Nano-Firmware-v2.x.x\MKS-Robin-Nano-Firmware\EWARM\mksRobinNano\Obj\draw_ready_print.o
#        D:\MKS-Robin-Nano-Firmware-v2.x.x\MKS-Robin-Nano-Firmware\EWARM\mksRobinNano\Obj\draw_set.o
#        D:\MKS-Robin-Nano-Firmware-v2.x.x\MKS-Robin-Nano-Firmware\EWARM\mksRobinNano\Obj\draw_steps.o
#        D:\MKS-Robin-Nano-Firmware-v2.x.x\MKS-Robin-Nano-Firmware\EWARM\mksRobinNano\Obj\draw_stroke.o
#        D:\MKS-Robin-Nano-Firmware-v2.x.x\MKS-Robin-Nano-Firmware\EWARM\mksRobinNano\Obj\draw_temperature_settings.o
#        D:\MKS-Robin-Nano-Firmware-v2.x.x\MKS-Robin-Nano-Firmware\EWARM\mksRobinNano\Obj\draw_Tips.o
#        D:\MKS-Robin-Nano-Firmware-v2.x.x\MKS-Robin-Nano-Firmware\EWARM\mksRobinNano\Obj\draw_tool.o
#        D:\MKS-Robin-Nano-Firmware-v2.x.x\MKS-Robin-Nano-Firmware\EWARM\mksRobinNano\Obj\draw_ui.o
#        D:\MKS-Robin-Nano-Firmware-v2.x.x\MKS-Robin-Nano-Firmware\EWARM\mksRobinNano\Obj\draw_wifi.o
#        D:\MKS-Robin-Nano-Firmware-v2.x.x\MKS-Robin-Nano-Firmware\EWARM\mksRobinNano\Obj\draw_wifi_list.o
#        D:\MKS-Robin-Nano-Firmware-v2.x.x\MKS-Robin-Nano-Firmware\EWARM\mksRobinNano\Obj\draw_XYZLevelPara.o
#        D:\MKS-Robin-Nano-Firmware-v2.x.x\MKS-Robin-Nano-Firmware\EWARM\mksRobinNano\Obj\draw_zero.o
#        D:\MKS-Robin-Nano-Firmware-v2.x.x\MKS-Robin-Nano-Firmware\EWARM\mksRobinNano\Obj\endstops.o
#        D:\MKS-Robin-Nano-Firmware-v2.x.x\MKS-Robin-Nano-Firmware\EWARM\mksRobinNano\Obj\fatfs.o
#        D:\MKS-Robin-Nano-Firmware-v2.x.x\MKS-Robin-Nano-Firmware\EWARM\mksRobinNano\Obj\ff.o
#        D:\MKS-Robin-Nano-Firmware-v2.x.x\MKS-Robin-Nano-Firmware\EWARM\mksRobinNano\Obj\fontHz14.o
#        D:\MKS-Robin-Nano-Firmware-v2.x.x\MKS-Robin-Nano-Firmware\EWARM\mksRobinNano\Obj\fsmc.o
#        D:\MKS-Robin-Nano-Firmware-v2.x.x\MKS-Robin-Nano-Firmware\EWARM\mksRobinNano\Obj\G26_Mesh_Validation_Tool.o
#        D:\MKS-Robin-Nano-Firmware-v2.x.x\MKS-Robin-Nano-Firmware\EWARM\mksRobinNano\Obj\gcode.o
#        D:\MKS-Robin-Nano-Firmware-v2.x.x\MKS-Robin-Nano-Firmware\EWARM\mksRobinNano\Obj\gpio.o
#        D:\MKS-Robin-Nano-Firmware-v2.x.x\MKS-Robin-Nano-Firmware\EWARM\mksRobinNano\Obj\Helvetica26.o
#        D:\MKS-Robin-Nano-Firmware-v2.x.x\MKS-Robin-Nano-Firmware\EWARM\mksRobinNano\Obj\Helvetica36.o
#        D:\MKS-Robin-Nano-Firmware-v2.x.x\MKS-Robin-Nano-Firmware\EWARM\mksRobinNano\Obj\hex_print_routines.o
#        D:\MKS-Robin-Nano-Firmware-v2.x.x\MKS-Robin-Nano-Firmware\EWARM\mksRobinNano\Obj\i2c.o
#        D:\MKS-Robin-Nano-Firmware-v2.x.x\MKS-Robin-Nano-Firmware\EWARM\mksRobinNano\Obj\id_manage.o
#        D:\MKS-Robin-Nano-Firmware-v2.x.x\MKS-Robin-Nano-Firmware\EWARM\mksRobinNano\Obj\ili9320.o
#        D:\MKS-Robin-Nano-Firmware-v2.x.x\MKS-Robin-Nano-Firmware\EWARM\mksRobinNano\Obj\least_squares_fit.o
#        D:\MKS-Robin-Nano-Firmware-v2.x.x\MKS-Robin-Nano-Firmware\EWARM\mksRobinNano\Obj\M100_Free_Mem_Chk.o
#        D:\MKS-Robin-Nano-Firmware-v2.x.x\MKS-Robin-Nano-Firmware\EWARM\mksRobinNano\Obj\main.o
#        D:\MKS-Robin-Nano-Firmware-v2.x.x\MKS-Robin-Nano-Firmware\EWARM\mksRobinNano\Obj\Marlin_main.o
#        D:\MKS-Robin-Nano-Firmware-v2.x.x\MKS-Robin-Nano-Firmware\EWARM\mksRobinNano\Obj\MarlinSerial.o
#        D:\MKS-Robin-Nano-Firmware-v2.x.x\MKS-Robin-Nano-Firmware\EWARM\mksRobinNano\Obj\mask.o
#        D:\MKS-Robin-Nano-Firmware-v2.x.x\MKS-Robin-Nano-Firmware\EWARM\mksRobinNano\Obj\mesh_bed_leveling.o
#        D:\MKS-Robin-Nano-Firmware-v2.x.x\MKS-Robin-Nano-Firmware\EWARM\mksRobinNano\Obj\misc.o
#        D:\MKS-Robin-Nano-Firmware-v2.x.x\MKS-Robin-Nano-Firmware\EWARM\mksRobinNano\Obj\mks_cfg.o
#        D:\MKS-Robin-Nano-Firmware-v2.x.x\MKS-Robin-Nano-Firmware\EWARM\mksRobinNano\Obj\mks_fontHz14.o
#        D:\MKS-Robin-Nano-Firmware-v2.x.x\MKS-Robin-Nano-Firmware\EWARM\mksRobinNano\Obj\mks_test.o
#        D:\MKS-Robin-Nano-Firmware-v2.x.x\MKS-Robin-Nano-Firmware\EWARM\mksRobinNano\Obj\mks_touch_screen.o
#        D:\MKS-Robin-Nano-Firmware-v2.x.x\MKS-Robin-Nano-Firmware\EWARM\mksRobinNano\Obj\mks_variant.o
#        D:\MKS-Robin-Nano-Firmware-v2.x.x\MKS-Robin-Nano-Firmware\EWARM\mksRobinNano\Obj\mmask.o
#        D:\MKS-Robin-Nano-Firmware-v2.x.x\MKS-Robin-Nano-Firmware\EWARM\mksRobinNano\Obj\mqrspec.o
#        D:\MKS-Robin-Nano-Firmware-v2.x.x\MKS-Robin-Nano-Firmware\EWARM\mksRobinNano\Obj\multi_language.o
#        D:\MKS-Robin-Nano-Firmware-v2.x.x\MKS-Robin-Nano-Firmware\EWARM\mksRobinNano\Obj\mycc936.o
#        D:\MKS-Robin-Nano-Firmware-v2.x.x\MKS-Robin-Nano-Firmware\EWARM\mksRobinNano\Obj\pic.o
#        D:\MKS-Robin-Nano-Firmware-v2.x.x\MKS-Robin-Nano-Firmware\EWARM\mksRobinNano\Obj\pic_manager.o
#        D:\MKS-Robin-Nano-Firmware-v2.x.x\MKS-Robin-Nano-Firmware\EWARM\mksRobinNano\Obj\planner.o
#        D:\MKS-Robin-Nano-Firmware-v2.x.x\MKS-Robin-Nano-Firmware\EWARM\mksRobinNano\Obj\planner_bezier.o
#        D:\MKS-Robin-Nano-Firmware-v2.x.x\MKS-Robin-Nano-Firmware\EWARM\mksRobinNano\Obj\Print.o
#        D:\MKS-Robin-Nano-Firmware-v2.x.x\MKS-Robin-Nano-Firmware\EWARM\mksRobinNano\Obj\printcounter.o
#        D:\MKS-Robin-Nano-Firmware-v2.x.x\MKS-Robin-Nano-Firmware\EWARM\mksRobinNano\Obj\QR_Encode.o
#        D:\MKS-Robin-Nano-Firmware-v2.x.x\MKS-Robin-Nano-Firmware\EWARM\mksRobinNano\Obj\qrencode.o
#        D:\MKS-Robin-Nano-Firmware-v2.x.x\MKS-Robin-Nano-Firmware\EWARM\mksRobinNano\Obj\qrinput.o
#        D:\MKS-Robin-Nano-Firmware-v2.x.x\MKS-Robin-Nano-Firmware\EWARM\mksRobinNano\Obj\qrspec.o
#        D:\MKS-Robin-Nano-Firmware-v2.x.x\MKS-Robin-Nano-Firmware\EWARM\mksRobinNano\Obj\RingBuffer.o
#        D:\MKS-Robin-Nano-Firmware-v2.x.x\MKS-Robin-Nano-Firmware\EWARM\mksRobinNano\Obj\rscode.o
#        D:\MKS-Robin-Nano-Firmware-v2.x.x\MKS-Robin-Nano-Firmware\EWARM\mksRobinNano\Obj\rtc.o
#        D:\MKS-Robin-Nano-Firmware-v2.x.x\MKS-Robin-Nano-Firmware\EWARM\mksRobinNano\Obj\sdio_sdcard.o
#        D:\MKS-Robin-Nano-Firmware-v2.x.x\MKS-Robin-Nano-Firmware\EWARM\mksRobinNano\Obj\serial.o
#        D:\MKS-Robin-Nano-Firmware-v2.x.x\MKS-Robin-Nano-Firmware\EWARM\mksRobinNano\Obj\servo.o
#        D:\MKS-Robin-Nano-Firmware-v2.x.x\MKS-Robin-Nano-Firmware\EWARM\mksRobinNano\Obj\spi.o
#        D:\MKS-Robin-Nano-Firmware-v2.x.x\MKS-Robin-Nano-Firmware\EWARM\mksRobinNano\Obj\spi_flash.o
#        D:\MKS-Robin-Nano-Firmware-v2.x.x\MKS-Robin-Nano-Firmware\EWARM\mksRobinNano\Obj\split.o
#        D:\MKS-Robin-Nano-Firmware-v2.x.x\MKS-Robin-Nano-Firmware\EWARM\mksRobinNano\Obj\startup_stm32f103xe.o
#        D:\MKS-Robin-Nano-Firmware-v2.x.x\MKS-Robin-Nano-Firmware\EWARM\mksRobinNano\Obj\stepper.o
#        D:\MKS-Robin-Nano-Firmware-v2.x.x\MKS-Robin-Nano-Firmware\EWARM\mksRobinNano\Obj\stepper_dac.o
#        D:\MKS-Robin-Nano-Firmware-v2.x.x\MKS-Robin-Nano-Firmware\EWARM\mksRobinNano\Obj\stepper_indirection.o
#        D:\MKS-Robin-Nano-Firmware-v2.x.x\MKS-Robin-Nano-Firmware\EWARM\mksRobinNano\Obj\stm32f10x_fsmc.o
#        D:\MKS-Robin-Nano-Firmware-v2.x.x\MKS-Robin-Nano-Firmware\EWARM\mksRobinNano\Obj\stm32f10x_gpio.o
#        D:\MKS-Robin-Nano-Firmware-v2.x.x\MKS-Robin-Nano-Firmware\EWARM\mksRobinNano\Obj\stm32f10x_spi.o
#        D:\MKS-Robin-Nano-Firmware-v2.x.x\MKS-Robin-Nano-Firmware\EWARM\mksRobinNano\Obj\stm32f10x_usart.o
#        D:\MKS-Robin-Nano-Firmware-v2.x.x\MKS-Robin-Nano-Firmware\EWARM\mksRobinNano\Obj\stm32f1xx_hal.o
#        D:\MKS-Robin-Nano-Firmware-v2.x.x\MKS-Robin-Nano-Firmware\EWARM\mksRobinNano\Obj\stm32f1xx_hal_adc.o
#        D:\MKS-Robin-Nano-Firmware-v2.x.x\MKS-Robin-Nano-Firmware\EWARM\mksRobinNano\Obj\stm32f1xx_hal_adc_ex.o
#        D:\MKS-Robin-Nano-Firmware-v2.x.x\MKS-Robin-Nano-Firmware\EWARM\mksRobinNano\Obj\stm32f1xx_hal_cortex.o
#        D:\MKS-Robin-Nano-Firmware-v2.x.x\MKS-Robin-Nano-Firmware\EWARM\mksRobinNano\Obj\stm32f1xx_hal_dma.o
#        D:\MKS-Robin-Nano-Firmware-v2.x.x\MKS-Robin-Nano-Firmware\EWARM\mksRobinNano\Obj\stm32f1xx_hal_flash.o
#        D:\MKS-Robin-Nano-Firmware-v2.x.x\MKS-Robin-Nano-Firmware\EWARM\mksRobinNano\Obj\stm32f1xx_hal_flash_ex.o
#        D:\MKS-Robin-Nano-Firmware-v2.x.x\MKS-Robin-Nano-Firmware\EWARM\mksRobinNano\Obj\stm32f1xx_hal_gpio.o
#        D:\MKS-Robin-Nano-Firmware-v2.x.x\MKS-Robin-Nano-Firmware\EWARM\mksRobinNano\Obj\stm32f1xx_hal_i2c.o
#        D:\MKS-Robin-Nano-Firmware-v2.x.x\MKS-Robin-Nano-Firmware\EWARM\mksRobinNano\Obj\stm32f1xx_hal_msp.o
#        D:\MKS-Robin-Nano-Firmware-v2.x.x\MKS-Robin-Nano-Firmware\EWARM\mksRobinNano\Obj\stm32f1xx_hal_pwr.o
#        D:\MKS-Robin-Nano-Firmware-v2.x.x\MKS-Robin-Nano-Firmware\EWARM\mksRobinNano\Obj\stm32f1xx_hal_rcc.o
#        D:\MKS-Robin-Nano-Firmware-v2.x.x\MKS-Robin-Nano-Firmware\EWARM\mksRobinNano\Obj\stm32f1xx_hal_rcc_ex.o
#        D:\MKS-Robin-Nano-Firmware-v2.x.x\MKS-Robin-Nano-Firmware\EWARM\mksRobinNano\Obj\stm32f1xx_hal_rtc.o
#        D:\MKS-Robin-Nano-Firmware-v2.x.x\MKS-Robin-Nano-Firmware\EWARM\mksRobinNano\Obj\stm32f1xx_hal_rtc_ex.o
#        D:\MKS-Robin-Nano-Firmware-v2.x.x\MKS-Robin-Nano-Firmware\EWARM\mksRobinNano\Obj\stm32f1xx_hal_sd.o
#        D:\MKS-Robin-Nano-Firmware-v2.x.x\MKS-Robin-Nano-Firmware\EWARM\mksRobinNano\Obj\stm32f1xx_hal_spi.o
#        D:\MKS-Robin-Nano-Firmware-v2.x.x\MKS-Robin-Nano-Firmware\EWARM\mksRobinNano\Obj\stm32f1xx_hal_spi_ex.o
#        D:\MKS-Robin-Nano-Firmware-v2.x.x\MKS-Robin-Nano-Firmware\EWARM\mksRobinNano\Obj\stm32f1xx_hal_sram.o
#        D:\MKS-Robin-Nano-Firmware-v2.x.x\MKS-Robin-Nano-Firmware\EWARM\mksRobinNano\Obj\stm32f1xx_hal_tim.o
#        D:\MKS-Robin-Nano-Firmware-v2.x.x\MKS-Robin-Nano-Firmware\EWARM\mksRobinNano\Obj\stm32f1xx_hal_tim_ex.o
#        D:\MKS-Robin-Nano-Firmware-v2.x.x\MKS-Robin-Nano-Firmware\EWARM\mksRobinNano\Obj\stm32f1xx_hal_uart.o
#        D:\MKS-Robin-Nano-Firmware-v2.x.x\MKS-Robin-Nano-Firmware\EWARM\mksRobinNano\Obj\stm32f1xx_it.o
#        D:\MKS-Robin-Nano-Firmware-v2.x.x\MKS-Robin-Nano-Firmware\EWARM\mksRobinNano\Obj\stm32f1xx_ll_fsmc.o
#        D:\MKS-Robin-Nano-Firmware-v2.x.x\MKS-Robin-Nano-Firmware\EWARM\mksRobinNano\Obj\stm32f1xx_ll_sdmmc.o
#        D:\MKS-Robin-Nano-Firmware-v2.x.x\MKS-Robin-Nano-Firmware\EWARM\mksRobinNano\Obj\stopwatch.o
#        D:\MKS-Robin-Nano-Firmware-v2.x.x\MKS-Robin-Nano-Firmware\EWARM\mksRobinNano\Obj\Stream.o
#        D:\MKS-Robin-Nano-Firmware-v2.x.x\MKS-Robin-Nano-Firmware\EWARM\mksRobinNano\Obj\string_deal.o
#        D:\MKS-Robin-Nano-Firmware-v2.x.x\MKS-Robin-Nano-Firmware\EWARM\mksRobinNano\Obj\syscall.o
#        D:\MKS-Robin-Nano-Firmware-v2.x.x\MKS-Robin-Nano-Firmware\EWARM\mksRobinNano\Obj\system_stm32f1xx.o
#        D:\MKS-Robin-Nano-Firmware-v2.x.x\MKS-Robin-Nano-Firmware\EWARM\mksRobinNano\Obj\temperature.o
#        D:\MKS-Robin-Nano-Firmware-v2.x.x\MKS-Robin-Nano-Firmware\EWARM\mksRobinNano\Obj\tim.o
#        D:\MKS-Robin-Nano-Firmware-v2.x.x\MKS-Robin-Nano-Firmware\EWARM\mksRobinNano\Obj\twibus.o
#        D:\MKS-Robin-Nano-Firmware-v2.x.x\MKS-Robin-Nano-Firmware\EWARM\mksRobinNano\Obj\ubl.o
#        D:\MKS-Robin-Nano-Firmware-v2.x.x\MKS-Robin-Nano-Firmware\EWARM\mksRobinNano\Obj\ubl_G29.o
#        D:\MKS-Robin-Nano-Firmware-v2.x.x\MKS-Robin-Nano-Firmware\EWARM\mksRobinNano\Obj\ubl_motion.o
#        D:\MKS-Robin-Nano-Firmware-v2.x.x\MKS-Robin-Nano-Firmware\EWARM\mksRobinNano\Obj\usart.o
#        D:\MKS-Robin-Nano-Firmware-v2.x.x\MKS-Robin-Nano-Firmware\EWARM\mksRobinNano\Obj\USARTClass.o
#        D:\MKS-Robin-Nano-Firmware-v2.x.x\MKS-Robin-Nano-Firmware\EWARM\mksRobinNano\Obj\utility.o
#        D:\MKS-Robin-Nano-Firmware-v2.x.x\MKS-Robin-Nano-Firmware\EWARM\mksRobinNano\Obj\vector_3.o
#        D:\MKS-Robin-Nano-Firmware-v2.x.x\MKS-Robin-Nano-Firmware\EWARM\mksRobinNano\Obj\watchdog.o
#        D:\MKS-Robin-Nano-Firmware-v2.x.x\MKS-Robin-Nano-Firmware\EWARM\mksRobinNano\Obj\wifi_module.o
#        D:\MKS-Robin-Nano-Firmware-v2.x.x\MKS-Robin-Nano-Firmware\EWARM\mksRobinNano\Obj\wifi_upload.o
#        D:\MKS-Robin-Nano-Firmware-v2.x.x\MKS-Robin-Nano-Firmware\EWARM\mksRobinNano\Obj\WMath.o
#        D:\MKS-Robin-Nano-Firmware-v2.x.x\MKS-Robin-Nano-Firmware\EWARM\mksRobinNano\Obj\WString.o
#        --redirect _Printf=_PrintfFull --redirect _Scanf=_ScanfFull -o
#        D:\MKS-Robin-Nano-Firmware-v2.x.x\MKS-Robin-Nano-Firmware\EWARM\mksRobinNano\Exe\mksRobinNano.out
#        --map
#        D:\MKS-Robin-Nano-Firmware-v2.x.x\MKS-Robin-Nano-Firmware\EWARM\mksRobinNano/List\mksRobinNano.map
#        --log
#        libraries,initialization,modules,redirects,sections,veneers,unused_fragments
#        --log_file
#        D:\MKS-Robin-Nano-Firmware-v2.x.x\MKS-Robin-Nano-Firmware\EWARM\mksRobinNano/List\mksRobinNano.log
#        --config
#        D:\MKS-Robin-Nano-Firmware-v2.x.x\MKS-Robin-Nano-Firmware\EWARM\stm32f103xe_flash.icf
#        --semihosting
#        D:\MKS-Robin-Nano-Firmware-v2.x.x\MKS-Robin-Nano-Firmware\EWARM\..\Middlewares\GUI\GUI.a
#        --entry __iar_program_start --vfe
#
###############################################################################

*******************************************************************************
*** RUNTIME MODEL ATTRIBUTES
***

CppFlavor                     = *
__CPP_Language                = EC++
__Heap_Handler                = DLMalloc
__SystemLibrary               = DLib
__dlib_dynamic_initialization = normal


*******************************************************************************
*** PLACEMENT SUMMARY
***

"A1":  place at 0x08007000 { ro section .intvec };
"P1":  place in [from 0x08007000 to 0x0807ffff] { ro };
"P2":  place in [from 0x20000000 to 0x2000ffff] { rw, block CSTACK, block HEAP };

  Section             Kind        Address     Size  Object
  -------             ----        -------     ----  ------
"A1":                                        0x130
  .intvec             ro code  0x08007000    0x130  startup_stm32f103xe.o [1]
                             - 0x08007130    0x130

"P1":                                      0x76cef
  .rodata             const    0x08007130   0x8844  fontHz14.o [1]
  .text               ro code  0x0800f974   0x8378  Marlin_main.o [1]
  .text               ro code  0x08017cec    0x804  cardreader.o [1]
  .text               ro code  0x080184f0    0xcd0  ubl.o [1]
  .text               ro code  0x080191c0     0xba  stopwatch.o [1]
  .text               ro code  0x0801927a     0x22  zero_init3.o [6]
  .text               ro code  0x0801929c     0xfc  FltDiv.o [5]
  .text               ro code  0x08019398     0xd8  FltMul.o [5]
  .text               ro code  0x08019470     0xe6  FltSub.o [5]
  .text               ro code  0x08019556      0xa  xsprout.o [4]
  .text               ro code  0x08019560     0x84  FltAdd.o [5]
  .text               ro code  0x080195e4   0x1bd0  planner.o [1]
  .text               ro code  0x0801b1b4     0x6c  strncpy_unaligned.o [6]
  .text               ro code  0x0801b220     0x44  strcpy_unaligned.o [6]
  .text               ro code  0x0801b264     0x28  Marlin_main.o [1]
  .text               ro code  0x0801b28c     0x1c  serial.o [1]
  .text               ro code  0x0801b2a8    0x148  serial.o [1]
  .text               ro code  0x0801b3f0    0x2b0  USARTClass.o [1]
  .text               ro code  0x0801b6a0    0x254  Print.o [1]
  .text               ro code  0x0801b8f4    0x230  Marlin_main.o [1]
  .text               ro code  0x0801bb24    0x15c  Marlin_main.o [1]
  .text               ro code  0x0801bc80    0x250  Marlin_main.o [1]
  .text               ro code  0x0801bed0     0x44  Marlin_main.o [1]
  .text               ro code  0x0801bf14     0x48  Marlin_main.o [1]
  .text               ro code  0x0801bf5c     0x24  FltCmpLe.o [5]
  .text               ro code  0x0801bf80     0x74  stm32f1xx_hal.o [1]
  .text               ro code  0x0801bff4     0x1c  FltCmpEq.o [5]
  .text               ro code  0x0801c010     0x32  I32ToFlt.o [5]
  .rodata             const    0x0801c042      0x2  Marlin_main.o [1]
  .text               ro code  0x0801c044     0x4e  FltToDbl.o [5]
  .text               ro code  0x0801c094    0x1a2  DblMul.o [5]
  .text               ro code  0x0801c238     0x90  DblToFlt.o [5]
  .text               ro code  0x0801c2c8     0xc8  Marlin_main.o [1]
  .text               ro code  0x0801c390    0x114  Marlin_main.o [1]
  .text               ro code  0x0801c4a4     0x54  Marlin_main.o [1]
  .text               ro code  0x0801c4f8   0x1034  stepper.o [1]
  .text               ro code  0x0801d52c     0x58  utility.o [1]
  .text               ro code  0x0801d584    0x2ec  stm32f1xx_hal_gpio.o [1]
  .text               ro code  0x0801d870     0x30  Marlin_main.o [1]
  .text               ro code  0x0801d8a0     0xac  Marlin_main.o [1]
  .text               ro code  0x0801d94c     0xac  Marlin_main.o [1]
  .text               ro code  0x0801d9f8     0x2a  xfdtest.o [5]
  .text               ro code  0x0801da24     0x24  FltCmpGe.o [5]
  .text               ro code  0x0801da48     0x62  memcmp_unaligned.o [6]
  .text               ro code  0x0801daac    0x468  mesh_bed_leveling.o [1]
  .text               ro code  0x0801df14    0x498  vector_3.o [1]
  .text               ro code  0x0801e3ac     0x30  I32ToDbl.o [5]
  .text               ro code  0x0801e3dc    0x246  DblDiv.o [5]
  .text               ro code  0x0801e624     0x40  Marlin_main.o [1]
  .text               ro code  0x0801e664    0x180  DblSub.o [5]
  .text               ro code  0x0801e7e4     0x4c  ubl_G29.o [1]
  .text               ro code  0x0801e830     0x18  Marlin_main.o [1]
  .text               ro code  0x0801e848     0xe8  DblAdd.o [5]
  .text               ro code  0x0801e930     0xf0  sqrt.o [5]
  .text               ro code  0x0801ea20    0x270  Marlin_main.o [1]
  .text               ro code  0x0801ec90     0x76  ABImemcpy_unaligned.o [6]
  .text               ro code  0x0801ed08    0x264  Marlin_main.o [1]
  .text               ro code  0x0801ef6c    0x198  xstoul.o [4]
  .text               ro code  0x0801f104     0x24  FltToU32.o [5]
  .text               ro code  0x0801f128   0x1420  G26_Mesh_Validation_Tool.o [1]
  .text               ro code  0x08020548    0x308  Marlin_main.o [1]
  .text               ro code  0x08020850    0xf3c  Marlin_main.o [1]
  .text               ro code  0x0802178c   0x39a8  ubl_G29.o [1]
  .text               ro code  0x08025134     0xe4  Marlin_main.o [1]
  .text               ro code  0x08025218    0x1ac  Marlin_main.o [1]
  .text               ro code  0x080253c4     0x2c  Marlin_main.o [1]
  .text               ro code  0x080253f0    0xe48  draw_ui.o [1]
  .text               ro code  0x08026238    0xf80  draw_printing.o [1]
  .text               ro code  0x080271b8   0x35ec  mks_cfg.o [1]
  .text               ro code  0x0802a7a4   0x1e4c  temperature.o [1]
  .text               ro code  0x0802c5f0     0x88  xstol.o [4]
  .text               ro code  0x0802c678   0x262a  ff.o [1]
  .text               ro code  0x0802eca4     0xb4  printcounter.o [1]
  .text               ro code  0x0802ed58     0x84  Marlin_main.o [1]
  .text               ro code  0x0802eddc     0x34  Marlin_main.o [1]
  .text               ro code  0x0802ee10    0x1fc  Marlin_main.o [1]
  .text               ro code  0x0802f00c    0x1c4  Marlin_main.o [1]
  .text               ro code  0x0802f1d0    0x188  Marlin_main.o [1]
  .text               ro code  0x0802f358     0xc4  Marlin_main.o [1]
  .text               ro code  0x0802f41c    0xb20  endstops.o [1]
  .text               ro code  0x0802ff3c    0x10c  Marlin_main.o [1]
  .text               ro code  0x08030048     0x44  FltToS32.o [5]
  .text               ro code  0x0803008c    0x310  Marlin_main.o [1]
  .text               ro code  0x0803039c    0x164  Marlin_main.o [1]
  .text               ro code  0x08030500    0x11c  Marlin_main.o [1]
  .text               ro code  0x0803061c    0x160  Marlin_main.o [1]
  .text               ro code  0x0803077c     0xf0  Marlin_main.o [1]
  .text               ro code  0x0803086c   0x2fd0  configuration_store.o [1]
  .text               ro code  0x0803383c    0x224  gcode.o [1]
  .text               ro code  0x08033a60     0x72  sqrtf.o [5]
  .text               ro code  0x08033ad4     0x34  floorf.o [5]
  .text               ro code  0x08033b08    0x42a  xsin.o [5]
  .text               ro code  0x08033f34    0x118  planner.o [1]
  .text               ro code  0x0803404c    0x114  planner.o [1]
  .text               ro code  0x08034160     0x54  Marlin_main.o [1]
  .text               ro code  0x080341b4   0x168a  ubl_motion.o [1]
  .text               ro code  0x08035840    0x494  Marlin_main.o [1]
  .text               ro code  0x08035cd4     0xca  atan2f.o [5]
  .text               ro code  0x08035da0    0x23c  xfsin.o [5]
  .text               ro code  0x08035fdc     0xd4  GUICore.o [3]
  .text               ro code  0x080360b0     0x10  GUI_SetFont.o [3]
  .text               ro code  0x080360c0     0x2c  BUTTON_Default.o [3]
  .text               ro code  0x080360ec     0xfc  TEXT.o [3]
  .text               ro code  0x080361e8     0x30  GUI_UC_EncodeNone.o [3]
  .text               ro code  0x08036218     0xf0  GUI_UC_EncodeUTF8.o [3]
  .text               ro code  0x08036308   0x230c  wifi_module.o [1]
  .text               ro code  0x08038614     0xdc  GUI_TOUCH_DriverAnalog.o [3]
  .text               ro code  0x080386f0     0x30  GUI_Exec.o [3]
  .text               ro code  0x08038720      0x8  GUI_SetColor.o [3]
  .text               ro code  0x08038728     0x34  sprintf.o [4]
  .text               ro code  0x0803875c     0x10  GUI_DispStringAt.o [3]
  .text               ro code  0x0803876c     0x66  ABImemset.o [6]
  .text               ro code  0x080387d4    0x878  main.o [1]
  .text               ro code  0x0803904c     0x2c  strstr.o [4]
  .text               ro code  0x08039078     0x58  DblToI32.o [5]
  .text               ro code  0x080390d0     0x3a  ABImemset48.o [6]
  .text               ro code  0x0803910c      0x6  ABImemclr.o [6]
  .text               ro code  0x08039112     0x1c  strcat.o [4]
  .text               ro code  0x08039130     0x16  strchr.o [6]
  .text               ro code  0x08039148    0x14c  xstod.o [5]
  .text               ro code  0x08039294   0x12c0  draw_dialog.o [1]
  .text               ro code  0x0803a554    0x320  tim.o [1]
  .text               ro code  0x0803a874    0x2fc  at24cxx.o [1]
  .text               ro code  0x0803ab70    0xd1c  draw_ready_print.o [1]
  .text               ro code  0x0803b88c     0x42  strcmp_unaligned.o [6]
  .text               ro code  0x0803b8d0      0x6  ABImemclr4.o [6]
  .text               ro code  0x0803b8d8     0x36  strlen.o [6]
  .text               ro code  0x0803b910    0x118  ubl_motion.o [1]
  .text               ro code  0x0803ba28    0x114  ubl_motion.o [1]
  .text               ro code  0x0803bb3c     0x32  ceilf.o [5]
  .text               ro code  0x0803bb70    0x160  ubl_G29.o [1]
  .text               ro code  0x0803bcd0    0x110  planner.o [1]
  .text               ro code  0x0803bde0     0x54  lround.o [5]
  .text               ro code  0x0803be34     0x40  lroundf.o [5]
  .text               ro code  0x0803be74    0x682  stm32f1xx_hal_tim.o [1]
  .text               ro code  0x0803c4f6     0x36  RingBuffer.o [1]
  .text               ro code  0x0803c52c     0xd0  stm32f10x_usart.o [1]
  .text               ro code  0x0803c5fc     0x32  xdtest.o [5]
  .text               ro code  0x0803c630     0x2e  DblCmpGe.o [5]
  .text               ro code  0x0803c65e     0x24  Print.o [1]
  .text               ro code  0x0803c684     0x2e  DblCmpLe.o [5]
  .text               ro code  0x0803c6b2     0x18  strrchr.o [4]
  .text               ro code  0x0803c6cc   0x1934  sdio_sdcard.o [1]
  .text               ro code  0x0803e000    0x126  stm32f1xx_hal_cortex.o [1]
  .text               ro code  0x0803e128     0x88  stm32f1xx_hal_msp.o [1]
  .text               ro code  0x0803e1b0    0x52a  stm32f1xx_hal_rcc.o [1]
  .text               ro code  0x0803e6dc     0x4c  stepper.o [1]
  .text               ro code  0x0803e728      0xc  iarEdom.o [6]
  .text               ro code  0x0803e734     0xd4  Marlin_main.o [1]
  .text               ro code  0x0803e808     0x28  isxxx.o [4]
  .text               ro code  0x0803e830     0x14  tolower.o [4]
  .text               ro code  0x0803e844     0x58  memchr.o [6]
  .text               ro code  0x0803e89c      0xc  errno.o [4]
  .text               ro code  0x0803e8a8     0xe0  rand.o [4]
  .text               ro code  0x0803e988    0x114  ubl_motion.o [1]
  .text               ro code  0x0803ea9c    0x110  ubl_motion.o [1]
  .text               ro code  0x0803ebac     0x64  G26_Mesh_Validation_Tool.o [1]
  .text               ro code  0x0803ec10     0x20  srand.o [4]
  .text               ro code  0x0803ec30     0x18  G26_Mesh_Validation_Tool.o [1]
  .text               ro code  0x0803ec48     0x34  Marlin_main.o [1]
  .text               ro code  0x0803ec7c    0x890  G26_Mesh_Validation_Tool.o [1]
  .text               ro code  0x0803f50c   0x14c0  dlmalloc.o [4]
  .text               ro code  0x080409cc     0x5e  floor.o [5]
  .text               ro code  0x08040a2a    0x12e  ubl_G29.o [1]
  .text               ro code  0x08040b58    0x220  least_squares_fit.o [1]
  .text               ro code  0x08040d78     0x1c  ubl_G29.o [1]
  .text               ro code  0x08040d94     0x1c  truncf.o [5]
  .text               ro code  0x08040db0    0x2be  powf.o [5]
  .text               ro code  0x08041070     0x88  hex_print_routines.o [1]
  .text               ro code  0x080410f8     0xc8  string_deal.o [1]
  .text               ro code  0x080411c0    0x9c4  draw_print_file.o [1]
  .text               ro code  0x08041b84    0x708  draw_move_motor.o [1]
  .text               ro code  0x0804228c    0xb0c  draw_operate.o [1]
  .text               ro code  0x08042d98    0x990  draw_pause_ui.o [1]
  .text               ro code  0x08043728    0x878  draw_extrusion.o [1]
  .text               ro code  0x08043fa0    0x91c  draw_pre_heat.o [1]
  .text               ro code  0x080448bc    0x748  draw_change_speed.o [1]
  .text               ro code  0x08045004    0x53c  draw_fan.o [1]
  .text               ro code  0x08045540    0x9a8  draw_set.o [1]
  .text               ro code  0x08045ee8    0x3ec  draw_zero.o [1]
  .text               ro code  0x080462d4    0x90c  draw_language.o [1]
  .text               ro code  0x08046be0    0x338  draw_about.o [1]
  .text               ro code  0x08046f18    0x508  draw_wifi.o [1]
  .text               ro code  0x08047420    0x6b4  draw_more.o [1]
  .text               ro code  0x08047ad4    0x514  draw_printing_moremenu.o [1]
  .text               ro code  0x08047fe8    0x43c  draw_manual_leveling.o [1]
  .text               ro code  0x08048424    0x410  draw_bind.o [1]
  .text               ro code  0x08048834    0x728  draw_tool.o [1]
  .text               ro code  0x08048f5c    0x664  draw_mesh_leveling.o [1]
  .text               ro code  0x080495c0    0x6b4  mks_test.o [1]
  .text               ro code  0x08049c74    0x4d0  draw_wifi_list.o [1]
  .text               ro code  0x0804a144    0xe64  draw_keyboard.o [1]
  .text               ro code  0x0804afa8    0x160  draw_Tips.o [1]
  .text               ro code  0x0804b108    0x40c  draw_machine_para.o [1]
  .text               ro code  0x0804b514    0x908  draw_machine_settings.o [1]
  .text               ro code  0x0804be1c    0x3a0  draw_temperature_settings.o [1]
  .text               ro code  0x0804c1bc    0x8e0  draw_motor_settings.o [1]
  .text               ro code  0x0804ca9c    0x4b4  draw_machine_type.o [1]
  .text               ro code  0x0804cf50   0x1158  draw_stroke.o [1]
  .text               ro code  0x0804e0a8    0x5a4  draw_home_dir.o [1]
  .text               ro code  0x0804e64c    0xd78  draw_endstop_type.o [1]
  .text               ro code  0x0804f3c4   0x10d8  draw_filament_settings.o [1]
  .text               ro code  0x0805049c    0x3a0  draw_leveling_settings.o [1]
  .text               ro code  0x0805083c   0x130c  draw_levelingPara_config.o [1]
  .text               ro code  0x08051b48    0xc44  draw_deltaLevelPare.o [1]
  .text               ro code  0x0805278c    0xe4c  draw_XYZLevelPara.o [1]
  .text               ro code  0x080535d8    0x9d4  draw_MaxFeedRate.o [1]
  .text               ro code  0x08053fac    0x9b4  draw_steps.o [1]
  .text               ro code  0x08054960    0xda0  draw_acceleration.o [1]
  .text               ro code  0x08055700    0x6d4  draw_jerk.o [1]
  .text               ro code  0x08055dd4    0x9e4  draw_motor_dir.o [1]
  .text               ro code  0x080567b8    0x464  draw_home_speed.o [1]
  .text               ro code  0x08056c1c   0x11c4  draw_nozzle_config.o [1]
  .text               ro code  0x08057de0   0x1134  draw_hotbed_config.o [1]
  .text               ro code  0x08058f14    0x9ec  draw_advanced.o [1]
  .text               ro code  0x08059900    0x634  draw_doubleZ.o [1]
  .text               ro code  0x08059f34    0x6e4  draw_EnablePin_Invert.o [1]
  .text               ro code  0x0805a618   0x1d8c  draw_number_key.o [1]
  .text               ro code  0x0805c3a4    0x6a4  draw_babyStep.o [1]
  .text               ro code  0x0805ca48    0x62c  draw_filamentchange.o [1]
  .text               ro code  0x0805d074    0x224  WIDGET.o [3]
  .text               ro code  0x0805d298    0x160  pic_manager.o [1]
  .text               ro code  0x0805d3f8   0x16b4  ili9320.o [1]
  .text               ro code  0x0805eaac    0x518  spi_flash.o [1]
  .text               ro code  0x0805efc4      0x4  WM_IsWindow.o [3]
  .text               ro code  0x0805efc8    0xe5c  WM.o [3]
  .text               ro code  0x0805fe24    0x3d0  BUTTON.o [3]
  .text               ro code  0x080601f4     0x20  BUTTON_Bitmap.o [3]
  .text               ro code  0x08060214    0x45a  PROGBAR.o [3]
  .text               ro code  0x0806066e     0x2c  TEXT_SetBkColor.o [3]
  .text               ro code  0x0806069a     0x1a  TEXT_SetTextColor.o [3]
  .text               ro code  0x080606b4     0x1c  BUTTON_SetTextAlign.o [3]
  .text               ro code  0x080606d0     0x22  TEXT_SetText.o [3]
  .text               ro code  0x080606f4    0x132  I64DivMod.o [6]
  .text               ro code  0x08060828    0x162  spi.o [1]
  .text               ro code  0x0806098c     0x70  diskio.o [1]
  .text               ro code  0x080609fc    0x46c  mycc936.o [1]
  .text               ro code  0x08060e68      0x4  fatfs.o [1]
  .text               ro code  0x08060e6c     0xa0  Marlin_main.o [1]
  .text               ro code  0x08060f0c    0x180  Marlin_main.o [1]
  .text               ro code  0x0806108c    0x17c  Marlin_main.o [1]
  .text               ro code  0x08061208     0x2a  strncmp.o [4]
  .text               ro code  0x08061234    0x160  xquad.o [5]
  .text               ro code  0x08061394    0x1b4  ubl_motion.o [1]
  .text               ro code  0x08061548    0x18c  ubl_motion.o [1]
  .text               ro code  0x080616d4    0x244  ubl_motion.o [1]
  .text               ro code  0x08061918     0xf4  xfatan.o [5]
  .text               ro code  0x08061a0c     0xec  xfquad.o [5]
  .text               ro code  0x08061af8    0x340  LCD.o [3]
  .text               ro code  0x08061e38     0x10  GUI_Goto.o [3]
  .text               ro code  0x08061e48     0x20  LCD_L0_Generic.o [3]
  .text               ro code  0x08061e68      0xc  WM_GetDesktopWindow.o [3]
  .text               ro code  0x08061e74    0x24a  GUIAlloc.o [3]
  .text               ro code  0x080620c0     0x6c  WM_SetTrans.o [3]
  .text               ro code  0x0806212c     0x10  GUI_SetTextMode.o [3]
  .text               ro code  0x0806213c     0x36  WM_GetClientRect.o [3]
  .text               ro code  0x08062174    0x1d4  GUI_DispStringInRect.o [3]
  .text               ro code  0x08062348     0x1c  GUI_ALLOC_AllocZero.o [3]
  .text               ro code  0x08062364      0x8  stm32f10x_gpio.o [1]
  .text               ro code  0x0806236c    0xc18  stm32f1xx_hal_dma.o [1]
  .text               ro code  0x08062f84    0x47c  stm32f1xx_hal_uart.o [1]
  .text               ro code  0x08063400    0x1e0  usart.o [1]
  .text               ro code  0x080635e0    0x228  draw_FileTransfer_ui.o [1]
  .text               ro code  0x08063808    0x864  wifi_upload.o [1]
  .text               ro code  0x0806406c     0x2c  GUI_TOUCH_StoreUnstable.o [3]
  .text               ro code  0x08064098     0x2c  GUI_X_Touch.o [3]
  .text               ro code  0x080640c4   0x1106  xprintffull.o [4]
  .text               ro code  0x080651cc     0xf8  GUI_DispString.o [3]
  .text               ro code  0x080652c4     0x84  misc.o [1]
  .text               ro code  0x08065348    0x1d4  gpio.o [1]
  .text               ro code  0x0806551c     0x50  dma.o [1]
  .text               ro code  0x0806556c    0x110  adc.o [1]
  .text               ro code  0x0806567c     0x46  stm32f10x_spi.o [1]
  .text               ro code  0x080656c4    0x5b6  stm32f1xx_hal_adc.o [1]
  .text               ro code  0x08065c7c     0x7c  id_manage.o [1]
  .text               ro code  0x08065cf8   0x43cc  multi_language.o [1]
  .text               ro code  0x0806a0c4     0xd0  stm32f1xx_hal_rcc_ex.o [1]
  .text               ro code  0x0806a194    0x134  xstopfx.o [4]
  .text               ro code  0x0806a2c8    0x1b8  xstoflt.o [4]
  .text               ro code  0x0806a480    0x200  xdtento.o [5]
  .text               ro code  0x0806a680    0x218  xstoxflt.o [4]
  .text               ro code  0x0806a898    0x10c  xdscale.o [5]
  .text               ro code  0x0806a9a4     0x1a  TEXT_SetTextAlign.o [3]
  .text               ro code  0x0806a9be     0x1a  TEXT_SetFont.o [3]
  .text               ro code  0x0806a9d8     0xa0  stm32f1xx_hal_tim_ex.o [1]
  .text               ro code  0x0806aa78     0x44  round.o [5]
  .text               ro code  0x0806aabc     0x28  roundf.o [5]
  .text               ro code  0x0806aae4      0xc  memcpy.o [4]
  .text               ro code  0x0806aaf0     0x24  setlocale.o [4]
  .text               ro code  0x0806ab14     0x16  xlocale_c.o [4]
  .text               ro code  0x0806ab2a     0x14  xlocale_c.o [4]
  .text               ro code  0x0806ab3e      0xc  xlocale_c.o [4]
  .text               ro code  0x0806ab4a      0x2  xtls.o [4]
  .text               ro code  0x0806ab4c      0x6  abort.o [4]
  .text               ro code  0x0806ab54     0x2c  xgetmemchunk.o [4]
  .text               ro code  0x0806ab80     0x26  xfdnorm.o [5]
  .text               ro code  0x0806aba6     0x50  xfdint.o [5]
  .text               ro code  0x0806abf8     0x30  xflog.o [5]
  .text               ro code  0x0806ac28    0x218  xfexp.o [5]
  .text               ro code  0x0806ae40     0x14  hex_print_routines.o [1]
  .text               ro code  0x0806ae54     0x18  strrchr.o [4]
  .text               ro code  0x0806ae6c    0x29c  pic.o [1]
  .text               ro code  0x0806b108   0x274c  QR_Encode.o [1]
  .text               ro code  0x0806d854     0x48  GUI_FillRect.o [3]
  .text               ro code  0x0806d89c     0x66  WM_EnableWindow.o [3]
  .text               ro code  0x0806d902     0xe4  WM__UpdateChildPositions.o [3]
  .text               ro code  0x0806d9e8     0x94  WM_SetFocus.o [3]
  .text               ro code  0x0806da7c     0x54  WM_BringToTop.o [3]
  .text               ro code  0x0806dad0     0x14  WM_NotifyParent.o [3]
  .text               ro code  0x0806dae4     0x1a  GUI__ReduceRect.o [3]
  .text               ro code  0x0806db00     0xe8  stm32f10x_fsmc.o [1]
  .text               ro code  0x0806dbe8     0x62  GUI__IntersectRects.o [3]
  .text               ro code  0x0806dc4a     0x58  GUI_MergeRect.o [3]
  .text               ro code  0x0806dca4     0x1c  LCD_SetClipRectEx.o [3]
  .text               ro code  0x0806dcc0     0x1c  GUI_MoveRect.o [3]
  .text               ro code  0x0806dcdc     0x40  GUI__IntersectRect.o [3]
  .text               ro code  0x0806dd1c     0x38  GUI_RectsIntersect.o [3]
  .text               ro code  0x0806dd54     0x3e  WM_BringToBottom.o [3]
  .text               ro code  0x0806dd94     0x40  GUI_SetDefault.o [3]
  .text               ro code  0x0806ddd4     0x1a  GUI_SaveContext.o [3]
  .text               ro code  0x0806ddf0     0x38  GUI_OnKey.o [3]
  .text               ro code  0x0806de28     0x1c  WM_SendToParent.o [3]
  .text               ro code  0x0806de44     0x30  WM_CriticalHandle.o [3]
  .text               ro code  0x0806de74     0x14  WM__IsEnabled.o [3]
  .text               ro code  0x0806de88      0xa  GUI_GetClientRect.o [3]
  .text               ro code  0x0806de94     0x84  GUI2DLib.o [3]
  .text               ro code  0x0806df18     0x14  WM_SetUserClipRect.o [3]
  .text               ro code  0x0806df2c     0x1e  GUI_DRAW.o [3]
  .text               ro code  0x0806df4a     0x3a  GUI__SetText.o [3]
  .text               ro code  0x0806df84     0x50  GUI_DRAW_BITMAP.o [3]
  .text               ro code  0x0806dfd4     0x2e  BUTTON__SetBitmapObj.o [3]
  .text               ro code  0x0806e002     0x1c  GUI_AddDecMin.o [3]
  .text               ro code  0x0806e01e     0x14  GUI_GetStringDistX.o [3]
  .text               ro code  0x0806e032      0x4  GUI_GetFontSizeY.o [3]
  .text               ro code  0x0806e036     0x1c  WIDGET_SetEffect.o [3]
  .text               ro code  0x0806e054      0x2  I64DivZer.o [6]
  .text               ro code  0x0806e058     0x88  stm32f1xx_hal_spi_ex.o [1]
  .text               ro code  0x0806e0e0     0x7e  xdint.o [5]
  .text               ro code  0x0806e160     0x20  DblCmpEq.o [5]
  .text               ro code  0x0806e180    0x1a8  fmod.o [5]
  .text               ro code  0x0806e328     0xce  fmodf.o [5]
  .text               ro code  0x0806e3f8    0x61a  LCDDummy.o [3]
  .text               ro code  0x0806ea14     0x3a  LCDColor.o [3]
  .text               ro code  0x0806ea4e     0x1c  LCDPM565.o [3]
  .text               ro code  0x0806ea6a     0x34  LCDPM565_Index2Color.o [3]
  .text               ro code  0x0806eaa0     0x78  ABImemmove_unaligned.o [6]
  .text               ro code  0x0806eb18    0x148  GUICharLine.o [3]
  .text               ro code  0x0806ec60     0x48  GUI_UC.o [3]
  .text               ro code  0x0806eca8     0x16  GUI__HandleEOLine.o [3]
  .text               ro code  0x0806ecc0     0x88  GUIChar.o [3]
  .text               ro code  0x0806ed48     0x54  GUI__memset.o [3]
  .text               ro code  0x0806ed9c     0x14  memset.o [4]
  .text               ro code  0x0806edb0     0x24  GUI_TOUCH_StoreState.o [3]
  .text               ro code  0x0806edd4    0x19c  mks_touch_screen.o [1]
  .text               ro code  0x0806ef70     0x20  xmbtowc.o [4]
  .text               ro code  0x0806ef90      0xa  xmbcurmax.o [4]
  .text               ro code  0x0806ef9a     0x1a  xwctomb.o [4]
  .text               ro code  0x0806efb4     0x42  xdnorm.o [5]
  .text               ro code  0x0806eff8     0x6c  localeconv.o [4]
  .text               ro code  0x0806f064      0xe  div.o [4]
  .text               ro code  0x0806f074      0x2  stm32f1xx_hal_adc_ex.o [1]
  .text               ro code  0x0806f076     0x56  xdunscal.o [5]
  .text               ro code  0x0806f0cc     0x14  exit.o [7]
  .text               ro code  0x0806f0e0     0xc0  xfdscale.o [5]
  .text               ro code  0x0806f1a0     0x2c  strstr.o [4]
  .text               ro code  0x0806f1cc     0xa2  WM_Move.o [3]
  .text               ro code  0x0806f26e     0xd4  WM_ResizeWindow.o [3]
  .text               ro code  0x0806f342     0x10  WM_GetParent.o [3]
  .text               ro code  0x0806f352      0x4  WM_ForEachDesc.o [3]
  .text               ro code  0x0806f356     0x24  WM__GetPrevSibling.o [3]
  .text               ro code  0x0806f37c     0x10  GUI_Pen.o [3]
  .text               ro code  0x0806f38c     0x10  GUI_SetTextAlign.o [3]
  .text               ro code  0x0806f39c      0x4  GUI_SetDrawMode.o [3]
  .text               ro code  0x0806f3a0     0x10  GUI_SetLineStyle.o [3]
  .text               ro code  0x0806f3b0     0x30  WM_OnKey.o [3]
  .text               ro code  0x0806f3e0     0x3c  LCD_DrawVLine.o [3]
  .text               ro code  0x0806f41c     0x40  GUI__strcmp.o [3]
  .text               ro code  0x0806f45c     0x14  GUI__strlen.o [3]
  .text               ro code  0x0806f470     0xe0  GUI_DrawBitmap.o [3]
  .text               ro code  0x0806f550     0xbc  GUI_AddDecShift.o [3]
  .text               ro code  0x0806f60c     0x14  GUI__GetFontSizeY.o [3]
  .text               ro code  0x0806f620     0x28  GUI_TOUCH.o [3]
  .text               ro code  0x0806f648      0x8  abs.o [4]
  .text               ro code  0x0806f650     0x60  xencoding_sb.o [4]
  .text               ro code  0x0806f6b0     0x30  iarttio.o [7]
  .text               ro code  0x0806f6e0     0x32  WM__ForEachDesc.o [3]
  .text               ro code  0x0806f712     0x12  WM__GetFirstSibling.o [3]
  .text               ro code  0x0806f724     0x22  WM__SendMessage.o [3]
  .text               ro code  0x0806f748     0x44  GUI_PID.o [3]
  .text               ro code  0x0806f78c      0x8  XShttio.o [4]
  .rodata             const    0x0806f794   0x41e8  multi_language.o [1]
  .rodata             const    0x0807397c   0x264c  Helvetica36.o [1]
  .rodata             const    0x08075fc8   0x14e0  Helvetica26.o [1]
  .rodata             const    0x080774a8   0x1290  mks_fontHz14.o [1]
  .rodata             const    0x08078738    0x980  F13_1.o [3]
  .rodata             const    0x080790b8    0x918  F13_ASCII.o [3]
  .rodata             const    0x080799d0    0x804  mks_cfg.o [1]
  .rodata             const    0x0807a1d4    0x714  F6x8.o [3]
  .rodata             const    0x0807a8e8    0x62c  mks_hzk16.o [3]
  .rodata             const    0x0807af14    0x508  Marlin_main.o [1]
  .rodata             const    0x0807b41c    0x4d0  QR_Encode.o [1]
  .text               ro code  0x0807b8ec    0x2a0  GUICurs.o [3]
  .text               ro code  0x0807bb8c     0x9e  GUI_GetBitmapPixelIndex.o [3]
  .text               ro code  0x0807bc2c    0x1d2  GUICharP.o [3]
  .text               ro code  0x0807bdfe     0x16  GUI_GetColor.o [3]
  .text               ro code  0x0807be14     0x10  LCD_GetColorIndex.o [3]
  .text               ro code  0x0807be24    0x1c8  WMTouch.o [3]
  .text               ro code  0x0807bfec     0x1a  WM__SendMessageIfEnabled.o [3]
  .text               ro code  0x0807c008     0x7c  WM_Screen2Win.o [3]
  .text               ro code  0x0807c084     0x26  WM__IsAncestor.o [3]
  .text               ro code  0x0807c0ac     0x24  WM_SetCapture.o [3]
  .text               ro code  0x0807c0d0    0x1c6  lz77_init.o [6]
  .text               ro code  0x0807c298    0x19e  LCD_DrawBitmap_M565.o [3]
  .text               ro code  0x0807c436     0x16  LCD_GetEx.o [3]
  .text               ro code  0x0807c44c     0x10  GUI_SetColorIndex.o [3]
  .text               ro code  0x0807c45c    0x174  GUICharM.o [3]
  .text               ro code  0x0807c5d0    0x164  WIDGET_Effect_3D.o [3]
  .text               ro code  0x0807c734     0x44  GUI_DrawHLine.o [3]
  .text               ro code  0x0807c778     0x44  GUI_DrawVLine.o [3]
  .text               ro code  0x0807c7bc     0xd8  stm32f1xx_it.o [1]
  .text               ro code  0x0807c894     0xb2  stm32f1xx_hal_spi.o [1]
  .rodata             const    0x0807c948     0xc8  Marlin_main.o [1]
  .rodata             const    0x0807ca10     0xc4  Marlin_main.o [1]
  .rodata             const    0x0807cad4     0xc4  ubl_G29.o [1]
  .text               ro code  0x0807cb98     0x8c  WIDGET_Effect_Simple.o [3]
  .text               ro code  0x0807cc24     0x7c  GUIEncJS.o [3]
  .rodata             const    0x0807cca0     0x78  Marlin_main.o [1]
  .rodata             const    0x0807cd18     0x78  Marlin_main.o [1]
  .rodata             const    0x0807cd90     0x74  configuration_store.o [1]
  .text               ro code  0x0807ce04     0x5c  system_stm32f1xx.o [1]
  .rodata             const    0x0807ce60     0x3c  planner.o [1]
  .rodata             const    0x0807ce9c     0x38  Marlin_main.o [1]
  .rodata             const    0x0807ced4     0x34  Marlin_main.o [1]
  .rodata             const    0x0807cf08     0x30  Marlin_main.o [1]
  .rodata             const    0x0807cf38     0x30  Marlin_main.o [1]
  .rodata             const    0x0807cf68     0x30  LCD_API.o [3]
  .rodata             const    0x0807cf98     0x2c  Marlin_main.o [1]
  .rodata             const    0x0807cfc4     0x2c  Marlin_main.o [1]
  .rodata             const    0x0807cff0     0x2c  Marlin_main.o [1]
  .rodata             const    0x0807d01c     0x28  G26_Mesh_Validation_Tool.o [1]
  .rodata             const    0x0807d044     0x28  Marlin_main.o [1]
  .rodata             const    0x0807d06c     0x28  Marlin_main.o [1]
  .text               ro code  0x0807d094     0x28  data_init.o [6]
  .rodata             const    0x0807d0bc     0x24  G26_Mesh_Validation_Tool.o [1]
  .rodata             const    0x0807d0e0     0x24  Marlin_main.o [1]
  .rodata             const    0x0807d104     0x24  USARTClass.o [1]
  .text               ro code  0x0807d128     0x24  WIDGET_Effect_None.o [3]
  .iar.init_table     const    0x0807d14c     0x30  - Linker created -
  .rodata             const    0x0807d17c     0x20  draw_dialog.o [1]
  .rodata             const    0x0807d19c     0x20  Marlin_main.o [1]
  .rodata             const    0x0807d1bc     0x20  Marlin_main.o [1]
  .rodata             const    0x0807d1dc     0x20  Marlin_main.o [1]
  .rodata             const    0x0807d1fc     0x20  Marlin_main.o [1]
  .rodata             const    0x0807d21c     0x20  Marlin_main.o [1]
  .rodata             const    0x0807d23c     0x20  Marlin_main.o [1]
  .rodata             const    0x0807d25c     0x20  Marlin_main.o [1]
  .rodata             const    0x0807d27c     0x20  Marlin_main.o [1]
  .rodata             const    0x0807d29c     0x20  Marlin_main.o [1]
  .rodata             const    0x0807d2bc     0x20  Marlin_main.o [1]
  .rodata             const    0x0807d2dc     0x20  Marlin_main.o [1]
  .rodata             const    0x0807d2fc     0x20  Marlin_main.o [1]
  .rodata             const    0x0807d31c     0x20  Marlin_main.o [1]
  .rodata             const    0x0807d33c     0x20  Marlin_main.o [1]
  .rodata             const    0x0807d35c     0x20  Marlin_main.o [1]
  .rodata             const    0x0807d37c     0x20  Marlin_main.o [1]
  .rodata             const    0x0807d39c     0x20  Marlin_main.o [1]
  .rodata             const    0x0807d3bc     0x20  Marlin_main.o [1]
  .text               ro code  0x0807d3dc     0x20  cmain_call_ctors.o [6]
  .text               ro code  0x0807d3fc     0x18  cppinit.o [4]
  .rodata             const    0x0807d414     0x1c  Marlin_main.o [1]
  .rodata             const    0x0807d430     0x1c  Marlin_main.o [1]
  .text               ro code  0x0807d44c     0x1a  cmain.o [6]
  .text               ro code  0x0807d466      0x4  low_level_init.o [4]
  .text               ro code  0x0807d46a      0x4  exit.o [4]
  .text               ro code  0x0807d470      0xa  cexit.o [6]
  .rodata             const    0x0807d47c     0x18  Marlin_main.o [1]
  .rodata             const    0x0807d494     0x18  Marlin_main.o [1]
  .rodata             const    0x0807d4ac     0x18  Marlin_main.o [1]
  .rodata             const    0x0807d4c4     0x18  Marlin_main.o [1]
  .rodata             const    0x0807d4dc     0x18  Marlin_main.o [1]
  .rodata             const    0x0807d4f4     0x18  Marlin_main.o [1]
  .rodata             const    0x0807d50c     0x18  Marlin_main.o [1]
  .rodata             const    0x0807d524     0x18  Marlin_main.o [1]
  .rodata             const    0x0807d53c     0x18  Marlin_main.o [1]
  .rodata             const    0x0807d554     0x18  Marlin_main.o [1]
  SHT$$PREINIT_ARRAY           0x0807d56c      0x0  <Block>
  SHT$$INIT_ARRAY              0x0807d56c     0x18  <Block>
    .init_array       const    0x0807d56c      0x4  endstops.o [1]
    .init_array       const    0x0807d570      0x4  Marlin_main.o [1]
    .init_array       const    0x0807d574      0x4  mesh_bed_leveling.o [1]
    .init_array       const    0x0807d578      0x4  planner.o [1]
    .init_array       const    0x0807d57c      0x4  serial.o [1]
    .init_array       const    0x0807d580      0x4  temperature.o [1]
  .rodata             const    0x0807d584     0x14  Marlin_main.o [1]
  .rodata             const    0x0807d598     0x14  Marlin_main.o [1]
  .rodata             const    0x0807d5ac     0x14  Marlin_main.o [1]
  .rodata             const    0x0807d5c0     0x14  Marlin_main.o [1]
  .rodata             const    0x0807d5d4     0x14  Marlin_main.o [1]
  .rodata             const    0x0807d5e8     0x14  Marlin_main.o [1]
  .rodata             const    0x0807d5fc     0x14  Marlin_main.o [1]
  .rodata             const    0x0807d610     0x14  Marlin_main.o [1]
  .rodata             const    0x0807d624     0x14  Marlin_main.o [1]
  .rodata             const    0x0807d638     0x14  Marlin_main.o [1]
  .rodata             const    0x0807d64c     0x14  Marlin_main.o [1]
  .rodata             const    0x0807d660     0x14  Marlin_main.o [1]
  .rodata             const    0x0807d674     0x14  Marlin_main.o [1]
  .rodata             const    0x0807d688     0x14  Marlin_main.o [1]
  .rodata             const    0x0807d69c     0x14  Marlin_main.o [1]
  .rodata             const    0x0807d6b0     0x14  Marlin_main.o [1]
  .rodata             const    0x0807d6c4     0x14  printcounter.o [1]
  .rodata             const    0x0807d6d8     0x10  Marlin_main.o [1]
  .rodata             const    0x0807d6e8     0x10  Marlin_main.o [1]
  .rodata             const    0x0807d6f8     0x10  Marlin_main.o [1]
  .rodata             const    0x0807d708     0x10  Marlin_main.o [1]
  .rodata             const    0x0807d718     0x10  Marlin_main.o [1]
  .rodata             const    0x0807d728     0x10  Marlin_main.o [1]
  .rodata             const    0x0807d738     0x10  Marlin_main.o [1]
  .rodata             const    0x0807d748     0x10  Marlin_main.o [1]
  .rodata             const    0x0807d758     0x10  Marlin_main.o [1]
  .rodata             const    0x0807d768     0x10  Marlin_main.o [1]
  .rodata             const    0x0807d778     0x10  Marlin_main.o [1]
  .rodata             const    0x0807d788     0x10  Marlin_main.o [1]
  .rodata             const    0x0807d798     0x10  Marlin_main.o [1]
  .rodata             const    0x0807d7a8     0x10  Marlin_main.o [1]
  .rodata             const    0x0807d7b8     0x10  Marlin_main.o [1]
  .rodata             const    0x0807d7c8     0x10  Marlin_main.o [1]
  .rodata             const    0x0807d7d8     0x10  Marlin_main.o [1]
  .rodata             const    0x0807d7e8     0x10  Marlin_main.o [1]
  .rodata             const    0x0807d7f8     0x10  Marlin_main.o [1]
  .rodata             const    0x0807d808     0x10  Marlin_main.o [1]
  .rodata             const    0x0807d818     0x10  Marlin_main.o [1]
  .rodata             const    0x0807d828     0x10  Marlin_main.o [1]
  .rodata             const    0x0807d838     0x10  Marlin_main.o [1]
  .rodata             const    0x0807d848     0x10  Marlin_main.o [1]
  .rodata             const    0x0807d858     0x10  Marlin_main.o [1]
  .rodata             const    0x0807d868     0x10  printcounter.o [1]
  .rodata             const    0x0807d878     0x10  serial.o [1]
  .text               ro code  0x0807d888     0x10  startup_stm32f103xe.o [1]
  .rodata             const    0x0807d898      0xc  G26_Mesh_Validation_Tool.o [1]
  .rodata             const    0x0807d8a4      0xc  Marlin_main.o [1]
  .rodata             const    0x0807d8b0      0xc  Marlin_main.o [1]
  .rodata             const    0x0807d8bc      0xc  Marlin_main.o [1]
  .rodata             const    0x0807d8c8      0xc  Marlin_main.o [1]
  .rodata             const    0x0807d8d4      0xc  Marlin_main.o [1]
  .rodata             const    0x0807d8e0      0xc  Marlin_main.o [1]
  .rodata             const    0x0807d8ec      0xc  Marlin_main.o [1]
  .rodata             const    0x0807d8f8      0xc  Marlin_main.o [1]
  .rodata             const    0x0807d904      0xc  Marlin_main.o [1]
  .rodata             const    0x0807d910      0xc  Marlin_main.o [1]
  .rodata             const    0x0807d91c      0xc  Marlin_main.o [1]
  .rodata             const    0x0807d928      0xc  printcounter.o [1]
  .rodata             const    0x0807d934      0xc  GUIEncJS.o [3]
  .text               ro code  0x0807d940      0xc  cstartup_M.o [6]
  .rodata             const    0x0807d94c      0x8  G26_Mesh_Validation_Tool.o [1]
  .rodata             const    0x0807d954      0x8  G26_Mesh_Validation_Tool.o [1]
  .rodata             const    0x0807d95c      0x8  Marlin_main.o [1]
  .rodata             const    0x0807d964      0x8  Marlin_main.o [1]
  .rodata             const    0x0807d96c      0x8  Marlin_main.o [1]
  .rodata             const    0x0807d974      0x8  Marlin_main.o [1]
  .rodata             const    0x0807d97c      0x8  Marlin_main.o [1]
  .rodata             const    0x0807d984      0x8  Marlin_main.o [1]
  .rodata             const    0x0807d98c      0x8  Marlin_main.o [1]
  .rodata             const    0x0807d994      0x8  Marlin_main.o [1]
  .rodata             const    0x0807d99c      0x8  Marlin_main.o [1]
  .rodata             const    0x0807d9a4      0x8  Marlin_main.o [1]
  .rodata             const    0x0807d9ac      0x8  Marlin_main.o [1]
  .rodata             const    0x0807d9b4      0x8  Marlin_main.o [1]
  .rodata             const    0x0807d9bc      0x8  Marlin_main.o [1]
  .rodata             const    0x0807d9c4      0x8  Marlin_main.o [1]
  .rodata             const    0x0807d9cc      0x8  Marlin_main.o [1]
  .rodata             const    0x0807d9d4      0x8  Marlin_main.o [1]
  .rodata             const    0x0807d9dc      0x8  Marlin_main.o [1]
  .rodata             const    0x0807d9e4      0x8  Marlin_main.o [1]
  .rodata             const    0x0807d9ec      0x8  Marlin_main.o [1]
  .rodata             const    0x0807d9f4      0x8  Marlin_main.o [1]
  .rodata             const    0x0807d9fc      0x8  Marlin_main.o [1]
  .rodata             const    0x0807da04      0x8  Marlin_main.o [1]
  .rodata             const    0x0807da0c      0x8  Marlin_main.o [1]
  .rodata             const    0x0807da14      0x8  Marlin_main.o [1]
  .rodata             const    0x0807da1c      0x8  Marlin_main.o [1]
  .rodata             const    0x0807da24      0x8  Marlin_main.o [1]
  .rodata             const    0x0807da2c      0x8  Marlin_main.o [1]
  .rodata             const    0x0807da34      0x8  Marlin_main.o [1]
  .rodata             const    0x0807da3c      0x8  Marlin_main.o [1]
  .rodata             const    0x0807da44      0x8  Marlin_main.o [1]
  .rodata             const    0x0807da4c      0x8  Marlin_main.o [1]
  .rodata             const    0x0807da54      0x8  Marlin_main.o [1]
  .rodata             const    0x0807da5c      0x8  Marlin_main.o [1]
  .rodata             const    0x0807da64      0x8  Marlin_main.o [1]
  .rodata             const    0x0807da6c      0x8  printcounter.o [1]
  .rodata             const    0x0807da74      0x8  system_stm32f1xx.o [1]
  .rodata             const    0x0807da7c      0x8  LCD_DrawBitmap_M565.o [3]
  .rodata             const    0x0807da84      0x4  Marlin_main.o [1]
  .rodata             const    0x0807da88      0x4  Marlin_main.o [1]
  .rodata             const    0x0807da8c      0x4  Marlin_main.o [1]
  .rodata             const    0x0807da90      0x4  Marlin_main.o [1]
  .rodata             const    0x0807da94      0x4  Marlin_main.o [1]
  .rodata             const    0x0807da98      0x4  Marlin_main.o [1]
  .rodata             const    0x0807da9c      0x4  Marlin_main.o [1]
  .rodata             const    0x0807daa0      0x4  Marlin_main.o [1]
  .rodata             const    0x0807daa4      0x4  Marlin_main.o [1]
  .rodata             const    0x0807daa8      0x4  Marlin_main.o [1]
  .rodata             const    0x0807daac      0x4  Marlin_main.o [1]
  .rodata             const    0x0807dab0      0x4  Marlin_main.o [1]
  .rodata             const    0x0807dab4      0x4  Marlin_main.o [1]
  .rodata             const    0x0807dab8      0x4  Marlin_main.o [1]
  .rodata             const    0x0807dabc      0x4  Marlin_main.o [1]
  .rodata             const    0x0807dac0      0x4  Marlin_main.o [1]
  .rodata             const    0x0807dac4      0x4  Marlin_main.o [1]
  .rodata             const    0x0807dac8      0x4  Marlin_main.o [1]
  .rodata             const    0x0807dacc      0x4  Marlin_main.o [1]
  .rodata             const    0x0807dad0      0x4  Marlin_main.o [1]
  .rodata             const    0x0807dad4      0x4  Marlin_main.o [1]
  .rodata             const    0x0807dad8      0x4  Marlin_main.o [1]
  .rodata             const    0x0807dadc      0x4  Marlin_main.o [1]
  .rodata             const    0x0807dae0      0x4  Marlin_main.o [1]
  .rodata             const    0x0807dae4      0x4  Marlin_main.o [1]
  .rodata             const    0x0807dae8      0x4  printcounter.o [1]
  .text               ro code  0x0807daec      0x4  startup_stm32f103xe.o [1]
  .text               ro code  0x0807daf0      0x4  startup_stm32f103xe.o [1]
  .text               ro code  0x0807daf4      0x4  startup_stm32f103xe.o [1]
  .text               ro code  0x0807daf8      0x4  startup_stm32f103xe.o [1]
  .text               ro code  0x0807dafc      0x4  startup_stm32f103xe.o [1]
  .text               ro code  0x0807db00      0x4  startup_stm32f103xe.o [1]
  .text               ro code  0x0807db04      0x4  startup_stm32f103xe.o [1]
  .text               ro code  0x0807db08      0x4  startup_stm32f103xe.o [1]
  .text               ro code  0x0807db0c      0x4  startup_stm32f103xe.o [1]
  .text               ro code  0x0807db10      0x4  startup_stm32f103xe.o [1]
  .text               ro code  0x0807db14      0x4  startup_stm32f103xe.o [1]
  .text               ro code  0x0807db18      0x4  startup_stm32f103xe.o [1]
  .text               ro code  0x0807db1c      0x4  startup_stm32f103xe.o [1]
  .text               ro code  0x0807db20      0x4  startup_stm32f103xe.o [1]
  .text               ro code  0x0807db24      0x4  startup_stm32f103xe.o [1]
  .text               ro code  0x0807db28      0x4  startup_stm32f103xe.o [1]
  .text               ro code  0x0807db2c      0x4  startup_stm32f103xe.o [1]
  .text               ro code  0x0807db30      0x4  startup_stm32f103xe.o [1]
  .text               ro code  0x0807db34      0x4  startup_stm32f103xe.o [1]
  .text               ro code  0x0807db38      0x4  startup_stm32f103xe.o [1]
  .text               ro code  0x0807db3c      0x4  startup_stm32f103xe.o [1]
  .text               ro code  0x0807db40      0x4  startup_stm32f103xe.o [1]
  .text               ro code  0x0807db44      0x4  startup_stm32f103xe.o [1]
  .text               ro code  0x0807db48      0x4  startup_stm32f103xe.o [1]
  .text               ro code  0x0807db4c      0x4  startup_stm32f103xe.o [1]
  .text               ro code  0x0807db50      0x4  startup_stm32f103xe.o [1]
  .text               ro code  0x0807db54      0x4  startup_stm32f103xe.o [1]
  .text               ro code  0x0807db58      0x4  startup_stm32f103xe.o [1]
  .text               ro code  0x0807db5c      0x4  startup_stm32f103xe.o [1]
  .text               ro code  0x0807db60      0x4  startup_stm32f103xe.o [1]
  .text               ro code  0x0807db64      0x4  startup_stm32f103xe.o [1]
  .text               ro code  0x0807db68      0x4  startup_stm32f103xe.o [1]
  .text               ro code  0x0807db6c      0x4  startup_stm32f103xe.o [1]
  .text               ro code  0x0807db70      0x4  startup_stm32f103xe.o [1]
  .text               ro code  0x0807db74      0x4  startup_stm32f103xe.o [1]
  .text               ro code  0x0807db78      0x4  startup_stm32f103xe.o [1]
  .text               ro code  0x0807db7c      0x4  startup_stm32f103xe.o [1]
  .text               ro code  0x0807db80      0x4  startup_stm32f103xe.o [1]
  .text               ro code  0x0807db84      0x4  startup_stm32f103xe.o [1]
  .text               ro code  0x0807db88      0x4  startup_stm32f103xe.o [1]
  .text               ro code  0x0807db8c      0x4  startup_stm32f103xe.o [1]
  .text               ro code  0x0807db90      0x4  startup_stm32f103xe.o [1]
  .text               ro code  0x0807db94      0x4  startup_stm32f103xe.o [1]
  .text               ro code  0x0807db98      0x4  startup_stm32f103xe.o [1]
  .text               ro code  0x0807db9c      0x4  startup_stm32f103xe.o [1]
  .text               ro code  0x0807dba0      0x4  startup_stm32f103xe.o [1]
  .text               ro code  0x0807dba4      0x4  startup_stm32f103xe.o [1]
  .rodata             const    0x0807dba8      0x0  zero_init3.o [6]
  .rodata             const    0x0807dba8      0x0  lz77_init.o [6]
  Initializer bytes   ro data  0x0807dba8    0x277  <for P2 s0>
                             - 0x0807de1f  0x76cef

"P2", part 1 of 3:                          0x174c
  P2 s0                        0x20000000   0x174c  <Init block>
    .data             inited   0x20000000    0x4f0  mks_cfg.o [1]
    .data             inited   0x200004f0    0x440  draw_ui.o [1]
    .data             inited   0x20000930    0x35c  draw_print_file.o [1]
    .data             inited   0x20000c8c    0x114  QR_Encode.o [1]
    .data             inited   0x20000da0     0x94  Marlin_main.o [1]
    .data             inited   0x20000e34     0x94  temperature.o [1]
    .data             inited   0x20000ec8     0x90  draw_keyboard.o [1]
    __DLIB_PERTHREAD  inited   0x20000f58     0x8c  rand.o [4]
    __DLIB_PERTHREAD  inited   0x20000fe4     0x88  localeconv.o [4]
    .data             inited   0x2000106c     0x84  Marlin_main.o [1]
    .data             inited   0x200010f0     0x80  planner.o [1]
    .data             inited   0x20001170     0x74  Marlin_main.o [1]
    .data             inited   0x200011e4     0x74  mks_variant.o [1]
    __DLIB_PERTHREAD  inited   0x20001258     0x74  setlocale.o [4]
    .data             inited   0x200012cc     0x68  G26_Mesh_Validation_Tool.o [1]
    .data             inited   0x20001334     0x58  draw_mesh_leveling.o [1]
    .data             inited   0x2000138c     0x50  draw_babyStep.o [1]
    .data             inited   0x200013dc     0x50  draw_more.o [1]
    .data             inited   0x2000142c     0x50  stepper.o [1]
    .data             inited   0x2000147c     0x48  Marlin_main.o [1]
    .data             inited   0x200014c4     0x3c  mks_variant.o [1]
    .data             inited   0x20001500     0x30  GUI_TOUCH_DriverAnalog.o [3]
    .data             inited   0x20001530     0x2c  draw_number_key.o [1]
    .data             inited   0x2000155c     0x2c  sdio_sdcard.o [1]
    .data             inited   0x20001588     0x20  QR_Encode.o [1]
    .data             inited   0x200015a8     0x20  BUTTON.o [3]
    .data             inited   0x200015c8     0x15  ubl_G29.o [1]
    .data             inited   0x200015dd      0x1  diskio.o [1]
    .data             inited   0x200015de      0x1  Marlin_main.o [1]
    .data             inited   0x200015df      0x1  stepper.o [1]
    .data             inited   0x200015e0     0x14  pic.o [1]
    .data             inited   0x200015f4     0x14  pic.o [1]
    .data             inited   0x20001608     0x14  pic.o [1]
    .data             inited   0x2000161c     0x14  pic.o [1]
    .data             inited   0x20001630     0x14  pic.o [1]
    .data             inited   0x20001644     0x14  pic.o [1]
    .data             inited   0x20001658     0x14  pic.o [1]
    .data             inited   0x2000166c     0x14  pic.o [1]
    .data             inited   0x20001680     0x14  pic.o [1]
    .data             inited   0x20001694     0x14  pic.o [1]
    .data             inited   0x200016a8     0x14  pic.o [1]
    .data             inited   0x200016bc     0x14  planner.o [1]
    .data             inited   0x200016d0     0x10  draw_ui.o [1]
    .data             inited   0x200016e0      0xc  temperature.o [1]
    .data             inited   0x200016ec      0x9  spi_flash.o [1]
    .data             inited   0x200016f8      0x8  fatfs.o [1]
    .data             inited   0x20001700      0x8  hex_print_routines.o [1]
    .data             inited   0x20001708      0x8  QR_Encode.o [1]
    .data             inited   0x20001710      0x8  temperature.o [1]
    .data             inited   0x20001718      0x8  TEXT.o [3]
    .data             inited   0x20001720      0x8  XShttio.o [4]
    .data             inited   0x20001728      0x4  G26_Mesh_Validation_Tool.o [1]
    .data             inited   0x2000172c      0x4  Marlin_main.o [1]
    .data             inited   0x20001730      0x4  Marlin_main.o [1]
    .data             inited   0x20001734      0x4  Marlin_main.o [1]
    .data             inited   0x20001738      0x4  system_stm32f1xx.o [1]
    .data             inited   0x2000173c      0x4  ubl_motion.o [1]
    .data             inited   0x20001740      0x4  WIDGET.o [3]
    .data             inited   0x20001744      0x4  LCD_API.o [3]
    __DLIB_PERTHREAD  inited   0x20001748      0x4  errno.o [4]
                             - 0x2000174c   0x174c

"P2", part 2 of 3:                          0xcd44
  .bss                zero     0x2000174c   0x222c  pic.o [1]
  .bss                zero     0x20003978   0x1c8c  GUIAlloc.o [3]
  .bss                zero     0x20005604    0xae0  Marlin_main.o [1]
  .bss                zero     0x200060e4    0x540  planner.o [1]
  .bss                zero     0x20006624    0x464  wifi_module.o [1]
  .bss                zero     0x20006a88    0x408  wifi_module.o [1]
  .bss                zero     0x20006e90    0x402  wifi_module.o [1]
  .bss                zero     0x20007292      0x6  endstops.o [1]
  .bss                zero     0x20007298    0x400  multi_language.o [1]
  .bss                zero     0x20007698    0x3d0  mks_cfg.o [1]
  .bss                zero     0x20007a68    0x324  QR_Encode.o [1]
  .bss                zero     0x20007d8c    0x320  id_manage.o [1]
  .bss                zero     0x200080ac    0x2d0  draw_wifi_list.o [1]
  .bss                zero     0x2000837c    0x2a8  mesh_bed_leveling.o [1]
  .bss                zero     0x20008624    0x290  multi_language.o [1]
  .bss                zero     0x200088b4    0x270  draw_keyboard.o [1]
  .bss                zero     0x20008b24    0x254  wifi_upload.o [1]
  .bss                zero     0x20008d78    0x240  Marlin_main.o [1]
  .bss                zero     0x20008fb8    0x240  mks_cfg.o [1]
  .bss                zero     0x200091f8    0x240  ubl.o [1]
  .bss                zero     0x20009438    0x200  sdio_sdcard.o [1]
  .bss                zero     0x20009638    0x200  LCDColor.o [3]
  .bss                zero     0x20009838    0x1d8  dlmalloc.o [4]
  .bss                zero     0x20009a10    0x1bc  QR_Encode.o [1]
  .bss                zero     0x20009bcc    0x190  QR_Encode.o [1]
  .bss                zero     0x20009d5c    0x190  QR_Encode.o [1]
  .bss                zero     0x20009eec    0x180  Marlin_main.o [1]
  .bss                zero     0x2000a06c    0x140  wifi_module.o [1]
  .bss                zero     0x2000a1ac    0x130  serial.o [1]
  .bss                zero     0x2000a2dc    0x12c  wifi_module.o [1]
  .bss                zero     0x2000a408    0x120  draw_acceleration.o [1]
  .bss                zero     0x2000a528    0x104  wifi_module.o [1]
  .bss                zero     0x2000a62c    0x100  cardreader.o [1]
  .bss                zero     0x2000a72c    0x100  cardreader.o [1]
  .bss                zero     0x2000a82c    0x100  wifi_module.o [1]
  .bss                zero     0x2000a92c     0xec  draw_ui.o [1]
  .bss                zero     0x2000aa18     0xd8  draw_nozzle_config.o [1]
  .bss                zero     0x2000aaf0     0xc0  draw_endstop_type.o [1]
  .bss                zero     0x2000abb0     0xc0  draw_levelingPara_config.o [1]
  .bss                zero     0x2000ac70     0xa8  draw_deltaLevelPare.o [1]
  .bss                zero     0x2000ad18     0xa8  draw_hotbed_config.o [1]
  .bss                zero     0x2000adc0     0x9c  QR_Encode.o [1]
  .bss                zero     0x2000ae5c     0x90  draw_filament_settings.o [1]
  .bss                zero     0x2000aeec     0x90  draw_MaxFeedRate.o [1]
  .bss                zero     0x2000af7c     0x90  draw_print_file.o [1]
  .bss                zero     0x2000b00c     0x90  draw_printing.o [1]
  .bss                zero     0x2000b09c     0x84  ubl.o [1]
  .bss                zero     0x2000b120     0x80  G26_Mesh_Validation_Tool.o [1]
  .bss                zero     0x2000b1a0     0x78  draw_motor_dir.o [1]
  .bss                zero     0x2000b218     0x78  draw_steps.o [1]
  .bss                zero     0x2000b290     0x78  draw_XYZLevelPara.o [1]
  .bss                zero     0x2000b308     0x6c  wifi_module.o [1]
  .bss                zero     0x2000b374     0x64  draw_more.o [1]
  .bss                zero     0x2000b3d8     0x60  draw_EnablePin_Invert.o [1]
  .bss                zero     0x2000b438     0x60  draw_jerk.o [1]
  .bss                zero     0x2000b498     0x60  draw_ready_print.o [1]
  .bss                zero     0x2000b4f8     0x60  draw_wifi_list.o [1]
  .bss                zero     0x2000b558     0x60  Marlin_main.o [1]
  .bss                zero     0x2000b5b8     0x60  Marlin_main.o [1]
  .bss                zero     0x2000b618     0x5c  draw_dialog.o [1]
  .bss                zero     0x2000b674     0x5c  wifi_module.o [1]
  .bss                zero     0x2000b6d0     0x54  draw_extrusion.o [1]
  .bss                zero     0x2000b728     0x58  sdio_sdcard.o [1]
  .bss                zero     0x2000b780     0x58  spi.o [1]
  .bss                zero     0x2000b7d8     0x48  draw_advanced.o [1]
  .bss                zero     0x2000b820     0x48  draw_doubleZ.o [1]
  .bss                zero     0x2000b868     0x48  draw_home_dir.o [1]
  .bss                zero     0x2000b8b0     0x48  draw_home_speed.o [1]
  .bss                zero     0x2000b8f8     0x48  draw_machine_type.o [1]
  .bss                zero     0x2000b940     0x48  draw_printing.o [1]
  .bss                zero     0x2000b988     0x48  GUICore.o [3]
  .bss                zero     0x2000b9d0     0x44  multi_language.o [1]
  .bss                zero     0x2000ba14     0x44  planner.o [1]
  .bss                zero     0x2000ba58     0x41  usart.o [1]
  .bss                zero     0x2000ba99      0x2  endstops.o [1]
  .bss                zero     0x2000ba9b      0x1  draw_filamentchange.o [1]
  .bss                zero     0x2000ba9c     0x40  draw_stroke.o [1]
  .bss                zero     0x2000badc     0x40  usart.o [1]
  .bss                zero     0x2000bb1c     0x40  WM.o [3]
  .bss                zero     0x2000bb5c     0x3c  draw_ready_print.o [1]
  .bss                zero     0x2000bb98     0x3c  draw_wifi_list.o [1]
  .bss                zero     0x2000bbd4     0x3c  main.o [1]
  .bss                zero     0x2000bc10     0x3c  mks_test.o [1]
  .bss                zero     0x2000bc4c     0x3c  tim.o [1]
  .bss                zero     0x2000bc88     0x3c  tim.o [1]
  .bss                zero     0x2000bcc4     0x3c  tim.o [1]
  .bss                zero     0x2000bd00     0x3c  tim.o [1]
  .bss                zero     0x2000bd3c     0x38  adc.o [1]
  .bss                zero     0x2000bd74     0x38  draw_bind.o [1]
  .bss                zero     0x2000bdac     0x38  draw_change_speed.o [1]
  .bss                zero     0x2000bde4     0x38  draw_fan.o [1]
  .bss                zero     0x2000be1c     0x38  draw_filamentchange.o [1]
  .bss                zero     0x2000be54     0x38  draw_pause_ui.o [1]
  .bss                zero     0x2000be8c     0x38  draw_pre_heat.o [1]
  .bss                zero     0x2000bec4     0x38  Marlin_main.o [1]
  .bss                zero     0x2000befc     0x38  spi.o [1]
  .bss                zero     0x2000bf34     0x38  usart.o [1]
  .bss                zero     0x2000bf6c     0x34  draw_acceleration.o [1]
  .bss                zero     0x2000bfa0     0x34  draw_advanced.o [1]
  .bss                zero     0x2000bfd4     0x34  draw_deltaLevelPare.o [1]
  .bss                zero     0x2000c008     0x34  draw_doubleZ.o [1]
  .bss                zero     0x2000c03c     0x34  draw_EnablePin_Invert.o [1]
  .bss                zero     0x2000c070     0x34  draw_endstop_type.o [1]
  .bss                zero     0x2000c0a4     0x34  draw_filament_settings.o [1]
  .bss                zero     0x2000c0d8     0x34  draw_home_dir.o [1]
  .bss                zero     0x2000c10c     0x34  draw_home_speed.o [1]
  .bss                zero     0x2000c140     0x34  draw_hotbed_config.o [1]
  .bss                zero     0x2000c174     0x34  draw_jerk.o [1]
  .bss                zero     0x2000c1a8     0x34  draw_language.o [1]
  .bss                zero     0x2000c1dc     0x34  draw_leveling_settings.o [1]
  .bss                zero     0x2000c210     0x34  draw_levelingPara_config.o [1]
  .bss                zero     0x2000c244     0x34  draw_machine_para.o [1]
  .bss                zero     0x2000c278     0x34  draw_machine_settings.o [1]
  .bss                zero     0x2000c2ac     0x34  draw_machine_type.o [1]
  .bss                zero     0x2000c2e0     0x34  draw_manual_leveling.o [1]
  .bss                zero     0x2000c314     0x34  draw_MaxFeedRate.o [1]
  .bss                zero     0x2000c348     0x34  draw_motor_dir.o [1]
  .bss                zero     0x2000c37c     0x34  draw_motor_settings.o [1]
[...]
serial_echopair_P(char const *, float)
                        0x0801b347    0x2e  Code  Gb  serial.o [1]
serial_echopair_P(char const *, int)
                        0x0801b2f7    0x16  Code  Gb  serial.o [1]
serial_echopair_P(char const *, long)
                        0x0801b323    0x24  Code  Gb  serial.o [1]
serial_echopair_P(char const *, unsigned int)
                        0x0801b30d    0x16  Code  Gb  serial.o [1]
serial_echopair_P(char const *, unsigned long)
                        0x0801b39f    0x24  Code  Gb  serial.o [1]
serial_spaces(unsigned char)
                        0x0801b3c3    0x1c  Code  Gb  serial.o [1]
serial_wait_tick        0x2000e318     0x1  Data  Gb  Marlin_main.o [1]
serialprintPGM(char const *)
                        0x0801b28d    0x1c  Code  Gb  serial.o [1]
setProBarRate           0x08026f95    0xca  Code  Gb  draw_printing.o [1]
setProBarRateOpera      0x08042a67    0x72  Code  Gb  draw_operate.o [1]
setProBarRatePause      0x0804346d    0x76  Code  Gb  draw_pause_ui.o [1]
setTouchBound           0x080386db    0x10  Code  Gb  GUI_TOUCH_DriverAnalog.o [3]
set_axis_is_at_home(AxisEnum)
                        0x0800fddf    0xbc  Code  Lc  Marlin_main.o [1]
set_bed_leveling_enabled(bool)
                        0x080105c1   0x108  Code  Gb  Marlin_main.o [1]
set_bltouch_deployed(bool)
                        0x080101c7    0xc2  Code  Gb  Marlin_main.o [1]
set_current_from_steppers_for_axis(AxisEnum)
                        0x08014163    0x3a  Code  Gb  Marlin_main.o [1]
set_menu                0x2000b9d0    0x30  Data  Gb  multi_language.o [1]
set_probe_deployed(bool)
                        0x08010289    0x78  Code  Gb  Marlin_main.o [1]
set_value_confirm()     0x0805a841   0xa46  Code  Gb  draw_number_key.o [1]
set_z_fade_height(float, bool)
                        0x080106e1    0xfc  Code  Gb  Marlin_main.o [1]
setup                   0x08015255    0xf4  Code  Gb  Marlin_main.o [1]
setup_for_endstop_or_probe_move()
                        0x080100ed    0x16  Code  Lc  Marlin_main.o [1]
size                    0x20000500     0x4  Data  Gb  draw_ui.o [1]
soft_endstop_max        0x20000df4     0xc  Data  Gb  Marlin_main.o [1]
soft_endstop_min        0x20000de8     0xc  Data  Gb  Marlin_main.o [1]
soft_endstop_min_init()
                        0x0800fa2d    0x9a  Code  Gb  Marlin_main.o [1]
soft_endstop_radius     0x200011cc     0x4  Data  Gb  Marlin_main.o [1]
soft_endstop_radius_2   0x200011d0     0x4  Data  Gb  Marlin_main.o [1]
soft_endstops_enabled   0x20000da9     0x1  Data  Gb  Marlin_main.o [1]
speedType               0x2000bdac     0x1  Data  Lc  draw_change_speed.o [1]
speed_menu              0x200074c0    0x2c  Data  Gb  multi_language.o [1]
sprintf                 0x08038729    0x34  Code  Gb  sprintf.o [4]
sqrt                    0x0801e931          Code  Gb  sqrt.o [5]
sqrtf                   0x08033a61          Code  Gb  sqrtf.o [5]
sqrtl                   0x0801e931          Code  Gb  sqrt.o [5]
srand                   0x0803ec11    0x20  Code  Gb  srand.o [4]
srcfp                   0x2000e400     0x4  Data  Gb  draw_ui.o [1]
st_clust                0x0802ced7    0x12  Code  Lc  ff.o [1]
start_print_time        0x08026ca1     0xa  Code  Gb  draw_printing.o [1]
stepper_inactive_time   0x2000172c     0x4  Data  Lc  Marlin_main.o [1]
stop()                  0x08015211    0x2c  Code  Gb  Marlin_main.o [1]
stopEspTransfer()       0x08037da9    0xd2  Code  Gb  wifi_module.o [1]
stop_print_time         0x08026cab     0xa  Code  Gb  draw_printing.o [1]
strcat                  0x08039113    0x1c  Code  Gb  strcat.o [4]
strchr                  0x08039131          Code  Gb  strchr.o [6]
strlen                  0x0803b8d9          Code  Gb  strlen.o [6]
strncmp                 0x08061209    0x2a  Code  Gb  strncmp.o [4]
strrchr                 0x0806ae55    0x18  Code  Gb  strrchr.o [4]
strstr                  0x0806f1a1    0x2c  Code  Gb  strstr.o [4]
sum_sfn                 0x0802cf95    0x1c  Code  Lc  ff.o [1]
symbol_key_value        0x0804af8c    0x1c  Data  Lc  draw_keyboard.o [1]
sync_fs                 0x0802c867    0xd6  Code  Lc  ff.o [1]
sync_plan_position()    0x0800fb15    0x46  Code  Gb  Marlin_main.o [1]
sync_window             0x0802c7d1    0x5e  Code  Lc  ff.o [1]
sys_alloc               0x0803f8c9   0x384  Code  Lc  dlmalloc.o [4]
target_extruder         0x20000dad     0x1  Data  Gb  Marlin_main.o [1]
temper_error_flg        0x2000e0b9     0x1  Data  Gb  Marlin_main.o [1]
temper_error_kill()     0x0801513d    0x2c  Code  Gb  Marlin_main.o [1]
temper_error_type       0x2000e0ba     0x1  Data  Gb  Marlin_main.o [1]
temperature_change_frequency
                        0x200004f0     0x1  Data  Gb  draw_ui.o [1]
temperature_change_frequency_cnt
                        0x2000bee0     0x4  Data  Lc  Marlin_main.o [1]
temptable_1             0x0802b8b8   0x100  Data  Lc  temperature.o [1]
testCnt                 0x2000bc14     0x4  Data  Gb  mks_test.o [1]
test_gpio_readlevel_H()
                        0x08049673    0xc0  Code  Gb  mks_test.o [1]
test_gpio_readlevel_L()
                        0x080495c1    0xb2  Code  Gb  mks_test.o [1]
textDesireTemp          0x2000be8e     0x2  Data  Lc  draw_pre_heat.o [1]
textDesireValue         0x2000be90     0x2  Data  Lc  draw_pre_heat.o [1]
textExtruAmount         0x2000b6d4     0x2  Data  Lc  draw_extrusion.o [1]
textExtruTemp           0x2000be20     0x2  Data  Lc  draw_filamentchange.o [1]
textKeyNumb             0x20001542     0x2  Data  Lc  draw_number_key.o [1]
textPrintSpeed          0x2000bdb0     0x2  Data  Lc  draw_change_speed.o [1]
textPrintTemp           0x2000b6d2     0x2  Data  Lc  draw_extrusion.o [1]
textPrintTemp1          0x2000be56     0x2  Data  Lc  draw_pause_ui.o [1]
textPrintTemp2          0x2000be58     0x2  Data  Lc  draw_pause_ui.o [1]
textReadyBedTemp        0x2000bb62     0x2  Data  Lc  draw_ready_print.o [1]
textReadyFanSpeed       0x2000bb64     0x2  Data  Lc  draw_ready_print.o [1]
textReadyTemp1          0x2000bb5e     0x2  Data  Lc  draw_ready_print.o [1]
textReadyTemp2          0x2000bb60     0x2  Data  Lc  draw_ready_print.o [1]
textSpeedVal            0x2000bdb2     0x2  Data  Lc  draw_change_speed.o [1]
thermalManager          0x2000e44c     0x4  Data  Gb  temperature.o [1]
tick_net_time1          0x2000b694     0x4  Data  Gb  wifi_module.o [1]
tick_net_time2          0x2000b698     0x4  Data  Gb  wifi_module.o [1]
tips_disp               0x2000e09c     0x4  Data  Gb  draw_Tips.o [1]
tips_menu               0x2000e0a8    0x10  Data  Gb  draw_Tips.o [1]
tips_type               0x2000e0b8     0x1  Data  Gb  draw_Tips.o [1]
titleText               0x2000a9b4    0x64  Data  Lc  draw_ui.o [1]
tmalloc_large           0x0803fc59   0x38a  Code  Lc  dlmalloc.o [4]
tmalloc_small           0x0803ffe3   0x204  Code  Lc  dlmalloc.o [4]
tolower                 0x0803e831    0x14  Code  Gb  tolower.o [4]
tool_change(unsigned char, float, bool)
                        0x080113a5   0x214  Code  Gb  Marlin_main.o [1]
tool_menu               0x2000753c    0x28  Data  Gb  multi_language.o [1]
total_write             0x2000a404     0x4  Data  Gb  wifi_module.o [1]
touch_time              0x2000e3dc     0x4  Data  Lc  mks_touch_screen.o [1]
truncf                  0x08040d95          Code  Gb  truncf.o [5]
tx_buf                  0x200016f4     0x1  Data  Lc  spi_flash.o [1]
uCRCErrorWorkaroundCheck
                        0x2000e488     0x1  Data  Gb  stm32f1xx_hal_spi_ex.o [1]
ubl                     0x200011e0     0x4  Data  Gb  Marlin_main.o [1]
ubl_buffer_segment_raw(float const (&)[4], float const &)
                        0x080616d5   0x244  Code  Gb  ubl_motion.o [1]
ubl_cnt                 0x2000b09c     0x1  Data  Gb  ubl.o [1]
ubl_invalid_slot(int)   0x08032779    0x24  Code  Gb  configuration_store.o [1]
ubl_state_at_invocation
                        0x2000dfcb     0x1  Data  Lc  ubl_G29.o [1]
ugbksize                0x2000e428     0x4  Data  Gb  mks_cfg.o [1]
uhADCxConvertedValue    0x2000e3b8     0x8  Data  Gb  adc.o [1]
unbinding_flag          0x2000bd74     0x1  Data  Lc  draw_bind.o [1]
unified_bed_leveling::_mesh_index_to_xpos
                        0x2000b0a0    0x40  Data  Gb  ubl.o [1]
unified_bed_leveling::_mesh_index_to_ypos
                        0x2000b0e0    0x40  Data  Gb  ubl.o [1]
unified_bed_leveling::display_map(int)
                        0x080186a5   0x7c8  Code  Gb  ubl.o [1]
unified_bed_leveling::echo_name()
                        0x080184f1    0x1e  Code  Gb  ubl.o [1]
unified_bed_leveling::find_closest_mesh_point_of_type(MeshPointType, float const &, float const &, bool, unsigned int *)
                        0x08024139   0x38e  Code  Gb  ubl_G29.o [1]
unified_bed_leveling::find_furthest_invalid_mesh_point()
                        0x08023e25   0x30e  Code  Gb  ubl_G29.o [1]
unified_bed_leveling::find_mean_mesh_height()
                        0x08022439   0x1cc  Code  Gb  ubl_G29.o [1]
unified_bed_leveling::g29_c_flag
                        0x2000dfc8     0x1  Data  Gb  ubl_G29.o [1]
unified_bed_leveling::g29_compare_current_mesh_to_stored_mesh()
                        0x08023cd1    0xb8  Code  Gb  ubl_G29.o [1]
unified_bed_leveling::g29_constant
                        0x2000dfe8     0x4  Data  Gb  ubl_G29.o [1]
unified_bed_leveling::g29_eeprom_dump()
                        0x08023c19    0x84  Code  Gb  ubl_G29.o [1]
unified_bed_leveling::g29_grid_size
                        0x2000dfec     0x4  Data  Gb  ubl_G29.o [1]
unified_bed_leveling::g29_map_type
                        0x2000dfdc     0x4  Data  Gb  ubl_G29.o [1]
unified_bed_leveling::g29_parameter_parsing()
                        0x08022bb9   0x380  Code  Gb  ubl_G29.o [1]
unified_bed_leveling::g29_phase_value
                        0x2000dfd0     0x4  Data  Gb  ubl_G29.o [1]
unified_bed_leveling::g29_repetition_cnt
                        0x2000dfd4     0x4  Data  Gb  ubl_G29.o [1]
unified_bed_leveling::g29_storage_slot
                        0x2000dfd8     0x4  Data  Gb  ubl_G29.o [1]
unified_bed_leveling::g29_verbose_level
                        0x2000dfcc     0x4  Data  Gb  ubl_G29.o [1]
unified_bed_leveling::g29_what_command()
                        0x080230a1   0x522  Code  Gb  ubl_G29.o [1]
unified_bed_leveling::g29_x_flag
                        0x2000dfc9     0x1  Data  Gb  ubl_G29.o [1]
unified_bed_leveling::g29_x_pos
                        0x2000dfe0     0x4  Data  Gb  ubl_G29.o [1]
unified_bed_leveling::g29_y_flag
                        0x2000dfca     0x1  Data  Gb  ubl_G29.o [1]
unified_bed_leveling::g29_y_pos
                        0x2000dfe4     0x4  Data  Gb  ubl_G29.o [1]
unified_bed_leveling::gcode_G29_UBL()
                        0x0802178d   0xb74  Code  Gb  ubl_G29.o [1]
unified_bed_leveling::get_cell_index_x(float const &)
                        0x0803b911   0x118  Code  Gb  ubl_motion.o [1]
unified_bed_leveling::get_cell_index_y(float const &)
                        0x0803ba29   0x114  Code  Gb  ubl_motion.o [1]
unified_bed_leveling::get_z_correction(float const &, float const &)
                        0x0803bb71   0x160  Code  Gb  ubl_G29.o [1]
unified_bed_leveling::invalidate()
                        0x08018661    0x10  Code  Gb  ubl.o [1]
unified_bed_leveling::line_to_destination_cartesian(float const &, unsigned char)
                        0x080341b5   0x9da  Code  Gb  ubl_motion.o [1]
unified_bed_leveling::mesh_index_to_xpos(unsigned char)
                        0x0803e989   0x114  Code  Gb  ubl_motion.o [1]
unified_bed_leveling::mesh_index_to_xypos_init()
                        0x08018e99   0x252  Code  Gb  ubl.o [1]
unified_bed_leveling::mesh_index_to_ypos(unsigned char)
                        0x0803ea9d   0x110  Code  Gb  ubl_motion.o [1]
unified_bed_leveling::prepare_segmented_line_to(float const (&)[4], float const &)
                        0x08034c09   0xbde  Code  Gb  ubl_motion.o [1]
unified_bed_leveling::probe_entire_mesh(float const &, float const &, bool, bool, bool)
                        0x080226c9   0x28a  Code  Gb  ubl_G29.o [1]
unified_bed_leveling::report_state()
                        0x0801850f    0x6e  Code  Gb  ubl.o [1]
unified_bed_leveling::reset()
                        0x08018611    0x50  Code  Gb  ubl.o [1]
unified_bed_leveling::sanity_check()
                        0x08018e6d    0x28  Code  Gb  ubl.o [1]
unified_bed_leveling::set_all_mesh_points_to_value(float)
                        0x08018671    0x2e  Code  Gb  ubl.o [1]
unified_bed_leveling::shift_mesh_height()
                        0x08022661    0x52  Code  Gb  ubl_G29.o [1]
unified_bed_leveling::smart_fill_mesh()
                        0x080244c7   0x248  Code  Gb  ubl_G29.o [1]
unified_bed_leveling::smart_fill_wlsf(float const &)
                        0x08024bf3   0x484  Code  Gb  ubl_G29.o [1]
unified_bed_leveling::storage_slot
                        0x2000b09d     0x1  Data  Gb  ubl.o [1]
unified_bed_leveling::tilt_mesh_based_on_3pts(float const &, float const &, float const &)
                        0x08022961   0x210  Code  Gb  ubl_G29.o [1]
unified_bed_leveling::tilt_mesh_based_on_probed_grid(bool)
                        0x08024761   0x48c  Code  Gb  ubl_G29.o [1]
unified_bed_leveling::unified_bed_leveling()
                        0x080185bd    0x54  Code  Gb  ubl.o [1]
unified_bed_leveling::z_correction_for_x_on_horizontal_mesh_line(float const &, int, int)
                        0x08061395   0x1b4  Code  Gb  ubl_motion.o [1]
unified_bed_leveling::z_correction_for_y_on_vertical_mesh_line(float const &, int, int)
                        0x08061549   0x18c  Code  Gb  ubl_motion.o [1]
unified_bed_leveling::z_values
                        0x200091f8   0x240  Data  Gb  ubl.o [1]
update_join_state_disp  0x0804ae4f    0x2e  Code  Gb  draw_keyboard.o [1]
update_keyboard_disp    0x0804ad27    0xf8  Code  Gb  draw_keyboard.o [1]
update_password_disp    0x0804ae25    0x2a  Code  Gb  draw_keyboard.o [1]
update_software_endstops(AxisEnum)
                        0x0800fcef    0xf0  Code  Gb  Marlin_main.o [1]
uploadPort_available()  0x0806384f     0x8  Code  Gb  wifi_upload.o [1]
uploadPort_begin()      0x08063857     0x6  Code  Gb  wifi_upload.o [1]
uploadPort_read()       0x08063833    0x1c  Code  Gb  wifi_upload.o [1]
uploadPort_write(unsigned char const *, unsigned int)
                        0x08063809    0x2a  Code  Gb  wifi_upload.o [1]
upload_result           0x2000b684     0x4  Data  Gb  wifi_module.o [1]
upload_size             0x2000b68c     0x4  Data  Gb  wifi_module.o [1]
upload_spin()           0x08063d6d   0x17a  Code  Gb  wifi_upload.o [1]
upload_time             0x2000b688     0x4  Data  Gb  wifi_module.o [1]
usartFifoAvailable(SZ_USART_FIFO *)
                        0x0803842d    0x10  Code  Gb  wifi_module.o [1]
utf8_2_gbk(unsigned char *, unsigned char)
                        0x08037789    0xae  Code  Gb  wifi_module.o [1]
uwTick                  0x2000e448     0x4  Data  Lc  stm32f1xx_hal.o [1]
validate                0x0802ddf9    0x34  Code  Lc  ff.o [1]
value                   0x2000e477     0x1  Data  Gb  draw_ui.o [1]
vector_3::apply_rotation(matrix_3x3)
                        0x0801e0a9    0x9c  Code  Gb  vector_3.o [1]
vector_3::cross(vector_3, vector_3)
                        0x0801df1f    0x72  Code  Gb  vector_3.o [1]
vector_3::get_length()  0x0801dfeb    0x8a  Code  Gb  vector_3.o [1]
vector_3::get_normal()  0x0801dfc9    0x22  Code  Gb  vector_3.o [1]
vector_3::normalize()   0x0801e075    0x34  Code  Gb  vector_3.o [1]
vector_3::operator -(vector_3)
                        0x0801df91    0x26  Code  Gb  vector_3.o [1]
vector_3::vector_3(float, float, float)
                        0x0801df15     0x2  Code  Gb  vector_3.o [1]
version                 0x080326b8     0x4  Data  Lc  configuration_store.o [1]
vertical_mesh_line_flags
                        0x2000b160    0x40  Data  Lc  G26_Mesh_Validation_Tool.o [1]
wait_for_heatup         0x20000dac     0x1  Data  Gb  Marlin_main.o [1]
waiting_wifi_time       0x2000bed1     0x1  Data  Gb  Marlin_main.o [1]
wifiDmaRcvFifo          0x2000df14    0x30  Data  Gb  wifi_module.o [1]
wifiPara                0x2000b308    0x6c  Data  Gb  wifi_module.o [1]
wifiTransError          0x2000b678     0xc  Data  Gb  wifi_module.o [1]
wifi_check_time         0x2000e48a     0x1  Data  Gb  wifi_module.o [1]
wifi_delay(int)         0x08036323    0x24  Code  Gb  wifi_module.o [1]
wifi_firm_ver           0x2000a0f4    0x14  Data  Gb  wifi_module.o [1]
wifi_gcode_exec(unsigned char *)
                        0x08036939   0x982  Code  Lc  wifi_module.o [1]
wifi_init()             0x080381ed   0x236  Code  Gb  wifi_module.o [1]
wifi_init_flg           0x2000bece     0x1  Data  Gb  Marlin_main.o [1]
wifi_link_state         0x2000b674     0x1  Data  Gb  wifi_module.o [1]
wifi_list               0x200080ac   0x2d0  Data  Gb  draw_wifi_list.o [1]
wifi_list_msg_handle(unsigned char *, unsigned short)
                        0x08037649   0x126  Code  Lc  wifi_module.o [1]
wifi_looping()          0x080380b7    0x20  Code  Gb  wifi_module.o [1]
wifi_menu               0x20007490    0x30  Data  Gb  multi_language.o [1]
wifi_rcv_handle()       0x08037e8d   0x22a  Code  Gb  wifi_module.o [1]
wifi_read_count         0x2000e324     0x4  Data  Lc  Marlin_main.o [1]
wifi_refresh_flg        0x2000becf     0x1  Data  Gb  Marlin_main.o [1]
wifi_reset()            0x08036347    0x3a  Code  Gb  wifi_module.o [1]
wifi_scan_handle        0x0803a3b1    0x5e  Code  Gb  draw_dialog.o [1]
wifi_upload             0x08063fab    0x70  Code  Gb  wifi_upload.o [1]
workspace_offset        0x20000ddc     0xc  Data  Gb  Marlin_main.o [1]
writePacket(unsigned char const *, unsigned int, unsigned char const *, unsigned int)
                        0x08063ab1    0x28  Code  Gb  wifi_upload.o [1]
writePacketRaw(unsigned char const *, unsigned int, unsigned char const *, unsigned int)
                        0x08063ad9    0x28  Code  Gb  wifi_upload.o [1]
writeUsartFifo(SZ_USART_FIFO *, signed char *, int)
                        0x08038471    0x44  Code  Gb  wifi_module.o [1]
write_to_file(char *, int)
                        0x0803677f    0x6e  Code  Gb  wifi_module.o [1]
x                       0x2000e0bb     0x1  Data  Gb  draw_more.o [1]
xMax                    0x2000151c     0x4  Data  Lc  GUI_TOUCH_DriverAnalog.o [3]
xMin                    0x20001518     0x4  Data  Lc  GUI_TOUCH_DriverAnalog.o [3]
xPhys                   0x20001510     0x4  Data  Lc  GUI_TOUCH_DriverAnalog.o [3]
x_touch                 0x2000e3d8     0x2  Data  Lc  mks_touch_screen.o [1]
xyMinMax                0x20001500    0x10  Data  Lc  GUI_TOUCH_DriverAnalog.o [3]
xy_probe_feedrate_mm_s  0x200011d4     0x4  Data  Gb  Marlin_main.o [1]
yMax                    0x20001524     0x4  Data  Lc  GUI_TOUCH_DriverAnalog.o [3]
yMin                    0x20001520     0x4  Data  Lc  GUI_TOUCH_DriverAnalog.o [3]
yPhys                   0x20001514     0x4  Data  Lc  GUI_TOUCH_DriverAnalog.o [3]
y_touch                 0x2000e3da     0x2  Data  Lc  mks_touch_screen.o [1]
z_endstop_adj           0x200010d0     0x4  Data  Gb  Marlin_main.o [1]
z_high_count            0x2000bedc     0x2  Data  Gb  Marlin_main.o [1]
z_values                0x20008d78   0x240  Data  Gb  Marlin_main.o [1]
zoffset_menu            0x2000765c    0x1c  Data  Gb  multi_language.o [1]
zprobe_zoffset          0x20000e1c     0x4  Data  Gb  Marlin_main.o [1]
zstep                   0x20001384     0x4  Data  Lc  draw_mesh_leveling.o [1]


[1] = D:\MKS-Robin-Nano-Firmware-v2.x.x\MKS-Robin-Nano-Firmware\EWARM\mksRobinNano\Obj
[2] = command line
[3] = GUI.a
[4] = dl7M_tlf.a
[5] = m7M_tl.a
[6] = rt7M_tl.a
[7] = shb_l.a

  397 974 bytes of readonly  code memory
   88 969 bytes of readonly  data memory
   64 653 bytes of readwrite data memory

Errors: none
Warnings: none
