###############################################################################
#
# IAR ANSI C/C++ Compiler V7.10.1.6676/W32 for ARM        13/Apr/2020  09:25:32
# Copyright 1999-2014 IAR Systems AB.
#
#    Cpu mode     =  thumb
#    Endian       =  little
#    Source file  =  
#        D:\MKS-Robin-Nano-Firmware-v2.x.x\MKS-Robin-Nano-Firmware\Middlewares\arduino\stm32\cores\arduino\WMath.cpp
#    Command line =  
#        D:\MKS-Robin-Nano-Firmware-v2.x.x\MKS-Robin-Nano-Firmware\Middlewares\arduino\stm32\cores\arduino\WMath.cpp
#        -D USE_HAL_DRIVER -D STM32F103xE -D STM32F10X_HD -D USE_HAL_LIB -D
#        MKS_ROBIN_NANO -D TFT35 -lC
#        D:\MKS-Robin-Nano-Firmware-v2.x.x\MKS-Robin-Nano-Firmware\EWARM\mksRobinNano/List\
#        -lA
#        D:\MKS-Robin-Nano-Firmware-v2.x.x\MKS-Robin-Nano-Firmware\EWARM\mksRobinNano/List\
#        --diag_suppress Pa050 -o
#        D:\MKS-Robin-Nano-Firmware-v2.x.x\MKS-Robin-Nano-Firmware\EWARM\mksRobinNano/Obj\
#        --debug --endian=little --cpu=Cortex-M3 -e --char_is_signed --fpu=None
#        --dlib_config "C:\Program Files (x86)\IAR Systems\Embedded Workbench
#        7.0\arm\INC\c\DLib_Config_Full.h" -I
#        D:\MKS-Robin-Nano-Firmware-v2.x.x\MKS-Robin-Nano-Firmware\EWARM/../Inc\
#        -I
#        D:\MKS-Robin-Nano-Firmware-v2.x.x\MKS-Robin-Nano-Firmware\EWARM/../Src\
#        -I
#        D:\MKS-Robin-Nano-Firmware-v2.x.x\MKS-Robin-Nano-Firmware\EWARM/../Drivers/STM32F1xx_HAL_Driver/Inc\
#        -I
#        D:\MKS-Robin-Nano-Firmware-v2.x.x\MKS-Robin-Nano-Firmware\EWARM/../Drivers/STM32F1xx_HAL_Driver/Inc/Legacy\
#        -I
#        D:\MKS-Robin-Nano-Firmware-v2.x.x\MKS-Robin-Nano-Firmware\EWARM/../Middlewares/Third_Party/FatFs/src/drivers\
#        -I
#        D:\MKS-Robin-Nano-Firmware-v2.x.x\MKS-Robin-Nano-Firmware\EWARM/../Middlewares/ST/STM32_USB_Host_Library/Core/Inc\
#        -I
#        D:\MKS-Robin-Nano-Firmware-v2.x.x\MKS-Robin-Nano-Firmware\EWARM/../Middlewares/ST/STM32_USB_Host_Library/Class/MSC/Inc\
#        -I
#        D:\MKS-Robin-Nano-Firmware-v2.x.x\MKS-Robin-Nano-Firmware\EWARM/../Drivers/CMSIS/Device/ST/STM32F1xx/Include\
#        -I
#        D:\MKS-Robin-Nano-Firmware-v2.x.x\MKS-Robin-Nano-Firmware\EWARM/../Middlewares/Third_Party/FatFs/src\
#        -I
#        D:\MKS-Robin-Nano-Firmware-v2.x.x\MKS-Robin-Nano-Firmware\EWARM/../Middlewares/Third_Party/Marlin\
#        -I
#        D:\MKS-Robin-Nano-Firmware-v2.x.x\MKS-Robin-Nano-Firmware\EWARM/../Drivers/CMSIS/Include\
#        -I
#        D:\MKS-Robin-Nano-Firmware-v2.x.x\MKS-Robin-Nano-Firmware\EWARM/../Drivers/BSP/variant\
#        -I
#        D:\MKS-Robin-Nano-Firmware-v2.x.x\MKS-Robin-Nano-Firmware\EWARM/../Drivers/BSP/Components/at24cxx\
#        -I
#        D:\MKS-Robin-Nano-Firmware-v2.x.x\MKS-Robin-Nano-Firmware\EWARM/../Drivers/BSP/Components/w25qxx\
#        -I
#        D:\MKS-Robin-Nano-Firmware-v2.x.x\MKS-Robin-Nano-Firmware\EWARM/../Drivers/BSP/Components/lcd\
#        -I
#        D:\MKS-Robin-Nano-Firmware-v2.x.x\MKS-Robin-Nano-Firmware\EWARM/../Drivers/STM32F10x_StdPeriph_Driver/inc\
#        -I
#        D:\MKS-Robin-Nano-Firmware-v2.x.x\MKS-Robin-Nano-Firmware\EWARM/../Drivers/libstmf4/include\
#        -I
#        D:\MKS-Robin-Nano-Firmware-v2.x.x\MKS-Robin-Nano-Firmware\EWARM/../Middlewares/arduino/stm32/cores/arduino\
#        -I
#        D:\MKS-Robin-Nano-Firmware-v2.x.x\MKS-Robin-Nano-Firmware\EWARM/../User/ui\
#        -I
#        D:\MKS-Robin-Nano-Firmware-v2.x.x\MKS-Robin-Nano-Firmware\EWARM/../User/ui/Multi_language\
#        -I
#        D:\MKS-Robin-Nano-Firmware-v2.x.x\MKS-Robin-Nano-Firmware\EWARM/../User/ui/QRENCODE\
#        -I
#        D:\MKS-Robin-Nano-Firmware-v2.x.x\MKS-Robin-Nano-Firmware\EWARM\..\Middlewares\GUI\
#        -Oh --eec++ -I "C:\Program Files (x86)\IAR Systems\Embedded Workbench
#        7.0\arm\CMSIS\Include\"
#    List file    =  
#        D:\MKS-Robin-Nano-Firmware-v2.x.x\MKS-Robin-Nano-Firmware\EWARM\mksRobinNano/List\WMath.lst
#    Object file  =  
#        D:\MKS-Robin-Nano-Firmware-v2.x.x\MKS-Robin-Nano-Firmware\EWARM\mksRobinNano/Obj\WMath.o
#
###############################################################################

D:\MKS-Robin-Nano-Firmware-v2.x.x\MKS-Robin-Nano-Firmware\Middlewares\arduino\stm32\cores\arduino\WMath.cpp
      1          /*
      2            Copyright (c) 2011 Arduino.  All right reserved.
      3          
      4            This library is free software; you can redistribute it and/or
      5            modify it under the terms of the GNU Lesser General Public
      6            License as published by the Free Software Foundation; either
      7            version 2.1 of the License, or (at your option) any later version.
      8          
      9            This library is distributed in the hope that it will be useful,
     10            but WITHOUT ANY WARRANTY; without even the implied warranty of
     11            MERCHANTABILITY or FITNESS FOR A PARTICULAR PURPOSE. 
     12            See the GNU Lesser General Public License for more details.
     13          
     14            You should have received a copy of the GNU Lesser General Public
     15            License along with this library; if not, write to the Free Software
     16            Foundation, Inc., 51 Franklin St, Fifth Floor, Boston, MA  02110-1301  USA
     17          */
     18          
     19          extern "C" {
     20            #include "stdlib.h"
     21            #include "stdint.h"
     22          }
     23          #include "WMath.h"
     24          

   \                                 In section .text, align 2, keep-with-next
     25          extern void randomSeed( uint32_t dwSeed )
     26          {
     27            if ( dwSeed != 0 )
   \                     _Z10randomSeedj: (+1)
   \   00000000   0x2800             CMP      R0,#+0
   \   00000002   0xBF18             IT       NE 
     28            {
     29              srand( dwSeed ) ;
   \   00000004   0x.... 0x....      BNE.W    srand
     30            }
     31          }
   \   00000008   0x4770             BX       LR               ;; return
     32          

   \                                 In section .text, align 2, keep-with-next
     33          extern long random( long howbig )
     34          {
   \                     _Z6randoml: (+1)
   \   00000000   0xB510             PUSH     {R4,LR}
   \   00000002   0x0004             MOVS     R4,R0
     35            if ( howbig == 0 )
   \   00000004   0xD101             BNE.N    ??random_0
     36            {
     37              return 0 ;
   \   00000006   0x2000             MOVS     R0,#+0
   \   00000008   0xBD10             POP      {R4,PC}
     38            }
     39          
     40            return rand() % howbig;
   \                     ??random_0: (+1)
   \   0000000A   0x.... 0x....      BL       rand
   \   0000000E   0xFB90 0xF1F4      SDIV     R1,R0,R4
   \   00000012   0xFB04 0x0011      MLS      R0,R4,R1,R0
   \   00000016   0xBD10             POP      {R4,PC}          ;; return
     41          }
     42          

   \                                 In section .text, align 2, keep-with-next
     43          extern long random( long howsmall, long howbig )
     44          {
   \                     _Z6randomll: (+1)
   \   00000000   0xB538             PUSH     {R3-R5,LR}
   \   00000002   0x4604             MOV      R4,R0
     45            if (howsmall >= howbig)
   \   00000004   0x428C             CMP      R4,R1
   \   00000006   0xDA0A             BGE.N    ??random_1
     46            {
     47              return howsmall;
     48            }
     49          
     50            long diff = howbig - howsmall;
     51          
     52            return random(diff) + howsmall;
   \   00000008   0x1B0D             SUBS     R5,R1,R4
   \   0000000A   0xBF08             IT       EQ 
   \   0000000C   0x2000             MOVEQ    R0,#+0
   \   0000000E   0xD005             BEQ.N    ??random_2
   \   00000010   0x.... 0x....      BL       rand
   \   00000014   0xFB90 0xF1F5      SDIV     R1,R0,R5
   \   00000018   0xFB05 0x0011      MLS      R0,R5,R1,R0
   \                     ??random_2: (+1)
   \   0000001C   0x1820             ADDS     R0,R4,R0
   \                     ??random_1: (+1)
   \   0000001E   0xBD32             POP      {R1,R4,R5,PC}    ;; return
     53          }
     54          

   \                                 In section .text, align 2, keep-with-next
     55          extern long map(long x, long in_min, long in_max, long out_min, long out_max)
     56          {
   \                     _Z3maplllll: (+1)
   \   00000000   0xB081             SUB      SP,SP,#+4
     57            return (x - in_min) * (out_max - out_min) / (in_max - in_min) + out_min;
   \   00000002   0x1A40             SUBS     R0,R0,R1
   \   00000004   0xF8DD 0xC004      LDR      R12,[SP, #+4]
   \   00000008   0xEBAC 0x0C03      SUB      R12,R12,R3
   \   0000000C   0xFB0C 0xF000      MUL      R0,R12,R0
   \   00000010   0x1A51             SUBS     R1,R2,R1
   \   00000012   0xFB90 0xF0F1      SDIV     R0,R0,R1
   \   00000016   0x1818             ADDS     R0,R3,R0
   \   00000018   0xB001             ADD      SP,SP,#+4
   \   0000001A   0x4770             BX       LR               ;; return
     58          }
     59          

   \                                 In section .text, align 2, keep-with-next
     60          extern uint16_t makeWord( uint16_t w )
     61          {
     62            return w ;
   \                     _Z8makeWordt: (+1)
   \   00000000   0x4770             BX       LR               ;; return
     63          }
     64          

   \                                 In section .text, align 2, keep-with-next
     65          extern uint16_t makeWord( uint8_t h, uint8_t l )
     66          {
     67            return (h << 8) | l ;
   \                     _Z8makeWordhh: (+1)
   \   00000000   0xEA41 0x2000      ORR      R0,R1,R0, LSL #+8
   \   00000004   0x4770             BX       LR               ;; return
     68          }

   Maximum stack usage in bytes:

   .cstack Function
   ------- --------
       0   makeWord(uint16_t)
       0   makeWord(uint8_t, uint8_t)
       4   map(long, long, long, long, long)
       8   random(long)
         8   -> rand
      16   random(long, long)
        16   -> rand
       0   randomSeed(uint32_t)
         0   -> srand


   Section sizes:

   Bytes  Function/Label
   -----  --------------
       2  makeWord(uint16_t)
       6  makeWord(uint8_t, uint8_t)
      28  map(long, long, long, long, long)
      24  random(long)
      32  random(long, long)
      10  randomSeed(uint32_t)

 
 102 bytes in section .text
 
 102 bytes of CODE memory

Errors: none
Warnings: none
